Archive member included to satisfy reference by file (symbol)

c:/st/stm32cubeide_1.6.0/stm32cubeide/plugins/com.st.stm32cube.ide.mcu.externaltools.gnu-tools-for-stm32.9-2020-q2-update.win32_1.5.0.202011040924/tools/bin/../lib/gcc/arm-none-eabi/9.3.1/../../../../arm-none-eabi/lib/thumb/v7e-m+fp/hard\libstdc++_nano.a(del_op.o)
                              Core/Src/menu.o (operator delete(void*))
c:/st/stm32cubeide_1.6.0/stm32cubeide/plugins/com.st.stm32cube.ide.mcu.externaltools.gnu-tools-for-stm32.9-2020-q2-update.win32_1.5.0.202011040924/tools/bin/../lib/gcc/arm-none-eabi/9.3.1/../../../../arm-none-eabi/lib/thumb/v7e-m+fp/hard\libstdc++_nano.a(del_ops.o)
                              Core/Src/menu.o (operator delete(void*, unsigned int))
c:/st/stm32cubeide_1.6.0/stm32cubeide/plugins/com.st.stm32cube.ide.mcu.externaltools.gnu-tools-for-stm32.9-2020-q2-update.win32_1.5.0.202011040924/tools/bin/../lib/gcc/arm-none-eabi/9.3.1/../../../../arm-none-eabi/lib/thumb/v7e-m+fp/hard\libstdc++_nano.a(new_op.o)
                              Core/Src/menu.o (operator new(unsigned int))
c:/st/stm32cubeide_1.6.0/stm32cubeide/plugins/com.st.stm32cube.ide.mcu.externaltools.gnu-tools-for-stm32.9-2020-q2-update.win32_1.5.0.202011040924/tools/bin/../lib/gcc/arm-none-eabi/9.3.1/../../../../arm-none-eabi/lib/thumb/v7e-m+fp/hard\libstdc++_nano.a(functexcept.o)
                              Core/Src/menu.o (std::__throw_bad_alloc())
c:/st/stm32cubeide_1.6.0/stm32cubeide/plugins/com.st.stm32cube.ide.mcu.externaltools.gnu-tools-for-stm32.9-2020-q2-update.win32_1.5.0.202011040924/tools/bin/../lib/gcc/arm-none-eabi/9.3.1/../../../../arm-none-eabi/lib/thumb/v7e-m+fp/hard\libstdc++_nano.a(snprintf_lite.o)
                              c:/st/stm32cubeide_1.6.0/stm32cubeide/plugins/com.st.stm32cube.ide.mcu.externaltools.gnu-tools-for-stm32.9-2020-q2-update.win32_1.5.0.202011040924/tools/bin/../lib/gcc/arm-none-eabi/9.3.1/../../../../arm-none-eabi/lib/thumb/v7e-m+fp/hard\libstdc++_nano.a(functexcept.o) (__gnu_cxx::__snprintf_lite(char*, unsigned int, char const*, std::__va_list))
c:/st/stm32cubeide_1.6.0/stm32cubeide/plugins/com.st.stm32cube.ide.mcu.externaltools.gnu-tools-for-stm32.9-2020-q2-update.win32_1.5.0.202011040924/tools/bin/../lib/gcc/arm-none-eabi/9.3.1/../../../../arm-none-eabi/lib/thumb/v7e-m+fp/hard\libstdc++_nano.a(new_handler.o)
                              c:/st/stm32cubeide_1.6.0/stm32cubeide/plugins/com.st.stm32cube.ide.mcu.externaltools.gnu-tools-for-stm32.9-2020-q2-update.win32_1.5.0.202011040924/tools/bin/../lib/gcc/arm-none-eabi/9.3.1/../../../../arm-none-eabi/lib/thumb/v7e-m+fp/hard\libstdc++_nano.a(new_op.o) (std::get_new_handler())
c:/st/stm32cubeide_1.6.0/stm32cubeide/plugins/com.st.stm32cube.ide.mcu.externaltools.gnu-tools-for-stm32.9-2020-q2-update.win32_1.5.0.202011040924/tools/bin/../lib/gcc/arm-none-eabi/9.3.1/../../../../arm-none-eabi/lib/thumb/v7e-m+fp/hard\libc_nano.a(lib_a-abort.o)
                              c:/st/stm32cubeide_1.6.0/stm32cubeide/plugins/com.st.stm32cube.ide.mcu.externaltools.gnu-tools-for-stm32.9-2020-q2-update.win32_1.5.0.202011040924/tools/bin/../lib/gcc/arm-none-eabi/9.3.1/../../../../arm-none-eabi/lib/thumb/v7e-m+fp/hard\libstdc++_nano.a(new_op.o) (abort)
c:/st/stm32cubeide_1.6.0/stm32cubeide/plugins/com.st.stm32cube.ide.mcu.externaltools.gnu-tools-for-stm32.9-2020-q2-update.win32_1.5.0.202011040924/tools/bin/../lib/gcc/arm-none-eabi/9.3.1/../../../../arm-none-eabi/lib/thumb/v7e-m+fp/hard\libc_nano.a(lib_a-errno.o)
                              Core/Src/main.o (__errno)
c:/st/stm32cubeide_1.6.0/stm32cubeide/plugins/com.st.stm32cube.ide.mcu.externaltools.gnu-tools-for-stm32.9-2020-q2-update.win32_1.5.0.202011040924/tools/bin/../lib/gcc/arm-none-eabi/9.3.1/../../../../arm-none-eabi/lib/thumb/v7e-m+fp/hard\libc_nano.a(lib_a-exit.o)
                              c:/st/stm32cubeide_1.6.0/stm32cubeide/plugins/com.st.stm32cube.ide.mcu.externaltools.gnu-tools-for-stm32.9-2020-q2-update.win32_1.5.0.202011040924/tools/bin/../lib/gcc/arm-none-eabi/9.3.1/../../../../arm-none-eabi/lib/thumb/v7e-m+fp/hard/crt0.o (exit)
c:/st/stm32cubeide_1.6.0/stm32cubeide/plugins/com.st.stm32cube.ide.mcu.externaltools.gnu-tools-for-stm32.9-2020-q2-update.win32_1.5.0.202011040924/tools/bin/../lib/gcc/arm-none-eabi/9.3.1/../../../../arm-none-eabi/lib/thumb/v7e-m+fp/hard\libc_nano.a(lib_a-fflush.o)
                              Core/Src/menu.o (fflush)
c:/st/stm32cubeide_1.6.0/stm32cubeide/plugins/com.st.stm32cube.ide.mcu.externaltools.gnu-tools-for-stm32.9-2020-q2-update.win32_1.5.0.202011040924/tools/bin/../lib/gcc/arm-none-eabi/9.3.1/../../../../arm-none-eabi/lib/thumb/v7e-m+fp/hard\libc_nano.a(lib_a-findfp.o)
[...]
Memory Configuration

Name             Origin             Length             Attributes
CCMRAM           0x0000000010000000 0x0000000000004000 xrw
RAM              0x0000000020000000 0x0000000000010000 xrw
FLASH            0x0000000008000000 0x0000000000080000 xr
*default*        0x0000000000000000 0xffffffffffffffff

Linker script and memory map

LOAD c:/st/stm32cubeide_1.6.0/stm32cubeide/plugins/com.st.stm32cube.ide.mcu.externaltools.gnu-tools-for-stm32.9-2020-q2-update.win32_1.5.0.202011040924/tools/bin/../lib/gcc/arm-none-eabi/9.3.1/thumb/v7e-m+fp/hard/crti.o
LOAD c:/st/stm32cubeide_1.6.0/stm32cubeide/plugins/com.st.stm32cube.ide.mcu.externaltools.gnu-tools-for-stm32.9-2020-q2-update.win32_1.5.0.202011040924/tools/bin/../lib/gcc/arm-none-eabi/9.3.1/thumb/v7e-m+fp/hard/crtbegin.o
LOAD c:/st/stm32cubeide_1.6.0/stm32cubeide/plugins/com.st.stm32cube.ide.mcu.externaltools.gnu-tools-for-stm32.9-2020-q2-update.win32_1.5.0.202011040924/tools/bin/../lib/gcc/arm-none-eabi/9.3.1/../../../../arm-none-eabi/lib/thumb/v7e-m+fp/hard/crt0.o
LOAD Core/Src/gpio.o
LOAD Core/Src/main.o
LOAD Core/Src/menu.o
LOAD Core/Src/rtc.o
LOAD Core/Src/stm32f3xx_hal_msp.o
LOAD Core/Src/stm32f3xx_it.o
LOAD Core/Src/syscalls.o
LOAD Core/Src/sysmem.o
LOAD Core/Src/system_stm32f3xx.o
LOAD Core/Src/usart.o
LOAD Core/Startup/startup_stm32f303retx.o
LOAD Drivers/STM32F3xx_HAL_Driver/Src/stm32f3xx_hal.o
LOAD Drivers/STM32F3xx_HAL_Driver/Src/stm32f3xx_hal_cortex.o
LOAD Drivers/STM32F3xx_HAL_Driver/Src/stm32f3xx_hal_dma.o
LOAD Drivers/STM32F3xx_HAL_Driver/Src/stm32f3xx_hal_exti.o
LOAD Drivers/STM32F3xx_HAL_Driver/Src/stm32f3xx_hal_flash.o
LOAD Drivers/STM32F3xx_HAL_Driver/Src/stm32f3xx_hal_flash_ex.o
LOAD Drivers/STM32F3xx_HAL_Driver/Src/stm32f3xx_hal_gpio.o
LOAD Drivers/STM32F3xx_HAL_Driver/Src/stm32f3xx_hal_i2c.o
LOAD Drivers/STM32F3xx_HAL_Driver/Src/stm32f3xx_hal_i2c_ex.o
LOAD Drivers/STM32F3xx_HAL_Driver/Src/stm32f3xx_hal_pwr.o
LOAD Drivers/STM32F3xx_HAL_Driver/Src/stm32f3xx_hal_pwr_ex.o
LOAD Drivers/STM32F3xx_HAL_Driver/Src/stm32f3xx_hal_rcc.o
LOAD Drivers/STM32F3xx_HAL_Driver/Src/stm32f3xx_hal_rcc_ex.o
LOAD Drivers/STM32F3xx_HAL_Driver/Src/stm32f3xx_hal_rtc.o
LOAD Drivers/STM32F3xx_HAL_Driver/Src/stm32f3xx_hal_rtc_ex.o
LOAD Drivers/STM32F3xx_HAL_Driver/Src/stm32f3xx_hal_tim.o
LOAD Drivers/STM32F3xx_HAL_Driver/Src/stm32f3xx_hal_tim_ex.o
LOAD Drivers/STM32F3xx_HAL_Driver/Src/stm32f3xx_hal_uart.o
LOAD Drivers/STM32F3xx_HAL_Driver/Src/stm32f3xx_hal_uart_ex.o
START GROUP
LOAD c:/st/stm32cubeide_1.6.0/stm32cubeide/plugins/com.st.stm32cube.ide.mcu.externaltools.gnu-tools-for-stm32.9-2020-q2-update.win32_1.5.0.202011040924/tools/bin/../lib/gcc/arm-none-eabi/9.3.1/../../../../arm-none-eabi/lib/thumb/v7e-m+fp/hard\libstdc++_nano.a
LOAD c:/st/stm32cubeide_1.6.0/stm32cubeide/plugins/com.st.stm32cube.ide.mcu.externaltools.gnu-tools-for-stm32.9-2020-q2-update.win32_1.5.0.202011040924/tools/bin/../lib/gcc/arm-none-eabi/9.3.1/../../../../arm-none-eabi/lib/thumb/v7e-m+fp/hard\libsupc++_nano.a
END GROUP
LOAD c:/st/stm32cubeide_1.6.0/stm32cubeide/plugins/com.st.stm32cube.ide.mcu.externaltools.gnu-tools-for-stm32.9-2020-q2-update.win32_1.5.0.202011040924/tools/bin/../lib/gcc/arm-none-eabi/9.3.1/../../../../arm-none-eabi/lib/thumb/v7e-m+fp/hard\libstdc++_nano.a
LOAD c:/st/stm32cubeide_1.6.0/stm32cubeide/plugins/com.st.stm32cube.ide.mcu.externaltools.gnu-tools-for-stm32.9-2020-q2-update.win32_1.5.0.202011040924/tools/bin/../lib/gcc/arm-none-eabi/9.3.1/../../../../arm-none-eabi/lib/thumb/v7e-m+fp/hard\libm.a
LOAD c:/st/stm32cubeide_1.6.0/stm32cubeide/plugins/com.st.stm32cube.ide.mcu.externaltools.gnu-tools-for-stm32.9-2020-q2-update.win32_1.5.0.202011040924/tools/bin/../lib/gcc/arm-none-eabi/9.3.1/../../../../arm-none-eabi/lib/thumb/v7e-m+fp/hard\libc_nano.a
START GROUP
LOAD c:/st/stm32cubeide_1.6.0/stm32cubeide/plugins/com.st.stm32cube.ide.mcu.externaltools.gnu-tools-for-stm32.9-2020-q2-update.win32_1.5.0.202011040924/tools/bin/../lib/gcc/arm-none-eabi/9.3.1/thumb/v7e-m+fp/hard\libgcc.a
LOAD c:/st/stm32cubeide_1.6.0/stm32cubeide/plugins/com.st.stm32cube.ide.mcu.externaltools.gnu-tools-for-stm32.9-2020-q2-update.win32_1.5.0.202011040924/tools/bin/../lib/gcc/arm-none-eabi/9.3.1/../../../../arm-none-eabi/lib/thumb/v7e-m+fp/hard\libc_nano.a
END GROUP
START GROUP
LOAD c:/st/stm32cubeide_1.6.0/stm32cubeide/plugins/com.st.stm32cube.ide.mcu.externaltools.gnu-tools-for-stm32.9-2020-q2-update.win32_1.5.0.202011040924/tools/bin/../lib/gcc/arm-none-eabi/9.3.1/thumb/v7e-m+fp/hard\libgcc.a
LOAD c:/st/stm32cubeide_1.6.0/stm32cubeide/plugins/com.st.stm32cube.ide.mcu.externaltools.gnu-tools-for-stm32.9-2020-q2-update.win32_1.5.0.202011040924/tools/bin/../lib/gcc/arm-none-eabi/9.3.1/../../../../arm-none-eabi/lib/thumb/v7e-m+fp/hard\libc_nano.a
END GROUP
LOAD c:/st/stm32cubeide_1.6.0/stm32cubeide/plugins/com.st.stm32cube.ide.mcu.externaltools.gnu-tools-for-stm32.9-2020-q2-update.win32_1.5.0.202011040924/tools/bin/../lib/gcc/arm-none-eabi/9.3.1/thumb/v7e-m+fp/hard/crtend.o
LOAD c:/st/stm32cubeide_1.6.0/stm32cubeide/plugins/com.st.stm32cube.ide.mcu.externaltools.gnu-tools-for-stm32.9-2020-q2-update.win32_1.5.0.202011040924/tools/bin/../lib/gcc/arm-none-eabi/9.3.1/thumb/v7e-m+fp/hard/crtn.o
                0x0000000020010000                _estack = (ORIGIN (RAM) + LENGTH (RAM))
                0x0000000000000200                _Min_Heap_Size = 0x200
                0x0000000000000400                _Min_Stack_Size = 0x400

.isr_vector     0x0000000008000000      0x194
                0x0000000008000000                . = ALIGN (0x4)
 *(.isr_vector)
 .isr_vector    0x0000000008000000      0x194 Core/Startup/startup_stm32f303retx.o
                0x0000000008000000                g_pfnVectors
                0x0000000008000194                . = ALIGN (0x4)

.text           0x00000000080001a0     0x5e04
                0x00000000080001a0                . = ALIGN (0x4)
 *(.text)
 .text          0x00000000080001a0       0x40 c:/st/stm32cubeide_1.6.0/stm32cubeide/plugins/com.st.stm32cube.ide.mcu.externaltools.gnu-tools-for-stm32.9-2020-q2-update.win32_1.5.0.202011040924/tools/bin/../lib/gcc/arm-none-eabi/9.3.1/thumb/v7e-m+fp/hard/crtbegin.o
 .text          0x00000000080001e0       0x10 c:/st/stm32cubeide_1.6.0/stm32cubeide/plugins/com.st.stm32cube.ide.mcu.externaltools.gnu-tools-for-stm32.9-2020-q2-update.win32_1.5.0.202011040924/tools/bin/../lib/gcc/arm-none-eabi/9.3.1/../../../../arm-none-eabi/lib/thumb/v7e-m+fp/hard\libc_nano.a(lib_a-strlen.o)
                0x00000000080001e0                strlen
 .text          0x00000000080001f0       0xa0 c:/st/stm32cubeide_1.6.0/stm32cubeide/plugins/com.st.stm32cube.ide.mcu.externaltools.gnu-tools-for-stm32.9-2020-q2-update.win32_1.5.0.202011040924/tools/bin/../lib/gcc/arm-none-eabi/9.3.1/../../../../arm-none-eabi/lib/thumb/v7e-m+fp/hard\libc_nano.a(lib_a-memchr.o)
                0x00000000080001f0                memchr
 *(.text*)
 .text.MX_GPIO_Init
                0x0000000008000290      0x10c Core/Src/gpio.o
                0x0000000008000290                MX_GPIO_Init
 .text._ZN7CLIMenu8menuItemC2EcPcPFvcE
                0x000000000800039c       0x30 Core/Src/main.o
                0x000000000800039c                CLIMenu::menuItem::menuItem(char, char*, void (*)(char))
                0x000000000800039c                CLIMenu::menuItem::menuItem(char, char*, void (*)(char))
 .text._read    0x00000000080003cc       0x3c Core/Src/main.o
                0x00000000080003cc                _read
 .text._write   0x0000000008000408       0x54 Core/Src/main.o
                0x0000000008000408                _write
 .text._Z23disableAllWakeupSourcesv
                0x000000000800045c       0x34 Core/Src/main.o
                0x000000000800045c                disableAllWakeupSources()
 .text._Z12sleepHandlerc
                0x0000000008000490       0x58 Core/Src/main.o
                0x0000000008000490                sleepHandler(char)
 .text._Z11stopHandlerc
                0x00000000080004e8       0x5c Core/Src/main.o
                0x00000000080004e8                stopHandler(char)
 .text._Z14standbyHandlerc
                0x0000000008000544       0x44 Core/Src/main.o
                0x0000000008000544                standbyHandler(char)
 .text._Z19wakeupSourceHandlerc
                0x0000000008000588       0x58 Core/Src/main.o
                0x0000000008000588                wakeupSourceHandler(char)
 .text.main     0x00000000080005e0       0xa8 Core/Src/main.o
                0x00000000080005e0                main
 .text._Z18SystemClock_Configv
                0x0000000008000688       0xfc Core/Src/main.o
                0x0000000008000688                SystemClock_Config()
 .text.Error_Handler
                0x0000000008000784        0xa Core/Src/main.o
                0x0000000008000784                Error_Handler
 *fill*         0x000000000800078e        0x2 
 .text._Z41__static_initialization_and_destruction_0ii
                0x0000000008000790       0xf4 Core/Src/main.o
 .text._GLOBAL__sub_I_hrtc
                0x0000000008000884       0x10 Core/Src/main.o
 .text._GLOBAL__sub_D_hrtc
                0x0000000008000894       0x10 Core/Src/main.o
 .text._ZnwjPv  0x00000000080008a4       0x18 Core/Src/menu.o
                0x00000000080008a4                operator new(unsigned int, void*)
 .text._ZNSt12_Vector_baseIPN7CLIMenu8menuItemESaIS2_EE12_Vector_implD2Ev
                0x00000000080008bc       0x18 Core/Src/menu.o
                0x00000000080008bc                std::_Vector_base<CLIMenu::menuItem*, std::allocator<CLIMenu::menuItem*> >::_Vector_impl::~_Vector_impl()
                0x00000000080008bc                std::_Vector_base<CLIMenu::menuItem*, std::allocator<CLIMenu::menuItem*> >::_Vector_impl::~_Vector_impl()
 .text._ZNSt12_Vector_baseIPN7CLIMenu8menuItemESaIS2_EEC2Ev
                0x00000000080008d4       0x1a Core/Src/menu.o
                0x00000000080008d4                std::_Vector_base<CLIMenu::menuItem*, std::allocator<CLIMenu::menuItem*> >::_Vector_base()
                0x00000000080008d4                std::_Vector_base<CLIMenu::menuItem*, std::allocator<CLIMenu::menuItem*> >::_Vector_base()
 .text._ZNSt6vectorIPN7CLIMenu8menuItemESaIS2_EEC2Ev
                0x00000000080008ee       0x1a Core/Src/menu.o
                0x00000000080008ee                std::vector<CLIMenu::menuItem*, std::allocator<CLIMenu::menuItem*> >::vector()
                0x00000000080008ee                std::vector<CLIMenu::menuItem*, std::allocator<CLIMenu::menuItem*> >::vector()
 .text._ZN7CLIMenu4menuC2EPc
                0x0000000008000908       0x30 Core/Src/menu.o
                0x0000000008000908                CLIMenu::menu::menu(char*)
                0x0000000008000908                CLIMenu::menu::menu(char*)
 .text._ZN7CLIMenu4menuD2Ev
                0x0000000008000938       0x28 Core/Src/menu.o
                0x0000000008000938                CLIMenu::menu::~menu()
                0x0000000008000938                CLIMenu::menu::~menu()
 .text._ZN7CLIMenu4menuD0Ev
                0x0000000008000960       0x20 Core/Src/menu.o
                0x0000000008000960                CLIMenu::menu::~menu()
 .text._ZN7CLIMenu4menu7addItemEPNS_8menuItemE
                0x0000000008000980       0x20 Core/Src/menu.o
                0x0000000008000980                CLIMenu::menu::addItem(CLIMenu::menuItem*)
 .text._ZN7CLIMenu4menu3runEb
                0x00000000080009a0      0x14c Core/Src/menu.o
                0x00000000080009a0                CLIMenu::menu::run(bool)
 .text._ZNSt12_Vector_baseIPN7CLIMenu8menuItemESaIS2_EE12_Vector_implC2Ev
                0x0000000008000aec       0x20 Core/Src/menu.o
                0x0000000008000aec                std::_Vector_base<CLIMenu::menuItem*, std::allocator<CLIMenu::menuItem*> >::_Vector_impl::_Vector_impl()
                0x0000000008000aec                std::_Vector_base<CLIMenu::menuItem*, std::allocator<CLIMenu::menuItem*> >::_Vector_impl::_Vector_impl()
 .text._ZNSaIPN7CLIMenu8menuItemEED2Ev
                0x0000000008000b0c       0x18 Core/Src/menu.o
                0x0000000008000b0c                std::allocator<CLIMenu::menuItem*>::~allocator()
                0x0000000008000b0c                std::allocator<CLIMenu::menuItem*>::~allocator()
 .text._ZNSt12_Vector_baseIPN7CLIMenu8menuItemESaIS2_EED2Ev
                0x0000000008000b24       0x32 Core/Src/menu.o
                0x0000000008000b24                std::_Vector_base<CLIMenu::menuItem*, std::allocator<CLIMenu::menuItem*> >::~_Vector_base()
                0x0000000008000b24                std::_Vector_base<CLIMenu::menuItem*, std::allocator<CLIMenu::menuItem*> >::~_Vector_base()
 .text._ZNSt6vectorIPN7CLIMenu8menuItemESaIS2_EED2Ev
                0x0000000008000b56       0x36 Core/Src/menu.o
                0x0000000008000b56                std::vector<CLIMenu::menuItem*, std::allocator<CLIMenu::menuItem*> >::~vector()
                0x0000000008000b56                std::vector<CLIMenu::menuItem*, std::allocator<CLIMenu::menuItem*> >::~vector()
 .text._ZNSt6vectorIPN7CLIMenu8menuItemESaIS2_EE9push_backERKS2_
                0x0000000008000b8c       0x4a Core/Src/menu.o
                0x0000000008000b8c                std::vector<CLIMenu::menuItem*, std::allocator<CLIMenu::menuItem*> >::push_back(CLIMenu::menuItem* const&)
 .text._ZNKSt6vectorIPN7CLIMenu8menuItemESaIS2_EE4sizeEv
                0x0000000008000bd6       0x20 Core/Src/menu.o
                0x0000000008000bd6                std::vector<CLIMenu::menuItem*, std::allocator<CLIMenu::menuItem*> >::size() const
 .text._ZNSt6vectorIPN7CLIMenu8menuItemESaIS2_EE2atEj
                0x0000000008000bf6       0x24 Core/Src/menu.o
                0x0000000008000bf6                std::vector<CLIMenu::menuItem*, std::allocator<CLIMenu::menuItem*> >::at(unsigned int)
 .text._ZNSaIPN7CLIMenu8menuItemEEC2Ev
                0x0000000008000c1a       0x18 Core/Src/menu.o
                0x0000000008000c1a                std::allocator<CLIMenu::menuItem*>::allocator()
                0x0000000008000c1a                std::allocator<CLIMenu::menuItem*>::allocator()
 .text._ZNSt12_Vector_baseIPN7CLIMenu8menuItemESaIS2_EE17_Vector_impl_dataC2Ev
                0x0000000008000c32       0x28 Core/Src/menu.o
                0x0000000008000c32                std::_Vector_base<CLIMenu::menuItem*, std::allocator<CLIMenu::menuItem*> >::_Vector_impl_data::_Vector_impl_data()
                0x0000000008000c32                std::_Vector_base<CLIMenu::menuItem*, std::allocator<CLIMenu::menuItem*> >::_Vector_impl_data::_Vector_impl_data()
 .text._ZN9__gnu_cxx13new_allocatorIPN7CLIMenu8menuItemEED2Ev
                0x0000000008000c5a       0x16 Core/Src/menu.o
                0x0000000008000c5a                __gnu_cxx::new_allocator<CLIMenu::menuItem*>::~new_allocator()
                0x0000000008000c5a                __gnu_cxx::new_allocator<CLIMenu::menuItem*>::~new_allocator()
 .text._ZNSt12_Vector_baseIPN7CLIMenu8menuItemESaIS2_EE13_M_deallocateEPS2_j
                0x0000000008000c70       0x26 Core/Src/menu.o
                0x0000000008000c70                std::_Vector_base<CLIMenu::menuItem*, std::allocator<CLIMenu::menuItem*> >::_M_deallocate(CLIMenu::menuItem**, unsigned int)
 .text._ZNSt12_Vector_baseIPN7CLIMenu8menuItemESaIS2_EE19_M_get_Tp_allocatorEv
                0x0000000008000c96       0x16 Core/Src/menu.o
                0x0000000008000c96                std::_Vector_base<CLIMenu::menuItem*, std::allocator<CLIMenu::menuItem*> >::_M_get_Tp_allocator()
 .text._ZSt8_DestroyIPPN7CLIMenu8menuItemES2_EvT_S4_RSaIT0_E
                0x0000000008000cac       0x1c Core/Src/menu.o
                0x0000000008000cac                void std::_Destroy<CLIMenu::menuItem**, CLIMenu::menuItem*>(CLIMenu::menuItem**, CLIMenu::menuItem**, std::allocator<CLIMenu::menuItem*>&)
 .text._ZNSt16allocator_traitsISaIPN7CLIMenu8menuItemEEE9constructIS2_JRKS2_EEEvRS3_PT_DpOT0_
                0x0000000008000cc8       0x26 Core/Src/menu.o
                0x0000000008000cc8                void std::allocator_traits<std::allocator<CLIMenu::menuItem*> >::construct<CLIMenu::menuItem*, CLIMenu::menuItem* const&>(std::allocator<CLIMenu::menuItem*>&, CLIMenu::menuItem**, CLIMenu::menuItem* const&)
 .text._ZNSt6vectorIPN7CLIMenu8menuItemESaIS2_EE3endEv
                0x0000000008000cee       0x22 Core/Src/menu.o
                0x0000000008000cee                std::vector<CLIMenu::menuItem*, std::allocator<CLIMenu::menuItem*> >::end()
 .text._ZNSt6vectorIPN7CLIMenu8menuItemESaIS2_EE15_S_use_relocateEv
                0x0000000008000d10       0x16 Core/Src/menu.o
                0x0000000008000d10                std::vector<CLIMenu::menuItem*, std::allocator<CLIMenu::menuItem*> >::_S_use_relocate()
 .text._ZNSt6vectorIPN7CLIMenu8menuItemESaIS2_EE19_S_nothrow_relocateESt17integral_constantIbLb1EE
                0x0000000008000d26       0x16 Core/Src/menu.o
                0x0000000008000d26                std::vector<CLIMenu::menuItem*, std::allocator<CLIMenu::menuItem*> >::_S_nothrow_relocate(std::integral_constant<bool, true>)
 .text._ZNSt6vectorIPN7CLIMenu8menuItemESaIS2_EE17_M_realloc_insertIJRKS2_EEEvN9__gnu_cxx17__normal_iteratorIPS2_S4_EEDpOT_
                0x0000000008000d3c      0x178 Core/Src/menu.o
                0x0000000008000d3c                void std::vector<CLIMenu::menuItem*, std::allocator<CLIMenu::menuItem*> >::_M_realloc_insert<CLIMenu::menuItem* const&>(__gnu_cxx::__normal_iterator<CLIMenu::menuItem**, std::vector<CLIMenu::menuItem*, std::allocator<CLIMenu::menuItem*> > >, CLIMenu::menuItem* const&)
 .text._ZNKSt6vectorIPN7CLIMenu8menuItemESaIS2_EE14_M_range_checkEj
                0x0000000008000eb4       0x40 Core/Src/menu.o
                0x0000000008000eb4                std::vector<CLIMenu::menuItem*, std::allocator<CLIMenu::menuItem*> >::_M_range_check(unsigned int) const
 .text._ZNSt6vectorIPN7CLIMenu8menuItemESaIS2_EEixEj
                0x0000000008000ef4       0x20 Core/Src/menu.o
                0x0000000008000ef4                std::vector<CLIMenu::menuItem*, std::allocator<CLIMenu::menuItem*> >::operator[](unsigned int)
 .text._ZN9__gnu_cxx13new_allocatorIPN7CLIMenu8menuItemEEC2Ev
                0x0000000008000f14       0x16 Core/Src/menu.o
                0x0000000008000f14                __gnu_cxx::new_allocator<CLIMenu::menuItem*>::new_allocator()
                0x0000000008000f14                __gnu_cxx::new_allocator<CLIMenu::menuItem*>::new_allocator()
 .text._ZNSt16allocator_traitsISaIPN7CLIMenu8menuItemEEE10deallocateERS3_PS2_j
                0x0000000008000f2a       0x1e Core/Src/menu.o
                0x0000000008000f2a                std::allocator_traits<std::allocator<CLIMenu::menuItem*> >::deallocate(std::allocator<CLIMenu::menuItem*>&, CLIMenu::menuItem**, unsigned int)
 .text._ZSt8_DestroyIPPN7CLIMenu8menuItemEEvT_S4_
                0x0000000008000f48       0x1a Core/Src/menu.o
                0x0000000008000f48                void std::_Destroy<CLIMenu::menuItem**>(CLIMenu::menuItem**, CLIMenu::menuItem**)
 .text._ZSt7forwardIRKPN7CLIMenu8menuItemEEOT_RNSt16remove_referenceIS5_E4typeE
                0x0000000008000f62       0x16 Core/Src/menu.o
                0x0000000008000f62                CLIMenu::menuItem* const& std::forward<CLIMenu::menuItem* const&>(std::remove_reference<CLIMenu::menuItem* const&>::type&)
 .text._ZN9__gnu_cxx13new_allocatorIPN7CLIMenu8menuItemEE9constructIS3_JRKS3_EEEvPT_DpOT0_
                0x0000000008000f78       0x2c Core/Src/menu.o
                0x0000000008000f78                void __gnu_cxx::new_allocator<CLIMenu::menuItem*>::construct<CLIMenu::menuItem*, CLIMenu::menuItem* const&>(CLIMenu::menuItem**, CLIMenu::menuItem* const&)
 .text._ZN9__gnu_cxx17__normal_iteratorIPPN7CLIMenu8menuItemESt6vectorIS3_SaIS3_EEEC2ERKS4_
                0x0000000008000fa4       0x20 Core/Src/menu.o
                0x0000000008000fa4                __gnu_cxx::__normal_iterator<CLIMenu::menuItem**, std::vector<CLIMenu::menuItem*, std::allocator<CLIMenu::menuItem*> > >::__normal_iterator(CLIMenu::menuItem** const&)
                0x0000000008000fa4                __gnu_cxx::__normal_iterator<CLIMenu::menuItem**, std::vector<CLIMenu::menuItem*, std::allocator<CLIMenu::menuItem*> > >::__normal_iterator(CLIMenu::menuItem** const&)
 .text._ZNKSt6vectorIPN7CLIMenu8menuItemESaIS2_EE12_M_check_lenEjPKc
                0x0000000008000fc4       0x8e Core/Src/menu.o
                0x0000000008000fc4                std::vector<CLIMenu::menuItem*, std::allocator<CLIMenu::menuItem*> >::_M_check_len(unsigned int, char const*) const
 .text._ZNSt6vectorIPN7CLIMenu8menuItemESaIS2_EE5beginEv
                0x0000000008001052       0x20 Core/Src/menu.o
                0x0000000008001052                std::vector<CLIMenu::menuItem*, std::allocator<CLIMenu::menuItem*> >::begin()
 .text._ZN9__gnu_cxxmiIPPN7CLIMenu8menuItemESt6vectorIS3_SaIS3_EEEENS_17__normal_iteratorIT_T0_E15difference_typeERKSB_SE_
                0x0000000008001072       0x2a Core/Src/menu.o
                0x0000000008001072                __gnu_cxx::__normal_iterator<CLIMenu::menuItem**, std::vector<CLIMenu::menuItem*, std::allocator<CLIMenu::menuItem*> > >::difference_type __gnu_cxx::operator-<CLIMenu::menuItem**, std::vector<CLIMenu::menuItem*, std::allocator<CLIMenu::menuItem*> > >(__gnu_cxx::__normal_iterator<CLIMenu::menuItem**, std::vector<CLIMenu::menuItem*, std::allocator<CLIMenu::menuItem*> > > const&, __gnu_cxx::__normal_iterator<CLIMenu::menuItem**, std::vector<CLIMenu::menuItem*, std::allocator<CLIMenu::menuItem*> > > const&)
 .text._ZNSt12_Vector_baseIPN7CLIMenu8menuItemESaIS2_EE11_M_allocateEj
                0x000000000800109c       0x28 Core/Src/menu.o
                0x000000000800109c                std::_Vector_base<CLIMenu::menuItem*, std::allocator<CLIMenu::menuItem*> >::_M_allocate(unsigned int)
 .text._ZNSt6vectorIPN7CLIMenu8menuItemESaIS2_EE11_S_relocateEPS2_S5_S5_RS3_
                0x00000000080010c4       0x28 Core/Src/menu.o
                0x00000000080010c4                std::vector<CLIMenu::menuItem*, std::allocator<CLIMenu::menuItem*> >::_S_relocate(CLIMenu::menuItem**, CLIMenu::menuItem**, CLIMenu::menuItem**, std::allocator<CLIMenu::menuItem*>&)
 .text._ZNK9__gnu_cxx17__normal_iteratorIPPN7CLIMenu8menuItemESt6vectorIS3_SaIS3_EEE4baseEv
                0x00000000080010ec       0x16 Core/Src/menu.o
                0x00000000080010ec                __gnu_cxx::__normal_iterator<CLIMenu::menuItem**, std::vector<CLIMenu::menuItem*, std::allocator<CLIMenu::menuItem*> > >::base() const
 .text._ZSt34__uninitialized_move_if_noexcept_aIPPN7CLIMenu8menuItemES3_SaIS2_EET0_T_S6_S5_RT1_
                0x0000000008001102       0x32 Core/Src/menu.o
                0x0000000008001102                CLIMenu::menuItem** std::__uninitialized_move_if_noexcept_a<CLIMenu::menuItem**, CLIMenu::menuItem**, std::allocator<CLIMenu::menuItem*> >(CLIMenu::menuItem**, CLIMenu::menuItem**, CLIMenu::menuItem**, std::allocator<CLIMenu::menuItem*>&)
 .text._ZN9__gnu_cxx13new_allocatorIPN7CLIMenu8menuItemEE10deallocateEPS3_j
                0x0000000008001134       0x1a Core/Src/menu.o
                0x0000000008001134                __gnu_cxx::new_allocator<CLIMenu::menuItem*>::deallocate(CLIMenu::menuItem**, unsigned int)
 .text._ZNSt12_Destroy_auxILb1EE9__destroyIPPN7CLIMenu8menuItemEEEvT_S6_
                0x000000000800114e       0x16 Core/Src/menu.o
                0x000000000800114e                void std::_Destroy_aux<true>::__destroy<CLIMenu::menuItem**>(CLIMenu::menuItem**, CLIMenu::menuItem**)
 .text._ZNKSt6vectorIPN7CLIMenu8menuItemESaIS2_EE8max_sizeEv
                0x0000000008001164       0x22 Core/Src/menu.o
                0x0000000008001164                std::vector<CLIMenu::menuItem*, std::allocator<CLIMenu::menuItem*> >::max_size() const
 .text._ZSt3maxIjERKT_S2_S2_
                0x0000000008001186       0x28 Core/Src/menu.o
                0x0000000008001186                unsigned int const& std::max<unsigned int>(unsigned int const&, unsigned int const&)
 .text._ZNSt16allocator_traitsISaIPN7CLIMenu8menuItemEEE8allocateERS3_j
                0x00000000080011ae       0x1e Core/Src/menu.o
                0x00000000080011ae                std::allocator_traits<std::allocator<CLIMenu::menuItem*> >::allocate(std::allocator<CLIMenu::menuItem*>&, unsigned int)
 .text._ZNSt6vectorIPN7CLIMenu8menuItemESaIS2_EE14_S_do_relocateEPS2_S5_S5_RS3_St17integral_constantIbLb1EE
                0x00000000080011cc       0x24 Core/Src/menu.o
                0x00000000080011cc                std::vector<CLIMenu::menuItem*, std::allocator<CLIMenu::menuItem*> >::_S_do_relocate(CLIMenu::menuItem**, CLIMenu::menuItem**, CLIMenu::menuItem**, std::allocator<CLIMenu::menuItem*>&, std::integral_constant<bool, true>)
 .text._ZSt32__make_move_if_noexcept_iteratorIPN7CLIMenu8menuItemESt13move_iteratorIPS2_EET0_PT_
                0x00000000080011f0       0x1e Core/Src/menu.o
                0x00000000080011f0                std::move_iterator<CLIMenu::menuItem**> std::__make_move_if_noexcept_iterator<CLIMenu::menuItem*, std::move_iterator<CLIMenu::menuItem**> >(CLIMenu::menuItem**)
 .text._ZSt22__uninitialized_copy_aISt13move_iteratorIPPN7CLIMenu8menuItemEES4_S3_ET0_T_S7_S6_RSaIT1_E
                0x000000000800120e       0x22 Core/Src/menu.o
                0x000000000800120e                CLIMenu::menuItem** std::__uninitialized_copy_a<std::move_iterator<CLIMenu::menuItem**>, CLIMenu::menuItem**, CLIMenu::menuItem*>(std::move_iterator<CLIMenu::menuItem**>, std::move_iterator<CLIMenu::menuItem**>, CLIMenu::menuItem**, std::allocator<CLIMenu::menuItem*>&)
 .text._ZNSt6vectorIPN7CLIMenu8menuItemESaIS2_EE11_S_max_sizeERKS3_
                0x0000000008001230       0x34 Core/Src/menu.o
                0x0000000008001230                std::vector<CLIMenu::menuItem*, std::allocator<CLIMenu::menuItem*> >::_S_max_size(std::allocator<CLIMenu::menuItem*> const&)
 .text._ZNKSt12_Vector_baseIPN7CLIMenu8menuItemESaIS2_EE19_M_get_Tp_allocatorEv
                0x0000000008001264       0x16 Core/Src/menu.o
                0x0000000008001264                std::_Vector_base<CLIMenu::menuItem*, std::allocator<CLIMenu::menuItem*> >::_M_get_Tp_allocator() const
 .text._ZN9__gnu_cxx13new_allocatorIPN7CLIMenu8menuItemEE8allocateEjPKv
                0x000000000800127a       0x3c Core/Src/menu.o
                0x000000000800127a                __gnu_cxx::new_allocator<CLIMenu::menuItem*>::allocate(unsigned int, void const*)
 .text._ZSt12__relocate_aIPPN7CLIMenu8menuItemES3_SaIS2_EET0_T_S6_S5_RT1_
                0x00000000080012b6       0x3a Core/Src/menu.o
                0x00000000080012b6                CLIMenu::menuItem** std::__relocate_a<CLIMenu::menuItem**, CLIMenu::menuItem**, std::allocator<CLIMenu::menuItem*> >(CLIMenu::menuItem**, CLIMenu::menuItem**, CLIMenu::menuItem**, std::allocator<CLIMenu::menuItem*>&)
 .text._ZNSt13move_iteratorIPPN7CLIMenu8menuItemEEC2ES3_
                0x00000000080012f0       0x1e Core/Src/menu.o
                0x00000000080012f0                std::move_iterator<CLIMenu::menuItem**>::move_iterator(CLIMenu::menuItem**)
                0x00000000080012f0                std::move_iterator<CLIMenu::menuItem**>::move_iterator(CLIMenu::menuItem**)
 .text._ZSt18uninitialized_copyISt13move_iteratorIPPN7CLIMenu8menuItemEES4_ET0_T_S7_S6_
                0x000000000800130e       0x24 Core/Src/menu.o
                0x000000000800130e                CLIMenu::menuItem** std::uninitialized_copy<std::move_iterator<CLIMenu::menuItem**>, CLIMenu::menuItem**>(std::move_iterator<CLIMenu::menuItem**>, std::move_iterator<CLIMenu::menuItem**>, CLIMenu::menuItem**)
 .text._ZNSt16allocator_traitsISaIPN7CLIMenu8menuItemEEE8max_sizeERKS3_
                0x0000000008001332       0x18 Core/Src/menu.o
                0x0000000008001332                std::allocator_traits<std::allocator<CLIMenu::menuItem*> >::max_size(std::allocator<CLIMenu::menuItem*> const&)
 .text._ZSt3minIjERKT_S2_S2_
                0x000000000800134a       0x28 Core/Src/menu.o
                0x000000000800134a                unsigned int const& std::min<unsigned int>(unsigned int const&, unsigned int const&)
 .text._ZNK9__gnu_cxx13new_allocatorIPN7CLIMenu8menuItemEE8max_sizeEv
                0x0000000008001372       0x18 Core/Src/menu.o
                0x0000000008001372                __gnu_cxx::new_allocator<CLIMenu::menuItem*>::max_size() const
 .text._ZSt12__niter_baseIPPN7CLIMenu8menuItemEET_S4_
                0x000000000800138a       0x16 Core/Src/menu.o
                0x000000000800138a                CLIMenu::menuItem** std::__niter_base<CLIMenu::menuItem**>(CLIMenu::menuItem**)
 .text._ZSt14__relocate_a_1IPN7CLIMenu8menuItemES2_ENSt9enable_ifIXsrSt24__is_bitwise_relocatableIT_vE5valueEPS5_E4typeES7_S7_S7_RSaIT0_E
                0x00000000080013a0       0x3c Core/Src/menu.o
                0x00000000080013a0                std::enable_if<std::__is_bitwise_relocatable<CLIMenu::menuItem*, void>::value, CLIMenu::menuItem**>::type std::__relocate_a_1<CLIMenu::menuItem*, CLIMenu::menuItem*>(CLIMenu::menuItem**, CLIMenu::menuItem**, CLIMenu::menuItem**, std::allocator<CLIMenu::menuItem*>&)
 .text._ZNSt20__uninitialized_copyILb1EE13__uninit_copyISt13move_iteratorIPPN7CLIMenu8menuItemEES6_EET0_T_S9_S8_
                0x00000000080013dc       0x20 Core/Src/menu.o
                0x00000000080013dc                CLIMenu::menuItem** std::__uninitialized_copy<true>::__uninit_copy<std::move_iterator<CLIMenu::menuItem**>, CLIMenu::menuItem**>(std::move_iterator<CLIMenu::menuItem**>, std::move_iterator<CLIMenu::menuItem**>, CLIMenu::menuItem**)
 .text._ZSt4copyISt13move_iteratorIPPN7CLIMenu8menuItemEES4_ET0_T_S7_S6_
                0x00000000080013fc       0x30 Core/Src/menu.o
                0x00000000080013fc                CLIMenu::menuItem** std::copy<std::move_iterator<CLIMenu::menuItem**>, CLIMenu::menuItem**>(std::move_iterator<CLIMenu::menuItem**>, std::move_iterator<CLIMenu::menuItem**>, CLIMenu::menuItem**)
 .text._ZSt12__miter_baseIPPN7CLIMenu8menuItemEEDTcl12__miter_basecldtfp_4baseEEESt13move_iteratorIT_E
                0x000000000800142c       0x22 Core/Src/menu.o
                0x000000000800142c                decltype (__miter_base(({parm#1}.base)())) std::__miter_base<CLIMenu::menuItem**>(std::move_iterator<CLIMenu::menuItem**>)
 .text._ZSt14__copy_move_a2ILb1EPPN7CLIMenu8menuItemES3_ET1_T0_S5_S4_
                0x000000000800144e       0x46 Core/Src/menu.o
                0x000000000800144e                CLIMenu::menuItem** std::__copy_move_a2<true, CLIMenu::menuItem**, CLIMenu::menuItem**>(CLIMenu::menuItem**, CLIMenu::menuItem**, CLIMenu::menuItem**)
 .text._ZNKSt13move_iteratorIPPN7CLIMenu8menuItemEE4baseEv
                0x0000000008001494       0x18 Core/Src/menu.o
                0x0000000008001494                std::move_iterator<CLIMenu::menuItem**>::base() const
 .text._ZSt12__miter_baseIPPN7CLIMenu8menuItemEET_S4_
                0x00000000080014ac       0x16 Core/Src/menu.o
                0x00000000080014ac                CLIMenu::menuItem** std::__miter_base<CLIMenu::menuItem**>(CLIMenu::menuItem**)
 .text._ZSt13__copy_move_aILb1EPPN7CLIMenu8menuItemES3_ET1_T0_S5_S4_
                0x00000000080014c2       0x24 Core/Src/menu.o
                0x00000000080014c2                CLIMenu::menuItem** std::__copy_move_a<true, CLIMenu::menuItem**, CLIMenu::menuItem**>(CLIMenu::menuItem**, CLIMenu::menuItem**, CLIMenu::menuItem**)
 .text._ZSt12__niter_wrapIPPN7CLIMenu8menuItemEET_RKS4_S4_
                0x00000000080014e6       0x18 Core/Src/menu.o
                0x00000000080014e6                CLIMenu::menuItem** std::__niter_wrap<CLIMenu::menuItem**>(CLIMenu::menuItem** const&, CLIMenu::menuItem**)
 .text._ZNSt11__copy_moveILb1ELb1ESt26random_access_iterator_tagE8__copy_mIPN7CLIMenu8menuItemEEEPT_PKS6_S9_S7_
                0x00000000080014fe       0x3a Core/Src/menu.o
                0x00000000080014fe                CLIMenu::menuItem** std::__copy_move<true, true, std::random_access_iterator_tag>::__copy_m<CLIMenu::menuItem*>(CLIMenu::menuItem* const*, CLIMenu::menuItem* const*, CLIMenu::menuItem**)
 .text.MX_RTC_Init
                0x0000000008001538       0x60 Core/Src/rtc.o
                0x0000000008001538                MX_RTC_Init
 .text.HAL_RTC_MspInit
                0x0000000008001598       0x58 Core/Src/rtc.o
                0x0000000008001598                HAL_RTC_MspInit
 .text.HAL_MspInit
                0x00000000080015f0       0x48 Core/Src/stm32f3xx_hal_msp.o
                0x00000000080015f0                HAL_MspInit
 .text.NMI_Handler
                0x0000000008001638        0x6 Core/Src/stm32f3xx_it.o
                0x0000000008001638                NMI_Handler
 .text.HardFault_Handler
                0x000000000800163e        0x6 Core/Src/stm32f3xx_it.o
                0x000000000800163e                HardFault_Handler
 .text.MemManage_Handler
                0x0000000008001644        0x6 Core/Src/stm32f3xx_it.o
                0x0000000008001644                MemManage_Handler
 .text.BusFault_Handler
                0x000000000800164a        0x6 Core/Src/stm32f3xx_it.o
                0x000000000800164a                BusFault_Handler
 .text.UsageFault_Handler
                0x0000000008001650        0x6 Core/Src/stm32f3xx_it.o
                0x0000000008001650                UsageFault_Handler
 .text.SVC_Handler
                0x0000000008001656        0xe Core/Src/stm32f3xx_it.o
                0x0000000008001656                SVC_Handler
 .text.DebugMon_Handler
                0x0000000008001664        0xe Core/Src/stm32f3xx_it.o
                0x0000000008001664                DebugMon_Handler
 .text.PendSV_Handler
                0x0000000008001672        0xe Core/Src/stm32f3xx_it.o
                0x0000000008001672                PendSV_Handler
 .text.SysTick_Handler
                0x0000000008001680        0xc Core/Src/stm32f3xx_it.o
                0x0000000008001680                SysTick_Handler
 .text.RTC_WKUP_IRQHandler
                0x000000000800168c       0x1c Core/Src/stm32f3xx_it.o
                0x000000000800168c                RTC_WKUP_IRQHandler
 .text.EXTI0_IRQHandler
                0x00000000080016a8       0x12 Core/Src/stm32f3xx_it.o
                0x00000000080016a8                EXTI0_IRQHandler
 *fill*         0x00000000080016ba        0x2 
 .text.USART2_IRQHandler
                0x00000000080016bc       0x14 Core/Src/stm32f3xx_it.o
                0x00000000080016bc                USART2_IRQHandler
 .text.EXTI15_10_IRQHandler
                0x00000000080016d0       0x14 Core/Src/stm32f3xx_it.o
                0x00000000080016d0                EXTI15_10_IRQHandler
 .text._getpid  0x00000000080016e4       0x10 Core/Src/syscalls.o
                0x00000000080016e4                _getpid
 .text._kill    0x00000000080016f4       0x20 Core/Src/syscalls.o
                0x00000000080016f4                _kill
 .text._exit    0x0000000008001714       0x14 Core/Src/syscalls.o
                0x0000000008001714                _exit
 .text._close   0x0000000008001728       0x18 Core/Src/syscalls.o
                0x0000000008001728                _close
 .text._fstat   0x0000000008001740       0x20 Core/Src/syscalls.o
                0x0000000008001740                _fstat
 .text._isatty  0x0000000008001760       0x16 Core/Src/syscalls.o
                0x0000000008001760                _isatty
 .text._lseek   0x0000000008001776       0x1a Core/Src/syscalls.o
                0x0000000008001776                _lseek
 .text._sbrk    0x0000000008001790       0x6c Core/Src/sysmem.o
                0x0000000008001790                _sbrk
 .text.SystemInit
                0x00000000080017fc       0x24 Core/Src/system_stm32f3xx.o
                0x00000000080017fc                SystemInit
 .text.MX_USART2_UART_Init
                0x0000000008001820       0x60 Core/Src/usart.o
                0x0000000008001820                MX_USART2_UART_Init
 .text.HAL_UART_MspInit
                0x0000000008001880       0x94 Core/Src/usart.o
                0x0000000008001880                HAL_UART_MspInit
 .text.Reset_Handler
                0x0000000008001914       0x50 Core/Startup/startup_stm32f303retx.o
                0x0000000008001914                Reset_Handler
 .text.Default_Handler
                0x0000000008001964        0x2 Core/Startup/startup_stm32f303retx.o
                0x0000000008001964                RTC_Alarm_IRQHandler
                0x0000000008001964                TIM8_TRG_COM_IRQHandler
                0x0000000008001964                TIM8_CC_IRQHandler
                0x0000000008001964                SPI4_IRQHandler
                0x0000000008001964                TIM1_CC_IRQHandler
                0x0000000008001964                USB_HP_IRQHandler
                0x0000000008001964                PVD_IRQHandler
                0x0000000008001964                TAMP_STAMP_IRQHandler
                0x0000000008001964                EXTI3_IRQHandler
                0x0000000008001964                I2C3_ER_IRQHandler
                0x0000000008001964                USB_HP_CAN_TX_IRQHandler
                0x0000000008001964                I2C2_EV_IRQHandler
                0x0000000008001964                FPU_IRQHandler
                0x0000000008001964                TIM1_UP_TIM16_IRQHandler
                0x0000000008001964                ADC1_2_IRQHandler
                0x0000000008001964                SPI1_IRQHandler
                0x0000000008001964                CAN_SCE_IRQHandler
                0x0000000008001964                TIM6_DAC_IRQHandler
                0x0000000008001964                TIM8_UP_IRQHandler
                0x0000000008001964                DMA2_Channel2_IRQHandler
                0x0000000008001964                DMA1_Channel4_IRQHandler
                0x0000000008001964                TIM20_TRG_COM_IRQHandler
                0x0000000008001964                USART3_IRQHandler
                0x0000000008001964                DMA1_Channel7_IRQHandler
                0x0000000008001964                UART5_IRQHandler
                0x0000000008001964                ADC3_IRQHandler
                0x0000000008001964                TIM4_IRQHandler
                0x0000000008001964                CAN_RX1_IRQHandler
                0x0000000008001964                DMA2_Channel1_IRQHandler
                0x0000000008001964                I2C1_EV_IRQHandler
                0x0000000008001964                DMA1_Channel6_IRQHandler
                0x0000000008001964                UART4_IRQHandler
                0x0000000008001964                DMA2_Channel4_IRQHandler
                0x0000000008001964                TIM3_IRQHandler
                0x0000000008001964                RCC_IRQHandler
                0x0000000008001964                TIM20_UP_IRQHandler
                0x0000000008001964                DMA1_Channel1_IRQHandler
                0x0000000008001964                Default_Handler
                0x0000000008001964                USBWakeUp_RMP_IRQHandler
                0x0000000008001964                TIM7_IRQHandler
                0x0000000008001964                I2C3_EV_IRQHandler
                0x0000000008001964                EXTI9_5_IRQHandler
                0x0000000008001964                SPI2_IRQHandler
                0x0000000008001964                USB_LP_CAN_RX0_IRQHandler
                0x0000000008001964                DMA2_Channel5_IRQHandler
                0x0000000008001964                DMA1_Channel5_IRQHandler
                0x0000000008001964                USB_LP_IRQHandler
                0x0000000008001964                EXTI4_IRQHandler
                0x0000000008001964                TIM1_TRG_COM_TIM17_IRQHandler
                0x0000000008001964                DMA1_Channel3_IRQHandler
                0x0000000008001964                ADC4_IRQHandler
                0x0000000008001964                WWDG_IRQHandler
                0x0000000008001964                TIM2_IRQHandler
                0x0000000008001964                COMP7_IRQHandler
                0x0000000008001964                COMP1_2_3_IRQHandler
                0x0000000008001964                EXTI1_IRQHandler
                0x0000000008001964                COMP4_5_6_IRQHandler
                0x0000000008001964                TIM20_BRK_IRQHandler
                0x0000000008001964                I2C2_ER_IRQHandler
                0x0000000008001964                DMA1_Channel2_IRQHandler
                0x0000000008001964                TIM8_BRK_IRQHandler
                0x0000000008001964                FLASH_IRQHandler
                0x0000000008001964                TIM20_CC_IRQHandler
                0x0000000008001964                USART1_IRQHandler
                0x0000000008001964                SPI3_IRQHandler
                0x0000000008001964                I2C1_ER_IRQHandler
                0x0000000008001964                FMC_IRQHandler
                0x0000000008001964                USBWakeUp_IRQHandler
                0x0000000008001964                DMA2_Channel3_IRQHandler
                0x0000000008001964                EXTI2_TSC_IRQHandler
                0x0000000008001964                TIM1_BRK_TIM15_IRQHandler
 *fill*         0x0000000008001966        0x2 
 .text.HAL_Init
                0x0000000008001968       0x2c Drivers/STM32F3xx_HAL_Driver/Src/stm32f3xx_hal.o
                0x0000000008001968                HAL_Init
 .text.HAL_InitTick
                0x0000000008001994       0x60 Drivers/STM32F3xx_HAL_Driver/Src/stm32f3xx_hal.o
                0x0000000008001994                HAL_InitTick
 .text.HAL_IncTick
                0x00000000080019f4       0x28 Drivers/STM32F3xx_HAL_Driver/Src/stm32f3xx_hal.o
                0x00000000080019f4                HAL_IncTick
 .text.HAL_GetTick
                0x0000000008001a1c       0x18 Drivers/STM32F3xx_HAL_Driver/Src/stm32f3xx_hal.o
                0x0000000008001a1c                HAL_GetTick
 .text.HAL_Delay
                0x0000000008001a34       0x48 Drivers/STM32F3xx_HAL_Driver/Src/stm32f3xx_hal.o
                0x0000000008001a34                HAL_Delay
 .text.HAL_SuspendTick
                0x0000000008001a7c       0x20 Drivers/STM32F3xx_HAL_Driver/Src/stm32f3xx_hal.o
                0x0000000008001a7c                HAL_SuspendTick
 .text.HAL_ResumeTick
                0x0000000008001a9c       0x20 Drivers/STM32F3xx_HAL_Driver/Src/stm32f3xx_hal.o
                0x0000000008001a9c                HAL_ResumeTick
 .text.__NVIC_SetPriorityGrouping
                0x0000000008001abc       0x48 Drivers/STM32F3xx_HAL_Driver/Src/stm32f3xx_hal_cortex.o
 .text.__NVIC_GetPriorityGrouping
                0x0000000008001b04       0x1c Drivers/STM32F3xx_HAL_Driver/Src/stm32f3xx_hal_cortex.o
 .text.__NVIC_EnableIRQ
                0x0000000008001b20       0x3c Drivers/STM32F3xx_HAL_Driver/Src/stm32f3xx_hal_cortex.o
 .text.__NVIC_DisableIRQ
                0x0000000008001b5c       0x48 Drivers/STM32F3xx_HAL_Driver/Src/stm32f3xx_hal_cortex.o
 .text.__NVIC_SetPriority
                0x0000000008001ba4       0x54 Drivers/STM32F3xx_HAL_Driver/Src/stm32f3xx_hal_cortex.o
 .text.NVIC_EncodePriority
                0x0000000008001bf8       0x66 Drivers/STM32F3xx_HAL_Driver/Src/stm32f3xx_hal_cortex.o
 *fill*         0x0000000008001c5e        0x2 
 .text.SysTick_Config
                0x0000000008001c60       0x44 Drivers/STM32F3xx_HAL_Driver/Src/stm32f3xx_hal_cortex.o
 .text.HAL_NVIC_SetPriorityGrouping
                0x0000000008001ca4       0x16 Drivers/STM32F3xx_HAL_Driver/Src/stm32f3xx_hal_cortex.o
                0x0000000008001ca4                HAL_NVIC_SetPriorityGrouping
 .text.HAL_NVIC_SetPriority
                0x0000000008001cba       0x38 Drivers/STM32F3xx_HAL_Driver/Src/stm32f3xx_hal_cortex.o
                0x0000000008001cba                HAL_NVIC_SetPriority
 .text.HAL_NVIC_EnableIRQ
                0x0000000008001cf2       0x1c Drivers/STM32F3xx_HAL_Driver/Src/stm32f3xx_hal_cortex.o
                0x0000000008001cf2                HAL_NVIC_EnableIRQ
 .text.HAL_NVIC_DisableIRQ
                0x0000000008001d0e       0x1c Drivers/STM32F3xx_HAL_Driver/Src/stm32f3xx_hal_cortex.o
                0x0000000008001d0e                HAL_NVIC_DisableIRQ
 .text.HAL_SYSTICK_Config
                0x0000000008001d2a       0x18 Drivers/STM32F3xx_HAL_Driver/Src/stm32f3xx_hal_cortex.o
                0x0000000008001d2a                HAL_SYSTICK_Config
 .text.HAL_DMA_Abort
                0x0000000008001d42       0x72 Drivers/STM32F3xx_HAL_Driver/Src/stm32f3xx_hal_dma.o
                0x0000000008001d42                HAL_DMA_Abort
 .text.HAL_DMA_Abort_IT
                0x0000000008001db4       0x7c Drivers/STM32F3xx_HAL_Driver/Src/stm32f3xx_hal_dma.o
                0x0000000008001db4                HAL_DMA_Abort_IT
 .text.HAL_GPIO_Init
                0x0000000008001e30      0x314 Drivers/STM32F3xx_HAL_Driver/Src/stm32f3xx_hal_gpio.o
                0x0000000008001e30                HAL_GPIO_Init
 .text.HAL_GPIO_WritePin
                0x0000000008002144       0x30 Drivers/STM32F3xx_HAL_Driver/Src/stm32f3xx_hal_gpio.o
                0x0000000008002144                HAL_GPIO_WritePin
 .text.HAL_GPIO_EXTI_IRQHandler
                0x0000000008002174       0x30 Drivers/STM32F3xx_HAL_Driver/Src/stm32f3xx_hal_gpio.o
                0x0000000008002174                HAL_GPIO_EXTI_IRQHandler
 .text.HAL_GPIO_EXTI_Callback
                0x00000000080021a4       0x16 Drivers/STM32F3xx_HAL_Driver/Src/stm32f3xx_hal_gpio.o
                0x00000000080021a4                HAL_GPIO_EXTI_Callback
 *fill*         0x00000000080021ba        0x2 
 .text.HAL_PWR_EnableBkUpAccess
                0x00000000080021bc       0x20 Drivers/STM32F3xx_HAL_Driver/Src/stm32f3xx_hal_pwr.o
                0x00000000080021bc                HAL_PWR_EnableBkUpAccess
 .text.HAL_PWR_EnterSLEEPMode
                0x00000000080021dc       0x38 Drivers/STM32F3xx_HAL_Driver/Src/stm32f3xx_hal_pwr.o
                0x00000000080021dc                HAL_PWR_EnterSLEEPMode
 .text.HAL_PWR_EnterSTOPMode
                0x0000000008002214       0x68 Drivers/STM32F3xx_HAL_Driver/Src/stm32f3xx_hal_pwr.o
                0x0000000008002214                HAL_PWR_EnterSTOPMode
 .text.HAL_PWR_EnterSTANDBYMode
                0x000000000800227c       0x30 Drivers/STM32F3xx_HAL_Driver/Src/stm32f3xx_hal_pwr.o
                0x000000000800227c                HAL_PWR_EnterSTANDBYMode
 .text.HAL_RCC_OscConfig
                0x00000000080022ac      0xe2c Drivers/STM32F3xx_HAL_Driver/Src/stm32f3xx_hal_rcc.o
                0x00000000080022ac                HAL_RCC_OscConfig
 .text.HAL_RCC_ClockConfig
                0x00000000080030d8      0x2f8 Drivers/STM32F3xx_HAL_Driver/Src/stm32f3xx_hal_rcc.o
                0x00000000080030d8                HAL_RCC_ClockConfig
 .text.HAL_RCC_GetSysClockFreq
                0x00000000080033d0       0xd4 Drivers/STM32F3xx_HAL_Driver/Src/stm32f3xx_hal_rcc.o
                0x00000000080033d0                HAL_RCC_GetSysClockFreq
 .text.HAL_RCC_GetHCLKFreq
                0x00000000080034a4       0x18 Drivers/STM32F3xx_HAL_Driver/Src/stm32f3xx_hal_rcc.o
                0x00000000080034a4                HAL_RCC_GetHCLKFreq
 .text.HAL_RCC_GetPCLK1Freq
                0x00000000080034bc       0x44 Drivers/STM32F3xx_HAL_Driver/Src/stm32f3xx_hal_rcc.o
                0x00000000080034bc                HAL_RCC_GetPCLK1Freq
 .text.HAL_RCC_GetPCLK2Freq
                0x0000000008003500       0x44 Drivers/STM32F3xx_HAL_Driver/Src/stm32f3xx_hal_rcc.o
                0x0000000008003500                HAL_RCC_GetPCLK2Freq
 .text.HAL_RCCEx_PeriphCLKConfig
                0x0000000008003544      0x43c Drivers/STM32F3xx_HAL_Driver/Src/stm32f3xx_hal_rcc_ex.o
                0x0000000008003544                HAL_RCCEx_PeriphCLKConfig
 .text.HAL_RTC_Init
                0x0000000008003980      0x122 Drivers/STM32F3xx_HAL_Driver/Src/stm32f3xx_hal_rtc.o
                0x0000000008003980                HAL_RTC_Init
 .text.HAL_RTC_WaitForSynchro
                0x0000000008003aa2       0x50 Drivers/STM32F3xx_HAL_Driver/Src/stm32f3xx_hal_rtc.o
                0x0000000008003aa2                HAL_RTC_WaitForSynchro
 .text.RTC_EnterInitMode
                0x0000000008003af2       0x58 Drivers/STM32F3xx_HAL_Driver/Src/stm32f3xx_hal_rtc.o
                0x0000000008003af2                RTC_EnterInitMode
 *fill*         0x0000000008003b4a        0x2 
 .text.HAL_RTCEx_SetWakeUpTimer_IT
                0x0000000008003b4c      0x168 Drivers/STM32F3xx_HAL_Driver/Src/stm32f3xx_hal_rtc_ex.o
                0x0000000008003b4c                HAL_RTCEx_SetWakeUpTimer_IT
 .text.HAL_RTCEx_DeactivateWakeUpTimer
                0x0000000008003cb4       0xb0 Drivers/STM32F3xx_HAL_Driver/Src/stm32f3xx_hal_rtc_ex.o
                0x0000000008003cb4                HAL_RTCEx_DeactivateWakeUpTimer
 .text.HAL_RTCEx_WakeUpTimerIRQHandler
                0x0000000008003d64       0x48 Drivers/STM32F3xx_HAL_Driver/Src/stm32f3xx_hal_rtc_ex.o
                0x0000000008003d64                HAL_RTCEx_WakeUpTimerIRQHandler
 .text.HAL_RTCEx_WakeUpTimerEventCallback
                0x0000000008003dac       0x14 Drivers/STM32F3xx_HAL_Driver/Src/stm32f3xx_hal_rtc_ex.o
                0x0000000008003dac                HAL_RTCEx_WakeUpTimerEventCallback
 .text.HAL_UART_Init
                0x0000000008003dc0       0x9c Drivers/STM32F3xx_HAL_Driver/Src/stm32f3xx_hal_uart.o
                0x0000000008003dc0                HAL_UART_Init
 .text.HAL_UART_Transmit
                0x0000000008003e5c      0x128 Drivers/STM32F3xx_HAL_Driver/Src/stm32f3xx_hal_uart.o
                0x0000000008003e5c                HAL_UART_Transmit
 .text.HAL_UART_Receive
                0x0000000008003f84      0x1a2 Drivers/STM32F3xx_HAL_Driver/Src/stm32f3xx_hal_uart.o
                0x0000000008003f84                HAL_UART_Receive
 *fill*         0x0000000008004126        0x2 
 .text.HAL_UART_IRQHandler
                0x0000000008004128      0x400 Drivers/STM32F3xx_HAL_Driver/Src/stm32f3xx_hal_uart.o
                0x0000000008004128                HAL_UART_IRQHandler
 .text.HAL_UART_TxCpltCallback
                0x0000000008004528       0x14 Drivers/STM32F3xx_HAL_Driver/Src/stm32f3xx_hal_uart.o
                0x0000000008004528                HAL_UART_TxCpltCallback
 .text.HAL_UART_ErrorCallback
                0x000000000800453c       0x14 Drivers/STM32F3xx_HAL_Driver/Src/stm32f3xx_hal_uart.o
                0x000000000800453c                HAL_UART_ErrorCallback
 .text.HAL_UARTEx_RxEventCallback
                0x0000000008004550       0x18 Drivers/STM32F3xx_HAL_Driver/Src/stm32f3xx_hal_uart.o
                0x0000000008004550                HAL_UARTEx_RxEventCallback
 .text.UART_SetConfig
                0x0000000008004568      0x3ac Drivers/STM32F3xx_HAL_Driver/Src/stm32f3xx_hal_uart.o
                0x0000000008004568                UART_SetConfig
 .text.UART_AdvFeatureConfig
                0x0000000008004914      0x144 Drivers/STM32F3xx_HAL_Driver/Src/stm32f3xx_hal_uart.o
                0x0000000008004914                UART_AdvFeatureConfig
 .text.UART_CheckIdleState
                0x0000000008004a58       0x92 Drivers/STM32F3xx_HAL_Driver/Src/stm32f3xx_hal_uart.o
                0x0000000008004a58                UART_CheckIdleState
 .text.UART_WaitOnFlagUntilTimeout
                0x0000000008004aea       0xf8 Drivers/STM32F3xx_HAL_Driver/Src/stm32f3xx_hal_uart.o
                0x0000000008004aea                UART_WaitOnFlagUntilTimeout
 .text.UART_EndRxTransfer
                0x0000000008004be2       0x5e Drivers/STM32F3xx_HAL_Driver/Src/stm32f3xx_hal_uart.o
 .text.UART_DMAAbortOnError
                0x0000000008004c40       0x2c Drivers/STM32F3xx_HAL_Driver/Src/stm32f3xx_hal_uart.o
 .text.UART_EndTransmit_IT
                0x0000000008004c6c       0x32 Drivers/STM32F3xx_HAL_Driver/Src/stm32f3xx_hal_uart.o
 .text.HAL_UARTEx_WakeupCallback
                0x0000000008004c9e       0x14 Drivers/STM32F3xx_HAL_Driver/Src/stm32f3xx_hal_uart_ex.o
                0x0000000008004c9e                HAL_UARTEx_WakeupCallback
 .text._ZdlPv   0x0000000008004cb2        0x4 c:/st/stm32cubeide_1.6.0/stm32cubeide/plugins/com.st.stm32cube.ide.mcu.externaltools.gnu-tools-for-stm32.9-2020-q2-update.win32_1.5.0.202011040924/tools/bin/../lib/gcc/arm-none-eabi/9.3.1/../../../../arm-none-eabi/lib/thumb/v7e-m+fp/hard\libstdc++_nano.a(del_op.o)
                0x0000000008004cb2                operator delete(void*)
 .text._ZdlPvj  0x0000000008004cb6        0x4 c:/st/stm32cubeide_1.6.0/stm32cubeide/plugins/com.st.stm32cube.ide.mcu.externaltools.gnu-tools-for-stm32.9-2020-q2-update.win32_1.5.0.202011040924/tools/bin/../lib/gcc/arm-none-eabi/9.3.1/../../../../arm-none-eabi/lib/thumb/v7e-m+fp/hard\libstdc++_nano.a(del_ops.o)
                0x0000000008004cb6                operator delete(void*, unsigned int)
 .text._Znwj    0x0000000008004cba       0x22 c:/st/stm32cubeide_1.6.0/stm32cubeide/plugins/com.st.stm32cube.ide.mcu.externaltools.gnu-tools-for-stm32.9-2020-q2-update.win32_1.5.0.202011040924/tools/bin/../lib/gcc/arm-none-eabi/9.3.1/../../../../arm-none-eabi/lib/thumb/v7e-m+fp/hard\libstdc++_nano.a(new_op.o)
                0x0000000008004cba                operator new(unsigned int)
 .text.unlikely._ZSt17__throw_bad_allocv
                0x0000000008004cdc        0x6 c:/st/stm32cubeide_1.6.0/stm32cubeide/plugins/com.st.stm32cube.ide.mcu.externaltools.gnu-tools-for-stm32.9-2020-q2-update.win32_1.5.0.202011040924/tools/bin/../lib/gcc/arm-none-eabi/9.3.1/../../../../arm-none-eabi/lib/thumb/v7e-m+fp/hard\libstdc++_nano.a(functexcept.o)
                0x0000000008004cdc                std::__throw_bad_alloc()
 .text.unlikely._ZSt19__throw_logic_errorPKc
                0x0000000008004ce2        0x6 c:/st/stm32cubeide_1.6.0/stm32cubeide/plugins/com.st.stm32cube.ide.mcu.externaltools.gnu-tools-for-stm32.9-2020-q2-update.win32_1.5.0.202011040924/tools/bin/../lib/gcc/arm-none-eabi/9.3.1/../../../../arm-none-eabi/lib/thumb/v7e-m+fp/hard\libstdc++_nano.a(functexcept.o)
                0x0000000008004ce2                std::__throw_logic_error(char const*)
 .text.unlikely._ZSt20__throw_length_errorPKc
                0x0000000008004ce8        0x6 c:/st/stm32cubeide_1.6.0/stm32cubeide/plugins/com.st.stm32cube.ide.mcu.externaltools.gnu-tools-for-stm32.9-2020-q2-update.win32_1.5.0.202011040924/tools/bin/../lib/gcc/arm-none-eabi/9.3.1/../../../../arm-none-eabi/lib/thumb/v7e-m+fp/hard\libstdc++_nano.a(functexcept.o)
                0x0000000008004ce8                std::__throw_length_error(char const*)
 .text._ZSt24__throw_out_of_range_fmtPKcz
                0x0000000008004cee       0x38 c:/st/stm32cubeide_1.6.0/stm32cubeide/plugins/com.st.stm32cube.ide.mcu.externaltools.gnu-tools-for-stm32.9-2020-q2-update.win32_1.5.0.202011040924/tools/bin/../lib/gcc/arm-none-eabi/9.3.1/../../../../arm-none-eabi/lib/thumb/v7e-m+fp/hard\libstdc++_nano.a(functexcept.o)
                0x0000000008004cee                std::__throw_out_of_range_fmt(char const*, ...)
 *fill*         0x0000000008004d26        0x2 
 .text._ZN9__gnu_cxx26__throw_insufficient_spaceEPKcS1_
                0x0000000008004d28       0x4c c:/st/stm32cubeide_1.6.0/stm32cubeide/plugins/com.st.stm32cube.ide.mcu.externaltools.gnu-tools-for-stm32.9-2020-q2-update.win32_1.5.0.202011040924/tools/bin/../lib/gcc/arm-none-eabi/9.3.1/../../../../arm-none-eabi/lib/thumb/v7e-m+fp/hard\libstdc++_nano.a(snprintf_lite.o)
                0x0000000008004d28                __gnu_cxx::__throw_insufficient_space(char const*, char const*)
 .text._ZN9__gnu_cxx15__concat_size_tEPcjj
                0x0000000008004d74       0x58 c:/st/stm32cubeide_1.6.0/stm32cubeide/plugins/com.st.stm32cube.ide.mcu.externaltools.gnu-tools-for-stm32.9-2020-q2-update.win32_1.5.0.202011040924/tools/bin/../lib/gcc/arm-none-eabi/9.3.1/../../../../arm-none-eabi/lib/thumb/v7e-m+fp/hard\libstdc++_nano.a(snprintf_lite.o)
                0x0000000008004d74                __gnu_cxx::__concat_size_t(char*, unsigned int, unsigned int)
 .text._ZN9__gnu_cxx15__snprintf_liteEPcjPKcSt9__va_list
                0x0000000008004dcc       0x82 c:/st/stm32cubeide_1.6.0/stm32cubeide/plugins/com.st.stm32cube.ide.mcu.externaltools.gnu-tools-for-stm32.9-2020-q2-update.win32_1.5.0.202011040924/tools/bin/../lib/gcc/arm-none-eabi/9.3.1/../../../../arm-none-eabi/lib/thumb/v7e-m+fp/hard\libstdc++_nano.a(snprintf_lite.o)
                0x0000000008004dcc                __gnu_cxx::__snprintf_lite(char*, unsigned int, char const*, std::__va_list)
 *fill*         0x0000000008004e4e        0x2 
 .text._ZSt15get_new_handlerv
                0x0000000008004e50       0x10 c:/st/stm32cubeide_1.6.0/stm32cubeide/plugins/com.st.stm32cube.ide.mcu.externaltools.gnu-tools-for-stm32.9-2020-q2-update.win32_1.5.0.202011040924/tools/bin/../lib/gcc/arm-none-eabi/9.3.1/../../../../arm-none-eabi/lib/thumb/v7e-m+fp/hard\libstdc++_nano.a(new_handler.o)
                0x0000000008004e50                std::get_new_handler()
 .text.abort    0x0000000008004e60        0xe c:/st/stm32cubeide_1.6.0/stm32cubeide/plugins/com.st.stm32cube.ide.mcu.externaltools.gnu-tools-for-stm32.9-2020-q2-update.win32_1.5.0.202011040924/tools/bin/../lib/gcc/arm-none-eabi/9.3.1/../../../../arm-none-eabi/lib/thumb/v7e-m+fp/hard\libc_nano.a(lib_a-abort.o)
                0x0000000008004e60                abort
 *fill*         0x0000000008004e6e        0x2 
 .text.__errno  0x0000000008004e70        0xc c:/st/stm32cubeide_1.6.0/stm32cubeide/plugins/com.st.stm32cube.ide.mcu.externaltools.gnu-tools-for-stm32.9-2020-q2-update.win32_1.5.0.202011040924/tools/bin/../lib/gcc/arm-none-eabi/9.3.1/../../../../arm-none-eabi/lib/thumb/v7e-m+fp/hard\libc_nano.a(lib_a-errno.o)
                0x0000000008004e70                __errno
 .text.__sflush_r
                0x0000000008004e7c      0x10c c:/st/stm32cubeide_1.6.0/stm32cubeide/plugins/com.st.stm32cube.ide.mcu.externaltools.gnu-tools-for-stm32.9-2020-q2-update.win32_1.5.0.202011040924/tools/bin/../lib/gcc/arm-none-eabi/9.3.1/../../../../arm-none-eabi/lib/thumb/v7e-m+fp/hard\libc_nano.a(lib_a-fflush.o)
                0x0000000008004e7c                __sflush_r
 .text._fflush_r
                0x0000000008004f88       0x78 c:/st/stm32cubeide_1.6.0/stm32cubeide/plugins/com.st.stm32cube.ide.mcu.externaltools.gnu-tools-for-stm32.9-2020-q2-update.win32_1.5.0.202011040924/tools/bin/../lib/gcc/arm-none-eabi/9.3.1/../../../../arm-none-eabi/lib/thumb/v7e-m+fp/hard\libc_nano.a(lib_a-fflush.o)
                0x0000000008004f88                _fflush_r
 .text.fflush   0x0000000008005000       0x24 c:/st/stm32cubeide_1.6.0/stm32cubeide/plugins/com.st.stm32cube.ide.mcu.externaltools.gnu-tools-for-stm32.9-2020-q2-update.win32_1.5.0.202011040924/tools/bin/../lib/gcc/arm-none-eabi/9.3.1/../../../../arm-none-eabi/lib/thumb/v7e-m+fp/hard\libc_nano.a(lib_a-fflush.o)
                0x0000000008005000                fflush
 .text.std      0x0000000008005024       0x48 c:/st/stm32cubeide_1.6.0/stm32cubeide/plugins/com.st.stm32cube.ide.mcu.externaltools.gnu-tools-for-stm32.9-2020-q2-update.win32_1.5.0.202011040924/tools/bin/../lib/gcc/arm-none-eabi/9.3.1/../../../../arm-none-eabi/lib/thumb/v7e-m+fp/hard\libc_nano.a(lib_a-findfp.o)
 .text._cleanup_r
                0x000000000800506c        0xc c:/st/stm32cubeide_1.6.0/stm32cubeide/plugins/com.st.stm32cube.ide.mcu.externaltools.gnu-tools-for-stm32.9-2020-q2-update.win32_1.5.0.202011040924/tools/bin/../lib/gcc/arm-none-eabi/9.3.1/../../../../arm-none-eabi/lib/thumb/v7e-m+fp/hard\libc_nano.a(lib_a-findfp.o)
                0x000000000800506c                _cleanup_r
 .text.__sfmoreglue
                0x0000000008005078       0x2c c:/st/stm32cubeide_1.6.0/stm32cubeide/plugins/com.st.stm32cube.ide.mcu.externaltools.gnu-tools-for-stm32.9-2020-q2-update.win32_1.5.0.202011040924/tools/bin/../lib/gcc/arm-none-eabi/9.3.1/../../../../arm-none-eabi/lib/thumb/v7e-m+fp/hard\libc_nano.a(lib_a-findfp.o)
                0x0000000008005078                __sfmoreglue
 .text.__sfp_lock_acquire
                0x00000000080050a4        0xc c:/st/stm32cubeide_1.6.0/stm32cubeide/plugins/com.st.stm32cube.ide.mcu.externaltools.gnu-tools-for-stm32.9-2020-q2-update.win32_1.5.0.202011040924/tools/bin/../lib/gcc/arm-none-eabi/9.3.1/../../../../arm-none-eabi/lib/thumb/v7e-m+fp/hard\libc_nano.a(lib_a-findfp.o)
                0x00000000080050a4                __sfp_lock_acquire
 .text.__sfp_lock_release
                0x00000000080050b0        0xc c:/st/stm32cubeide_1.6.0/stm32cubeide/plugins/com.st.stm32cube.ide.mcu.externaltools.gnu-tools-for-stm32.9-2020-q2-update.win32_1.5.0.202011040924/tools/bin/../lib/gcc/arm-none-eabi/9.3.1/../../../../arm-none-eabi/lib/thumb/v7e-m+fp/hard\libc_nano.a(lib_a-findfp.o)
                0x00000000080050b0                __sfp_lock_release
 .text.__sinit_lock_acquire
                0x00000000080050bc        0xc c:/st/stm32cubeide_1.6.0/stm32cubeide/plugins/com.st.stm32cube.ide.mcu.externaltools.gnu-tools-for-stm32.9-2020-q2-update.win32_1.5.0.202011040924/tools/bin/../lib/gcc/arm-none-eabi/9.3.1/../../../../arm-none-eabi/lib/thumb/v7e-m+fp/hard\libc_nano.a(lib_a-findfp.o)
                0x00000000080050bc                __sinit_lock_acquire
 .text.__sinit_lock_release
                0x00000000080050c8        0xc c:/st/stm32cubeide_1.6.0/stm32cubeide/plugins/com.st.stm32cube.ide.mcu.externaltools.gnu-tools-for-stm32.9-2020-q2-update.win32_1.5.0.202011040924/tools/bin/../lib/gcc/arm-none-eabi/9.3.1/../../../../arm-none-eabi/lib/thumb/v7e-m+fp/hard\libc_nano.a(lib_a-findfp.o)
                0x00000000080050c8                __sinit_lock_release
 .text.__sinit  0x00000000080050d4       0x70 c:/st/stm32cubeide_1.6.0/stm32cubeide/plugins/com.st.stm32cube.ide.mcu.externaltools.gnu-tools-for-stm32.9-2020-q2-update.win32_1.5.0.202011040924/tools/bin/../lib/gcc/arm-none-eabi/9.3.1/../../../../arm-none-eabi/lib/thumb/v7e-m+fp/hard\libc_nano.a(lib_a-findfp.o)
                0x00000000080050d4                __sinit
 .text.__sfp    0x0000000008005144       0x8c c:/st/stm32cubeide_1.6.0/stm32cubeide/plugins/com.st.stm32cube.ide.mcu.externaltools.gnu-tools-for-stm32.9-2020-q2-update.win32_1.5.0.202011040924/tools/bin/../lib/gcc/arm-none-eabi/9.3.1/../../../../arm-none-eabi/lib/thumb/v7e-m+fp/hard\libc_nano.a(lib_a-findfp.o)
                0x0000000008005144                __sfp
 .text._fwalk_reent
                0x00000000080051d0       0x3e c:/st/stm32cubeide_1.6.0/stm32cubeide/plugins/com.st.stm32cube.ide.mcu.externaltools.gnu-tools-for-stm32.9-2020-q2-update.win32_1.5.0.202011040924/tools/bin/../lib/gcc/arm-none-eabi/9.3.1/../../../../arm-none-eabi/lib/thumb/v7e-m+fp/hard\libc_nano.a(lib_a-fwalk.o)
                0x00000000080051d0                _fwalk_reent
 *fill*         0x000000000800520e        0x2 
 .text.__libc_init_array
                0x0000000008005210       0x48 c:/st/stm32cubeide_1.6.0/stm32cubeide/plugins/com.st.stm32cube.ide.mcu.externaltools.gnu-tools-for-stm32.9-2020-q2-update.win32_1.5.0.202011040924/tools/bin/../lib/gcc/arm-none-eabi/9.3.1/../../../../arm-none-eabi/lib/thumb/v7e-m+fp/hard\libc_nano.a(lib_a-init.o)
                0x0000000008005210                __libc_init_array
 .text.__retarget_lock_init_recursive
                0x0000000008005258        0x2 c:/st/stm32cubeide_1.6.0/stm32cubeide/plugins/com.st.stm32cube.ide.mcu.externaltools.gnu-tools-for-stm32.9-2020-q2-update.win32_1.5.0.202011040924/tools/bin/../lib/gcc/arm-none-eabi/9.3.1/../../../../arm-none-eabi/lib/thumb/v7e-m+fp/hard\libc_nano.a(lib_a-lock.o)
                0x0000000008005258                __retarget_lock_init_recursive
 .text.__retarget_lock_acquire_recursive
                0x000000000800525a        0x2 c:/st/stm32cubeide_1.6.0/stm32cubeide/plugins/com.st.stm32cube.ide.mcu.externaltools.gnu-tools-for-stm32.9-2020-q2-update.win32_1.5.0.202011040924/tools/bin/../lib/gcc/arm-none-eabi/9.3.1/../../../../arm-none-eabi/lib/thumb/v7e-m+fp/hard\libc_nano.a(lib_a-lock.o)
                0x000000000800525a                __retarget_lock_acquire_recursive
 .text.__retarget_lock_release_recursive
                0x000000000800525c        0x2 c:/st/stm32cubeide_1.6.0/stm32cubeide/plugins/com.st.stm32cube.ide.mcu.externaltools.gnu-tools-for-stm32.9-2020-q2-update.win32_1.5.0.202011040924/tools/bin/../lib/gcc/arm-none-eabi/9.3.1/../../../../arm-none-eabi/lib/thumb/v7e-m+fp/hard\libc_nano.a(lib_a-lock.o)
                0x000000000800525c                __retarget_lock_release_recursive
 *fill*         0x000000000800525e        0x2 
 .text.malloc   0x0000000008005260       0x10 c:/st/stm32cubeide_1.6.0/stm32cubeide/plugins/com.st.stm32cube.ide.mcu.externaltools.gnu-tools-for-stm32.9-2020-q2-update.win32_1.5.0.202011040924/tools/bin/../lib/gcc/arm-none-eabi/9.3.1/../../../../arm-none-eabi/lib/thumb/v7e-m+fp/hard\libc_nano.a(lib_a-malloc.o)
                0x0000000008005260                malloc
 .text.free     0x0000000008005270       0x10 c:/st/stm32cubeide_1.6.0/stm32cubeide/plugins/com.st.stm32cube.ide.mcu.externaltools.gnu-tools-for-stm32.9-2020-q2-update.win32_1.5.0.202011040924/tools/bin/../lib/gcc/arm-none-eabi/9.3.1/../../../../arm-none-eabi/lib/thumb/v7e-m+fp/hard\libc_nano.a(lib_a-malloc.o)
                0x0000000008005270                free
 .text.memcpy   0x0000000008005280       0x1c c:/st/stm32cubeide_1.6.0/stm32cubeide/plugins/com.st.stm32cube.ide.mcu.externaltools.gnu-tools-for-stm32.9-2020-q2-update.win32_1.5.0.202011040924/tools/bin/../lib/gcc/arm-none-eabi/9.3.1/../../../../arm-none-eabi/lib/thumb/v7e-m+fp/hard\libc_nano.a(lib_a-memcpy-stub.o)
                0x0000000008005280                memcpy
 .text.memmove  0x000000000800529c       0x34 c:/st/stm32cubeide_1.6.0/stm32cubeide/plugins/com.st.stm32cube.ide.mcu.externaltools.gnu-tools-for-stm32.9-2020-q2-update.win32_1.5.0.202011040924/tools/bin/../lib/gcc/arm-none-eabi/9.3.1/../../../../arm-none-eabi/lib/thumb/v7e-m+fp/hard\libc_nano.a(lib_a-memmove.o)
                0x000000000800529c                memmove
 .text.memset   0x00000000080052d0       0x10 c:/st/stm32cubeide_1.6.0/stm32cubeide/plugins/com.st.stm32cube.ide.mcu.externaltools.gnu-tools-for-stm32.9-2020-q2-update.win32_1.5.0.202011040924/tools/bin/../lib/gcc/arm-none-eabi/9.3.1/../../../../arm-none-eabi/lib/thumb/v7e-m+fp/hard\libc_nano.a(lib_a-memset.o)
                0x00000000080052d0                memset
 .text._free_r  0x00000000080052e0       0xa0 c:/st/stm32cubeide_1.6.0/stm32cubeide/plugins/com.st.stm32cube.ide.mcu.externaltools.gnu-tools-for-stm32.9-2020-q2-update.win32_1.5.0.202011040924/tools/bin/../lib/gcc/arm-none-eabi/9.3.1/../../../../arm-none-eabi/lib/thumb/v7e-m+fp/hard\libc_nano.a(lib_a-nano-freer.o)
                0x00000000080052e0                _free_r
 .text._malloc_r
                0x0000000008005380       0xb4 c:/st/stm32cubeide_1.6.0/stm32cubeide/plugins/com.st.stm32cube.ide.mcu.externaltools.gnu-tools-for-stm32.9-2020-q2-update.win32_1.5.0.202011040924/tools/bin/../lib/gcc/arm-none-eabi/9.3.1/../../../../arm-none-eabi/lib/thumb/v7e-m+fp/hard\libc_nano.a(lib_a-nano-mallocr.o)
                0x0000000008005380                _malloc_r
 .text.printf   0x0000000008005434       0x30 c:/st/stm32cubeide_1.6.0/stm32cubeide/plugins/com.st.stm32cube.ide.mcu.externaltools.gnu-tools-for-stm32.9-2020-q2-update.win32_1.5.0.202011040924/tools/bin/../lib/gcc/arm-none-eabi/9.3.1/../../../../arm-none-eabi/lib/thumb/v7e-m+fp/hard\libc_nano.a(lib_a-printf.o)
                0x0000000008005434                iprintf
                0x0000000008005434                printf
 .text._puts_r  0x0000000008005464       0xdc c:/st/stm32cubeide_1.6.0/stm32cubeide/plugins/com.st.stm32cube.ide.mcu.externaltools.gnu-tools-for-stm32.9-2020-q2-update.win32_1.5.0.202011040924/tools/bin/../lib/gcc/arm-none-eabi/9.3.1/../../../../arm-none-eabi/lib/thumb/v7e-m+fp/hard\libc_nano.a(lib_a-puts.o)
                0x0000000008005464                _puts_r
 .text.puts     0x0000000008005540       0x10 c:/st/stm32cubeide_1.6.0/stm32cubeide/plugins/com.st.stm32cube.ide.mcu.externaltools.gnu-tools-for-stm32.9-2020-q2-update.win32_1.5.0.202011040924/tools/bin/../lib/gcc/arm-none-eabi/9.3.1/../../../../arm-none-eabi/lib/thumb/v7e-m+fp/hard\libc_nano.a(lib_a-puts.o)
                0x0000000008005540                puts
 .text._sbrk_r  0x0000000008005550       0x20 c:/st/stm32cubeide_1.6.0/stm32cubeide/plugins/com.st.stm32cube.ide.mcu.externaltools.gnu-tools-for-stm32.9-2020-q2-update.win32_1.5.0.202011040924/tools/bin/../lib/gcc/arm-none-eabi/9.3.1/../../../../arm-none-eabi/lib/thumb/v7e-m+fp/hard\libc_nano.a(lib_a-sbrkr.o)
                0x0000000008005550                _sbrk_r
 .text._raise_r
                0x0000000008005570       0x50 c:/st/stm32cubeide_1.6.0/stm32cubeide/plugins/com.st.stm32cube.ide.mcu.externaltools.gnu-tools-for-stm32.9-2020-q2-update.win32_1.5.0.202011040924/tools/bin/../lib/gcc/arm-none-eabi/9.3.1/../../../../arm-none-eabi/lib/thumb/v7e-m+fp/hard\libc_nano.a(lib_a-signal.o)
                0x0000000008005570                _raise_r
 .text.raise    0x00000000080055c0       0x10 c:/st/stm32cubeide_1.6.0/stm32cubeide/plugins/com.st.stm32cube.ide.mcu.externaltools.gnu-tools-for-stm32.9-2020-q2-update.win32_1.5.0.202011040924/tools/bin/../lib/gcc/arm-none-eabi/9.3.1/../../../../arm-none-eabi/lib/thumb/v7e-m+fp/hard\libc_nano.a(lib_a-signal.o)
                0x00000000080055c0                raise
 .text._kill_r  0x00000000080055d0       0x24 c:/st/stm32cubeide_1.6.0/stm32cubeide/plugins/com.st.stm32cube.ide.mcu.externaltools.gnu-tools-for-stm32.9-2020-q2-update.win32_1.5.0.202011040924/tools/bin/../lib/gcc/arm-none-eabi/9.3.1/../../../../arm-none-eabi/lib/thumb/v7e-m+fp/hard\libc_nano.a(lib_a-signalr.o)
                0x00000000080055d0                _kill_r
 .text._getpid_r
                0x00000000080055f4        0x4 c:/st/stm32cubeide_1.6.0/stm32cubeide/plugins/com.st.stm32cube.ide.mcu.externaltools.gnu-tools-for-stm32.9-2020-q2-update.win32_1.5.0.202011040924/tools/bin/../lib/gcc/arm-none-eabi/9.3.1/../../../../arm-none-eabi/lib/thumb/v7e-m+fp/hard\libc_nano.a(lib_a-signalr.o)
                0x00000000080055f4                _getpid_r
 .text.__sread  0x00000000080055f8       0x22 c:/st/stm32cubeide_1.6.0/stm32cubeide/plugins/com.st.stm32cube.ide.mcu.externaltools.gnu-tools-for-stm32.9-2020-q2-update.win32_1.5.0.202011040924/tools/bin/../lib/gcc/arm-none-eabi/9.3.1/../../../../arm-none-eabi/lib/thumb/v7e-m+fp/hard\libc_nano.a(lib_a-stdio.o)
                0x00000000080055f8                __sread
 .text.__swrite
                0x000000000800561a       0x38 c:/st/stm32cubeide_1.6.0/stm32cubeide/plugins/com.st.stm32cube.ide.mcu.externaltools.gnu-tools-for-stm32.9-2020-q2-update.win32_1.5.0.202011040924/tools/bin/../lib/gcc/arm-none-eabi/9.3.1/../../../../arm-none-eabi/lib/thumb/v7e-m+fp/hard\libc_nano.a(lib_a-stdio.o)
                0x000000000800561a                __swrite
 .text.__sseek  0x0000000008005652       0x24 c:/st/stm32cubeide_1.6.0/stm32cubeide/plugins/com.st.stm32cube.ide.mcu.externaltools.gnu-tools-for-stm32.9-2020-q2-update.win32_1.5.0.202011040924/tools/bin/../lib/gcc/arm-none-eabi/9.3.1/../../../../arm-none-eabi/lib/thumb/v7e-m+fp/hard\libc_nano.a(lib_a-stdio.o)
                0x0000000008005652                __sseek
 .text.__sclose
                0x0000000008005676        0x8 c:/st/stm32cubeide_1.6.0/stm32cubeide/plugins/com.st.stm32cube.ide.mcu.externaltools.gnu-tools-for-stm32.9-2020-q2-update.win32_1.5.0.202011040924/tools/bin/../lib/gcc/arm-none-eabi/9.3.1/../../../../arm-none-eabi/lib/thumb/v7e-m+fp/hard\libc_nano.a(lib_a-stdio.o)
                0x0000000008005676                __sclose
 *fill*         0x000000000800567e        0x2 
 .text.__swbuf_r
                0x0000000008005680       0xa4 c:/st/stm32cubeide_1.6.0/stm32cubeide/plugins/com.st.stm32cube.ide.mcu.externaltools.gnu-tools-for-stm32.9-2020-q2-update.win32_1.5.0.202011040924/tools/bin/../lib/gcc/arm-none-eabi/9.3.1/../../../../arm-none-eabi/lib/thumb/v7e-m+fp/hard\libc_nano.a(lib_a-wbuf.o)
                0x0000000008005680                __swbuf_r
 .text._write_r
                0x0000000008005724       0x24 c:/st/stm32cubeide_1.6.0/stm32cubeide/plugins/com.st.stm32cube.ide.mcu.externaltools.gnu-tools-for-stm32.9-2020-q2-update.win32_1.5.0.202011040924/tools/bin/../lib/gcc/arm-none-eabi/9.3.1/../../../../arm-none-eabi/lib/thumb/v7e-m+fp/hard\libc_nano.a(lib_a-writer.o)
                0x0000000008005724                _write_r
 .text.__swsetup_r
                0x0000000008005748       0xdc c:/st/stm32cubeide_1.6.0/stm32cubeide/plugins/com.st.stm32cube.ide.mcu.externaltools.gnu-tools-for-stm32.9-2020-q2-update.win32_1.5.0.202011040924/tools/bin/../lib/gcc/arm-none-eabi/9.3.1/../../../../arm-none-eabi/lib/thumb/v7e-m+fp/hard\libc_nano.a(lib_a-wsetup.o)
                0x0000000008005748                __swsetup_r
 .text._close_r
                0x0000000008005824       0x20 c:/st/stm32cubeide_1.6.0/stm32cubeide/plugins/com.st.stm32cube.ide.mcu.externaltools.gnu-tools-for-stm32.9-2020-q2-update.win32_1.5.0.202011040924/tools/bin/../lib/gcc/arm-none-eabi/9.3.1/../../../../arm-none-eabi/lib/thumb/v7e-m+fp/hard\libc_nano.a(lib_a-closer.o)
                0x0000000008005824                _close_r
 .text._lseek_r
                0x0000000008005844       0x24 c:/st/stm32cubeide_1.6.0/stm32cubeide/plugins/com.st.stm32cube.ide.mcu.externaltools.gnu-tools-for-stm32.9-2020-q2-update.win32_1.5.0.202011040924/tools/bin/../lib/gcc/arm-none-eabi/9.3.1/../../../../arm-none-eabi/lib/thumb/v7e-m+fp/hard\libc_nano.a(lib_a-lseekr.o)
                0x0000000008005844                _lseek_r
 .text.__swhatbuf_r
                0x0000000008005868       0x48 c:/st/stm32cubeide_1.6.0/stm32cubeide/plugins/com.st.stm32cube.ide.mcu.externaltools.gnu-tools-for-stm32.9-2020-q2-update.win32_1.5.0.202011040924/tools/bin/../lib/gcc/arm-none-eabi/9.3.1/../../../../arm-none-eabi/lib/thumb/v7e-m+fp/hard\libc_nano.a(lib_a-makebuf.o)
                0x0000000008005868                __swhatbuf_r
 .text.__smakebuf_r
                0x00000000080058b0       0x80 c:/st/stm32cubeide_1.6.0/stm32cubeide/plugins/com.st.stm32cube.ide.mcu.externaltools.gnu-tools-for-stm32.9-2020-q2-update.win32_1.5.0.202011040924/tools/bin/../lib/gcc/arm-none-eabi/9.3.1/../../../../arm-none-eabi/lib/thumb/v7e-m+fp/hard\libc_nano.a(lib_a-makebuf.o)
                0x00000000080058b0                __smakebuf_r
 .text.__malloc_lock
                0x0000000008005930        0xc c:/st/stm32cubeide_1.6.0/stm32cubeide/plugins/com.st.stm32cube.ide.mcu.externaltools.gnu-tools-for-stm32.9-2020-q2-update.win32_1.5.0.202011040924/tools/bin/../lib/gcc/arm-none-eabi/9.3.1/../../../../arm-none-eabi/lib/thumb/v7e-m+fp/hard\libc_nano.a(lib_a-mlock.o)
                0x0000000008005930                __malloc_lock
 .text.__malloc_unlock
                0x000000000800593c        0xc c:/st/stm32cubeide_1.6.0/stm32cubeide/plugins/com.st.stm32cube.ide.mcu.externaltools.gnu-tools-for-stm32.9-2020-q2-update.win32_1.5.0.202011040924/tools/bin/../lib/gcc/arm-none-eabi/9.3.1/../../../../arm-none-eabi/lib/thumb/v7e-m+fp/hard\libc_nano.a(lib_a-mlock.o)
                0x000000000800593c                __malloc_unlock
 .text.__sfputc_r
                0x0000000008005948       0x2e c:/st/stm32cubeide_1.6.0/stm32cubeide/plugins/com.st.stm32cube.ide.mcu.externaltools.gnu-tools-for-stm32.9-2020-q2-update.win32_1.5.0.202011040924/tools/bin/../lib/gcc/arm-none-eabi/9.3.1/../../../../arm-none-eabi/lib/thumb/v7e-m+fp/hard\libc_nano.a(lib_a-nano-vfprintf.o)
 .text.__sfputs_r
                0x0000000008005976       0x24 c:/st/stm32cubeide_1.6.0/stm32cubeide/plugins/com.st.stm32cube.ide.mcu.externaltools.gnu-tools-for-stm32.9-2020-q2-update.win32_1.5.0.202011040924/tools/bin/../lib/gcc/arm-none-eabi/9.3.1/../../../../arm-none-eabi/lib/thumb/v7e-m+fp/hard\libc_nano.a(lib_a-nano-vfprintf.o)
                0x0000000008005976                __sfputs_r
 *fill*         0x000000000800599a        0x2 
 .text._vfprintf_r
                0x000000000800599c      0x260 c:/st/stm32cubeide_1.6.0/stm32cubeide/plugins/com.st.stm32cube.ide.mcu.externaltools.gnu-tools-for-stm32.9-2020-q2-update.win32_1.5.0.202011040924/tools/bin/../lib/gcc/arm-none-eabi/9.3.1/../../../../arm-none-eabi/lib/thumb/v7e-m+fp/hard\libc_nano.a(lib_a-nano-vfprintf.o)
                0x000000000800599c                _vfprintf_r
                0x000000000800599c                _vfiprintf_r
 .text._printf_common
                0x0000000008005bfc       0xda c:/st/stm32cubeide_1.6.0/stm32cubeide/plugins/com.st.stm32cube.ide.mcu.externaltools.gnu-tools-for-stm32.9-2020-q2-update.win32_1.5.0.202011040924/tools/bin/../lib/gcc/arm-none-eabi/9.3.1/../../../../arm-none-eabi/lib/thumb/v7e-m+fp/hard\libc_nano.a(lib_a-nano-vfprintf_i.o)
                0x0000000008005bfc                _printf_common
 *fill*         0x0000000008005cd6        0x2 
 .text._printf_i
                0x0000000008005cd8      0x24c c:/st/stm32cubeide_1.6.0/stm32cubeide/plugins/com.st.stm32cube.ide.mcu.externaltools.gnu-tools-for-stm32.9-2020-q2-update.win32_1.5.0.202011040924/tools/bin/../lib/gcc/arm-none-eabi/9.3.1/../../../../arm-none-eabi/lib/thumb/v7e-m+fp/hard\libc_nano.a(lib_a-nano-vfprintf_i.o)
                0x0000000008005cd8                _printf_i
 .text._read_r  0x0000000008005f24       0x24 c:/st/stm32cubeide_1.6.0/stm32cubeide/plugins/com.st.stm32cube.ide.mcu.externaltools.gnu-tools-for-stm32.9-2020-q2-update.win32_1.5.0.202011040924/tools/bin/../lib/gcc/arm-none-eabi/9.3.1/../../../../arm-none-eabi/lib/thumb/v7e-m+fp/hard\libc_nano.a(lib_a-readr.o)
                0x0000000008005f24                _read_r
 .text._fstat_r
                0x0000000008005f48       0x24 c:/st/stm32cubeide_1.6.0/stm32cubeide/plugins/com.st.stm32cube.ide.mcu.externaltools.gnu-tools-for-stm32.9-2020-q2-update.win32_1.5.0.202011040924/tools/bin/../lib/gcc/arm-none-eabi/9.3.1/../../../../arm-none-eabi/lib/thumb/v7e-m+fp/hard\libc_nano.a(lib_a-fstatr.o)
                0x0000000008005f48                _fstat_r
 .text._isatty_r
                0x0000000008005f6c       0x20 c:/st/stm32cubeide_1.6.0/stm32cubeide/plugins/com.st.stm32cube.ide.mcu.externaltools.gnu-tools-for-stm32.9-2020-q2-update.win32_1.5.0.202011040924/tools/bin/../lib/gcc/arm-none-eabi/9.3.1/../../../../arm-none-eabi/lib/thumb/v7e-m+fp/hard\libc_nano.a(lib_a-isattyr.o)
                0x0000000008005f6c                _isatty_r
 *(.glue_7)
 .glue_7        0x0000000008005f8c        0x0 linker stubs
 *(.glue_7t)
 .glue_7t       0x0000000008005f8c        0x0 linker stubs
 *(.eh_frame)
 .eh_frame      0x0000000008005f8c        0x0 c:/st/stm32cubeide_1.6.0/stm32cubeide/plugins/com.st.stm32cube.ide.mcu.externaltools.gnu-tools-for-stm32.9-2020-q2-update.win32_1.5.0.202011040924/tools/bin/../lib/gcc/arm-none-eabi/9.3.1/thumb/v7e-m+fp/hard/crtbegin.o
 *(.init)
 .init          0x0000000008005f8c        0x4 c:/st/stm32cubeide_1.6.0/stm32cubeide/plugins/com.st.stm32cube.ide.mcu.externaltools.gnu-tools-for-stm32.9-2020-q2-update.win32_1.5.0.202011040924/tools/bin/../lib/gcc/arm-none-eabi/9.3.1/thumb/v7e-m+fp/hard/crti.o
                0x0000000008005f8c                _init
 .init          0x0000000008005f90        0x8 c:/st/stm32cubeide_1.6.0/stm32cubeide/plugins/com.st.stm32cube.ide.mcu.externaltools.gnu-tools-for-stm32.9-2020-q2-update.win32_1.5.0.202011040924/tools/bin/../lib/gcc/arm-none-eabi/9.3.1/thumb/v7e-m+fp/hard/crtn.o
 *(.fini)
 .fini          0x0000000008005f98        0x4 c:/st/stm32cubeide_1.6.0/stm32cubeide/plugins/com.st.stm32cube.ide.mcu.externaltools.gnu-tools-for-stm32.9-2020-q2-update.win32_1.5.0.202011040924/tools/bin/../lib/gcc/arm-none-eabi/9.3.1/thumb/v7e-m+fp/hard/crti.o
                0x0000000008005f98                _fini
 .fini          0x0000000008005f9c        0x8 c:/st/stm32cubeide_1.6.0/stm32cubeide/plugins/com.st.stm32cube.ide.mcu.externaltools.gnu-tools-for-stm32.9-2020-q2-update.win32_1.5.0.202011040924/tools/bin/../lib/gcc/arm-none-eabi/9.3.1/thumb/v7e-m+fp/hard/crtn.o
                0x0000000008005fa4                . = ALIGN (0x4)
                0x0000000008005fa4                _etext = .

.vfp11_veneer   0x0000000008005fa4        0x0
 .vfp11_veneer  0x0000000008005fa4        0x0 linker stubs

.v4_bx          0x0000000008005fa4        0x0
 .v4_bx         0x0000000008005fa4        0x0 linker stubs

.iplt           0x0000000008005fa4        0x0
 .iplt          0x0000000008005fa4        0x0 c:/st/stm32cubeide_1.6.0/stm32cubeide/plugins/com.st.stm32cube.ide.mcu.externaltools.gnu-tools-for-stm32.9-2020-q2-update.win32_1.5.0.202011040924/tools/bin/../lib/gcc/arm-none-eabi/9.3.1/thumb/v7e-m+fp/hard/crtbegin.o

.rodata         0x0000000008005fa4      0x3f4
                0x0000000008005fa4                . = ALIGN (0x4)
 *(.rodata)
 .rodata        0x0000000008005fa4      0x1c6 Core/Src/main.o
 *fill*         0x000000000800616a        0x2 
 .rodata        0x000000000800616c       0xd6 Core/Src/menu.o
 *(.rodata*)
 *fill*         0x0000000008006242        0x2 
 .rodata._ZTVN7CLIMenu4menuE
                0x0000000008006244       0x10 Core/Src/menu.o
                0x0000000008006244                vtable for CLIMenu::menu
 .rodata.AHBPrescTable
                0x0000000008006254       0x10 Core/Src/system_stm32f3xx.o
                0x0000000008006254                AHBPrescTable
 .rodata.APBPrescTable
                0x0000000008006264        0x8 Core/Src/system_stm32f3xx.o
                0x0000000008006264                APBPrescTable
 .rodata.aPLLMULFactorTable
                0x000000000800626c       0x10 Drivers/STM32F3xx_HAL_Driver/Src/stm32f3xx_hal_rcc.o
                0x000000000800626c                aPLLMULFactorTable
 .rodata.aPredivFactorTable
                0x000000000800627c       0x10 Drivers/STM32F3xx_HAL_Driver/Src/stm32f3xx_hal_rcc.o
                0x000000000800627c                aPredivFactorTable
 .rodata._ZN9__gnu_cxx26__throw_insufficient_spaceEPKcS1_.str1.1
                0x000000000800628c       0x69 c:/st/stm32cubeide_1.6.0/stm32cubeide/plugins/com.st.stm32cube.ide.mcu.externaltools.gnu-tools-for-stm32.9-2020-q2-update.win32_1.5.0.202011040924/tools/bin/../lib/gcc/arm-none-eabi/9.3.1/../../../../arm-none-eabi/lib/thumb/v7e-m+fp/hard\libstdc++_nano.a(snprintf_lite.o)
 .rodata._ZN9__gnu_cxx15__concat_size_tEPcjj.str1.1
                0x00000000080062f5        0xb c:/st/stm32cubeide_1.6.0/stm32cubeide/plugins/com.st.stm32cube.ide.mcu.externaltools.gnu-tools-for-stm32.9-2020-q2-update.win32_1.5.0.202011040924/tools/bin/../lib/gcc/arm-none-eabi/9.3.1/../../../../arm-none-eabi/lib/thumb/v7e-m+fp/hard\libstdc++_nano.a(snprintf_lite.o)
 .rodata.__sf_fake_stderr
                0x0000000008006300       0x20 c:/st/stm32cubeide_1.6.0/stm32cubeide/plugins/com.st.stm32cube.ide.mcu.externaltools.gnu-tools-for-stm32.9-2020-q2-update.win32_1.5.0.202011040924/tools/bin/../lib/gcc/arm-none-eabi/9.3.1/../../../../arm-none-eabi/lib/thumb/v7e-m+fp/hard\libc_nano.a(lib_a-findfp.o)
                0x0000000008006300                __sf_fake_stderr
 .rodata.__sf_fake_stdin
                0x0000000008006320       0x20 c:/st/stm32cubeide_1.6.0/stm32cubeide/plugins/com.st.stm32cube.ide.mcu.externaltools.gnu-tools-for-stm32.9-2020-q2-update.win32_1.5.0.202011040924/tools/bin/../lib/gcc/arm-none-eabi/9.3.1/../../../../arm-none-eabi/lib/thumb/v7e-m+fp/hard\libc_nano.a(lib_a-findfp.o)
                0x0000000008006320                __sf_fake_stdin
 .rodata.__sf_fake_stdout
                0x0000000008006340       0x20 c:/st/stm32cubeide_1.6.0/stm32cubeide/plugins/com.st.stm32cube.ide.mcu.externaltools.gnu-tools-for-stm32.9-2020-q2-update.win32_1.5.0.202011040924/tools/bin/../lib/gcc/arm-none-eabi/9.3.1/../../../../arm-none-eabi/lib/thumb/v7e-m+fp/hard\libc_nano.a(lib_a-findfp.o)
                0x0000000008006340                __sf_fake_stdout
 .rodata._global_impure_ptr
                0x0000000008006360        0x4 c:/st/stm32cubeide_1.6.0/stm32cubeide/plugins/com.st.stm32cube.ide.mcu.externaltools.gnu-tools-for-stm32.9-2020-q2-update.win32_1.5.0.202011040924/tools/bin/../lib/gcc/arm-none-eabi/9.3.1/../../../../arm-none-eabi/lib/thumb/v7e-m+fp/hard\libc_nano.a(lib_a-impure.o)
                0x0000000008006360                _global_impure_ptr
 .rodata._vfprintf_r.str1.1
                0x0000000008006364       0x11 c:/st/stm32cubeide_1.6.0/stm32cubeide/plugins/com.st.stm32cube.ide.mcu.externaltools.gnu-tools-for-stm32.9-2020-q2-update.win32_1.5.0.202011040924/tools/bin/../lib/gcc/arm-none-eabi/9.3.1/../../../../arm-none-eabi/lib/thumb/v7e-m+fp/hard\libc_nano.a(lib_a-nano-vfprintf.o)
 .rodata._printf_i.str1.1
                0x0000000008006375       0x22 c:/st/stm32cubeide_1.6.0/stm32cubeide/plugins/com.st.stm32cube.ide.mcu.externaltools.gnu-tools-for-stm32.9-2020-q2-update.win32_1.5.0.202011040924/tools/bin/../lib/gcc/arm-none-eabi/9.3.1/../../../../arm-none-eabi/lib/thumb/v7e-m+fp/hard\libc_nano.a(lib_a-nano-vfprintf_i.o)
                0x0000000008006398                . = ALIGN (0x4)
 *fill*         0x0000000008006397        0x1 

.rel.dyn        0x0000000008006398        0x0
 .rel.iplt      0x0000000008006398        0x0 c:/st/stm32cubeide_1.6.0/stm32cubeide/plugins/com.st.stm32cube.ide.mcu.externaltools.gnu-tools-for-stm32.9-2020-q2-update.win32_1.5.0.202011040924/tools/bin/../lib/gcc/arm-none-eabi/9.3.1/thumb/v7e-m+fp/hard/crtbegin.o

.ARM.extab      0x0000000008006398        0x0
                0x0000000008006398                . = ALIGN (0x4)
 *(.ARM.extab* .gnu.linkonce.armextab.*)
                0x0000000008006398                . = ALIGN (0x4)

.ARM            0x0000000008006398        0x0
                0x0000000008006398                . = ALIGN (0x4)
                0x0000000008006398                __exidx_start = .
 *(.ARM.exidx*)
                0x0000000008006398                __exidx_end = .
                0x0000000008006398                . = ALIGN (0x4)

.preinit_array  0x0000000008006398        0x0
                0x0000000008006398                . = ALIGN (0x4)
                0x0000000008006398                PROVIDE (__preinit_array_start = .)
 *(.preinit_array*)
                0x0000000008006398                PROVIDE (__preinit_array_end = .)
                0x0000000008006398                . = ALIGN (0x4)

.init_array     0x0000000008006398        0x8
                0x0000000008006398                . = ALIGN (0x4)
                0x0000000008006398                PROVIDE (__init_array_start = .)
 *(SORT_BY_NAME(.init_array.*))
 *(.init_array*)
 .init_array    0x0000000008006398        0x4 c:/st/stm32cubeide_1.6.0/stm32cubeide/plugins/com.st.stm32cube.ide.mcu.externaltools.gnu-tools-for-stm32.9-2020-q2-update.win32_1.5.0.202011040924/tools/bin/../lib/gcc/arm-none-eabi/9.3.1/thumb/v7e-m+fp/hard/crtbegin.o
 .init_array    0x000000000800639c        0x4 Core/Src/main.o
                0x00000000080063a0                PROVIDE (__init_array_end = .)
                0x00000000080063a0                . = ALIGN (0x4)

.fini_array     0x00000000080063a0        0x8
                0x00000000080063a0                . = ALIGN (0x4)
                [!provide]                        PROVIDE (__fini_array_start = .)
 *(SORT_BY_NAME(.fini_array.*))
 *(.fini_array*)
 .fini_array    0x00000000080063a0        0x4 c:/st/stm32cubeide_1.6.0/stm32cubeide/plugins/com.st.stm32cube.ide.mcu.externaltools.gnu-tools-for-stm32.9-2020-q2-update.win32_1.5.0.202011040924/tools/bin/../lib/gcc/arm-none-eabi/9.3.1/thumb/v7e-m+fp/hard/crtbegin.o
 .fini_array    0x00000000080063a4        0x4 Core/Src/main.o
                [!provide]                        PROVIDE (__fini_array_end = .)
                0x00000000080063a8                . = ALIGN (0x4)
                0x00000000080063a8                _sidata = LOADADDR (.data)

.data           0x0000000020000000       0x70 load address 0x00000000080063a8
                0x0000000020000000                . = ALIGN (0x4)
                0x0000000020000000                _sdata = .
 *(.data)
 *(.data*)
 .data.SystemCoreClock
                0x0000000020000000        0x4 Core/Src/system_stm32f3xx.o
                0x0000000020000000                SystemCoreClock
 .data.uwTickPrio
                0x0000000020000004        0x4 Drivers/STM32F3xx_HAL_Driver/Src/stm32f3xx_hal.o
                0x0000000020000004                uwTickPrio
 .data.uwTickFreq
                0x0000000020000008        0x1 Drivers/STM32F3xx_HAL_Driver/Src/stm32f3xx_hal.o
                0x0000000020000008                uwTickFreq
 *fill*         0x0000000020000009        0x3 
 .data._impure_ptr
                0x000000002000000c        0x4 c:/st/stm32cubeide_1.6.0/stm32cubeide/plugins/com.st.stm32cube.ide.mcu.externaltools.gnu-tools-for-stm32.9-2020-q2-update.win32_1.5.0.202011040924/tools/bin/../lib/gcc/arm-none-eabi/9.3.1/../../../../arm-none-eabi/lib/thumb/v7e-m+fp/hard\libc_nano.a(lib_a-impure.o)
                0x000000002000000c                _impure_ptr
 .data.impure_data
                0x0000000020000010       0x60 c:/st/stm32cubeide_1.6.0/stm32cubeide/plugins/com.st.stm32cube.ide.mcu.externaltools.gnu-tools-for-stm32.9-2020-q2-update.win32_1.5.0.202011040924/tools/bin/../lib/gcc/arm-none-eabi/9.3.1/../../../../arm-none-eabi/lib/thumb/v7e-m+fp/hard\libc_nano.a(lib_a-impure.o)
 *(.RamFunc)
 *(.RamFunc*)
                0x0000000020000070                . = ALIGN (0x4)
                0x0000000020000070                _edata = .

.igot.plt       0x0000000020000070        0x0 load address 0x0000000008006418
 .igot.plt      0x0000000020000070        0x0 c:/st/stm32cubeide_1.6.0/stm32cubeide/plugins/com.st.stm32cube.ide.mcu.externaltools.gnu-tools-for-stm32.9-2020-q2-update.win32_1.5.0.202011040924/tools/bin/../lib/gcc/arm-none-eabi/9.3.1/thumb/v7e-m+fp/hard/crtbegin.o
                0x0000000020000070                . = ALIGN (0x4)

.bss            0x0000000020000070      0x160 load address 0x0000000008006418
                0x0000000020000070                _sbss = .
                0x0000000020000070                __bss_start__ = _sbss
 *(.bss)
 .bss           0x0000000020000070       0x1c c:/st/stm32cubeide_1.6.0/stm32cubeide/plugins/com.st.stm32cube.ide.mcu.externaltools.gnu-tools-for-stm32.9-2020-q2-update.win32_1.5.0.202011040924/tools/bin/../lib/gcc/arm-none-eabi/9.3.1/thumb/v7e-m+fp/hard/crtbegin.o
 *(.bss*)
 .bss.hrtc      0x000000002000008c       0x20 Core/Src/main.o
                0x000000002000008c                hrtc
 .bss.huart2    0x00000000200000ac       0x84 Core/Src/main.o
                0x00000000200000ac                huart2
 .bss.mainMenu  0x0000000020000130       0x14 Core/Src/main.o
                0x0000000020000130                mainMenu
 .bss.wakeupMenu
                0x0000000020000144       0x14 Core/Src/main.o
                0x0000000020000144                wakeupMenu
 .bss.mainMenuItems
                0x0000000020000158       0x24 Core/Src/main.o
                0x0000000020000158                mainMenuItems
 .bss.wkupMenuItems
                0x000000002000017c       0x30 Core/Src/main.o
                0x000000002000017c                wkupMenuItems
 .bss.__sbrk_heap_end
                0x00000000200001ac        0x4 Core/Src/sysmem.o
 .bss._ZN12_GLOBAL__N_113__new_handlerE
                0x00000000200001b0        0x4 c:/st/stm32cubeide_1.6.0/stm32cubeide/plugins/com.st.stm32cube.ide.mcu.externaltools.gnu-tools-for-stm32.9-2020-q2-update.win32_1.5.0.202011040924/tools/bin/../lib/gcc/arm-none-eabi/9.3.1/../../../../arm-none-eabi/lib/thumb/v7e-m+fp/hard\libstdc++_nano.a(new_handler.o)
 .bss.__malloc_free_list
                0x00000000200001b4        0x4 c:/st/stm32cubeide_1.6.0/stm32cubeide/plugins/com.st.stm32cube.ide.mcu.externaltools.gnu-tools-for-stm32.9-2020-q2-update.win32_1.5.0.202011040924/tools/bin/../lib/gcc/arm-none-eabi/9.3.1/../../../../arm-none-eabi/lib/thumb/v7e-m+fp/hard\libc_nano.a(lib_a-nano-mallocr.o)
                0x00000000200001b4                __malloc_free_list
 .bss.__malloc_sbrk_start
                0x00000000200001b8        0x4 c:/st/stm32cubeide_1.6.0/stm32cubeide/plugins/com.st.stm32cube.ide.mcu.externaltools.gnu-tools-for-stm32.9-2020-q2-update.win32_1.5.0.202011040924/tools/bin/../lib/gcc/arm-none-eabi/9.3.1/../../../../arm-none-eabi/lib/thumb/v7e-m+fp/hard\libc_nano.a(lib_a-nano-mallocr.o)
                0x00000000200001b8                __malloc_sbrk_start
 *(COMMON)
 COMMON         0x00000000200001bc        0x4 Drivers/STM32F3xx_HAL_Driver/Src/stm32f3xx_hal.o
                0x00000000200001bc                uwTick
 COMMON         0x00000000200001c0        0x9 c:/st/stm32cubeide_1.6.0/stm32cubeide/plugins/com.st.stm32cube.ide.mcu.externaltools.gnu-tools-for-stm32.9-2020-q2-update.win32_1.5.0.202011040924/tools/bin/../lib/gcc/arm-none-eabi/9.3.1/../../../../arm-none-eabi/lib/thumb/v7e-m+fp/hard\libc_nano.a(lib_a-lock.o)
                0x00000000200001c0                __lock___atexit_recursive_mutex
                0x00000000200001c1                __lock___arc4random_mutex
                0x00000000200001c2                __lock___env_recursive_mutex
                0x00000000200001c3                __lock___sinit_recursive_mutex
                0x00000000200001c4                __lock___malloc_recursive_mutex
                0x00000000200001c5                __lock___at_quick_exit_mutex
                0x00000000200001c6                __lock___dd_hash_mutex
                0x00000000200001c7                __lock___tz_mutex
                0x00000000200001c8                __lock___sfp_recursive_mutex
 *fill*         0x00000000200001c9        0x3 
 COMMON         0x00000000200001cc        0x4 c:/st/stm32cubeide_1.6.0/stm32cubeide/plugins/com.st.stm32cube.ide.mcu.externaltools.gnu-tools-for-stm32.9-2020-q2-update.win32_1.5.0.202011040924/tools/bin/../lib/gcc/arm-none-eabi/9.3.1/../../../../arm-none-eabi/lib/thumb/v7e-m+fp/hard\libc_nano.a(lib_a-reent.o)
                0x00000000200001cc                errno
                0x00000000200001d0                . = ALIGN (0x4)
                0x00000000200001d0                _ebss = .