Archive member included to satisfy reference by file (symbol)

c:/st/stm32cubeide_1.6.0/stm32cubeide/plugins/com.st.stm32cube.ide.mcu.externaltools.gnu-tools-for-stm32.9-2020-q2-update.win32_1.5.0.202011040924/tools/bin/../lib/gcc/arm-none-eabi/9.3.1/../../../../arm-none-eabi/lib/thumb/v7e-m+fp/hard\libstdc++_nano.a(del_op.o)
                              Core/Src/menu.o (operator delete(void*))
c:/st/stm32cubeide_1.6.0/stm32cubeide/plugins/com.st.stm32cube.ide.mcu.externaltools.gnu-tools-for-stm32.9-2020-q2-update.win32_1.5.0.202011040924/tools/bin/../lib/gcc/arm-none-eabi/9.3.1/../../../../arm-none-eabi/lib/thumb/v7e-m+fp/hard\libstdc++_nano.a(del_ops.o)
                              Core/Src/menu.o (operator delete(void*, unsigned int))
c:/st/stm32cubeide_1.6.0/stm32cubeide/plugins/com.st.stm32cube.ide.mcu.externaltools.gnu-tools-for-stm32.9-2020-q2-update.win32_1.5.0.202011040924/tools/bin/../lib/gcc/arm-none-eabi/9.3.1/../../../../arm-none-eabi/lib/thumb/v7e-m+fp/hard\libstdc++_nano.a(new_op.o)
                              Core/Src/menu.o (operator new(unsigned int))
c:/st/stm32cubeide_1.6.0/stm32cubeide/plugins/com.st.stm32cube.ide.mcu.externaltools.gnu-tools-for-stm32.9-2020-q2-update.win32_1.5.0.202011040924/tools/bin/../lib/gcc/arm-none-eabi/9.3.1/../../../../arm-none-eabi/lib/thumb/v7e-m+fp/hard\libstdc++_nano.a(functexcept.o)
                              Core/Src/menu.o (std::__throw_bad_alloc())
c:/st/stm32cubeide_1.6.0/stm32cubeide/plugins/com.st.stm32cube.ide.mcu.externaltools.gnu-tools-for-stm32.9-2020-q2-update.win32_1.5.0.202011040924/tools/bin/../lib/gcc/arm-none-eabi/9.3.1/../../../../arm-none-eabi/lib/thumb/v7e-m+fp/hard\libstdc++_nano.a(snprintf_lite.o)
                              c:/st/stm32cubeide_1.6.0/stm32cubeide/plugins/com.st.stm32cube.ide.mcu.externaltools.gnu-tools-for-stm32.9-2020-q2-update.win32_1.5.0.202011040924/tools/bin/../lib/gcc/arm-none-eabi/9.3.1/../../../../arm-none-eabi/lib/thumb/v7e-m+fp/hard\libstdc++_nano.a(functexcept.o) (__gnu_cxx::__snprintf_lite(char*, unsigned int, char const*, std::__va_list))
c:/st/stm32cubeide_1.6.0/stm32cubeide/plugins/com.st.stm32cube.ide.mcu.externaltools.gnu-tools-for-stm32.9-2020-q2-update.win32_1.5.0.202011040924/tools/bin/../lib/gcc/arm-none-eabi/9.3.1/../../../../arm-none-eabi/lib/thumb/v7e-m+fp/hard\libstdc++_nano.a(new_handler.o)
                              c:/st/stm32cubeide_1.6.0/stm32cubeide/plugins/com.st.stm32cube.ide.mcu.externaltools.gnu-tools-for-stm32.9-2020-q2-update.win32_1.5.0.202011040924/tools/bin/../lib/gcc/arm-none-eabi/9.3.1/../../../../arm-none-eabi/lib/thumb/v7e-m+fp/hard\libstdc++_nano.a(new_op.o) (std::get_new_handler())
c:/st/stm32cubeide_1.6.0/stm32cubeide/plugins/com.st.stm32cube.ide.mcu.externaltools.gnu-tools-for-stm32.9-2020-q2-update.win32_1.5.0.202011040924/tools/bin/../lib/gcc/arm-none-eabi/9.3.1/../../../../arm-none-eabi/lib/thumb/v7e-m+fp/hard\libc_nano.a(lib_a-abort.o)
                              c:/st/stm32cubeide_1.6.0/stm32cubeide/plugins/com.st.stm32cube.ide.mcu.externaltools.gnu-tools-for-stm32.9-2020-q2-update.win32_1.5.0.202011040924/tools/bin/../lib/gcc/arm-none-eabi/9.3.1/../../../../arm-none-eabi/lib/thumb/v7e-m+fp/hard\libstdc++_nano.a(new_op.o) (abort)
c:/st/stm32cubeide_1.6.0/stm32cubeide/plugins/com.st.stm32cube.ide.mcu.externaltools.gnu-tools-for-stm32.9-2020-q2-update.win32_1.5.0.202011040924/tools/bin/../lib/gcc/arm-none-eabi/9.3.1/../../../../arm-none-eabi/lib/thumb/v7e-m+fp/hard\libc_nano.a(lib_a-errno.o)
                              Core/Src/main.o (__errno)
c:/st/stm32cubeide_1.6.0/stm32cubeide/plugins/com.st.stm32cube.ide.mcu.externaltools.gnu-tools-for-stm32.9-2020-q2-update.win32_1.5.0.202011040924/tools/bin/../lib/gcc/arm-none-eabi/9.3.1/../../../../arm-none-eabi/lib/thumb/v7e-m+fp/hard\libc_nano.a(lib_a-exit.o)
                              c:/st/stm32cubeide_1.6.0/stm32cubeide/plugins/com.st.stm32cube.ide.mcu.externaltools.gnu-tools-for-stm32.9-2020-q2-update.win32_1.5.0.202011040924/tools/bin/../lib/gcc/arm-none-eabi/9.3.1/../../../../arm-none-eabi/lib/thumb/v7e-m+fp/hard/crt0.o (exit)
c:/st/stm32cubeide_1.6.0/stm32cubeide/plugins/com.st.stm32cube.ide.mcu.externaltools.gnu-tools-for-stm32.9-2020-q2-update.win32_1.5.0.202011040924/tools/bin/../lib/gcc/arm-none-eabi/9.3.1/../../../../arm-none-eabi/lib/thumb/v7e-m+fp/hard\libc_nano.a(lib_a-fflush.o)
                              Core/Src/menu.o (fflush)
c:/st/stm32cubeide_1.6.0/stm32cubeide/plugins/com.st.stm32cube.ide.mcu.externaltools.gnu-tools-for-stm32.9-2020-q2-update.win32_1.5.0.202011040924/tools/bin/../lib/gcc/arm-none-eabi/9.3.1/../../../../arm-none-eabi/lib/thumb/v7e-m+fp/hard\libc_nano.a(lib_a-findfp.o)
[...]
Memory Configuration

Name             Origin             Length             Attributes
CCMRAM           0x0000000010000000 0x0000000000004000 xrw
RAM              0x0000000020000000 0x0000000000010000 xrw
FLASH            0x0000000008000000 0x0000000000080000 xr
*default*        0x0000000000000000 0xffffffffffffffff

Linker script and memory map

LOAD c:/st/stm32cubeide_1.6.0/stm32cubeide/plugins/com.st.stm32cube.ide.mcu.externaltools.gnu-tools-for-stm32.9-2020-q2-update.win32_1.5.0.202011040924/tools/bin/../lib/gcc/arm-none-eabi/9.3.1/thumb/v7e-m+fp/hard/crti.o
LOAD c:/st/stm32cubeide_1.6.0/stm32cubeide/plugins/com.st.stm32cube.ide.mcu.externaltools.gnu-tools-for-stm32.9-2020-q2-update.win32_1.5.0.202011040924/tools/bin/../lib/gcc/arm-none-eabi/9.3.1/thumb/v7e-m+fp/hard/crtbegin.o
LOAD c:/st/stm32cubeide_1.6.0/stm32cubeide/plugins/com.st.stm32cube.ide.mcu.externaltools.gnu-tools-for-stm32.9-2020-q2-update.win32_1.5.0.202011040924/tools/bin/../lib/gcc/arm-none-eabi/9.3.1/../../../../arm-none-eabi/lib/thumb/v7e-m+fp/hard/crt0.o
LOAD Core/Src/gpio.o
LOAD Core/Src/main.o
LOAD Core/Src/menu.o
LOAD Core/Src/rtc.o
LOAD Core/Src/stm32f3xx_hal_msp.o
LOAD Core/Src/stm32f3xx_it.o
LOAD Core/Src/syscalls.o
LOAD Core/Src/sysmem.o
LOAD Core/Src/system_stm32f3xx.o
LOAD Core/Src/usart.o
LOAD Core/Startup/startup_stm32f303retx.o
LOAD Drivers/STM32F3xx_HAL_Driver/Src/stm32f3xx_hal.o
LOAD Drivers/STM32F3xx_HAL_Driver/Src/stm32f3xx_hal_cortex.o
LOAD Drivers/STM32F3xx_HAL_Driver/Src/stm32f3xx_hal_dma.o
LOAD Drivers/STM32F3xx_HAL_Driver/Src/stm32f3xx_hal_exti.o
LOAD Drivers/STM32F3xx_HAL_Driver/Src/stm32f3xx_hal_flash.o
LOAD Drivers/STM32F3xx_HAL_Driver/Src/stm32f3xx_hal_flash_ex.o
LOAD Drivers/STM32F3xx_HAL_Driver/Src/stm32f3xx_hal_gpio.o
LOAD Drivers/STM32F3xx_HAL_Driver/Src/stm32f3xx_hal_i2c.o
LOAD Drivers/STM32F3xx_HAL_Driver/Src/stm32f3xx_hal_i2c_ex.o
LOAD Drivers/STM32F3xx_HAL_Driver/Src/stm32f3xx_hal_pwr.o
LOAD Drivers/STM32F3xx_HAL_Driver/Src/stm32f3xx_hal_pwr_ex.o
LOAD Drivers/STM32F3xx_HAL_Driver/Src/stm32f3xx_hal_rcc.o
LOAD Drivers/STM32F3xx_HAL_Driver/Src/stm32f3xx_hal_rcc_ex.o
LOAD Drivers/STM32F3xx_HAL_Driver/Src/stm32f3xx_hal_rtc.o
LOAD Drivers/STM32F3xx_HAL_Driver/Src/stm32f3xx_hal_rtc_ex.o
LOAD Drivers/STM32F3xx_HAL_Driver/Src/stm32f3xx_hal_tim.o
LOAD Drivers/STM32F3xx_HAL_Driver/Src/stm32f3xx_hal_tim_ex.o
LOAD Drivers/STM32F3xx_HAL_Driver/Src/stm32f3xx_hal_uart.o
LOAD Drivers/STM32F3xx_HAL_Driver/Src/stm32f3xx_hal_uart_ex.o
START GROUP
LOAD c:/st/stm32cubeide_1.6.0/stm32cubeide/plugins/com.st.stm32cube.ide.mcu.externaltools.gnu-tools-for-stm32.9-2020-q2-update.win32_1.5.0.202011040924/tools/bin/../lib/gcc/arm-none-eabi/9.3.1/../../../../arm-none-eabi/lib/thumb/v7e-m+fp/hard\libstdc++_nano.a
LOAD c:/st/stm32cubeide_1.6.0/stm32cubeide/plugins/com.st.stm32cube.ide.mcu.externaltools.gnu-tools-for-stm32.9-2020-q2-update.win32_1.5.0.202011040924/tools/bin/../lib/gcc/arm-none-eabi/9.3.1/../../../../arm-none-eabi/lib/thumb/v7e-m+fp/hard\libsupc++_nano.a
END GROUP
LOAD c:/st/stm32cubeide_1.6.0/stm32cubeide/plugins/com.st.stm32cube.ide.mcu.externaltools.gnu-tools-for-stm32.9-2020-q2-update.win32_1.5.0.202011040924/tools/bin/../lib/gcc/arm-none-eabi/9.3.1/../../../../arm-none-eabi/lib/thumb/v7e-m+fp/hard\libstdc++_nano.a
LOAD c:/st/stm32cubeide_1.6.0/stm32cubeide/plugins/com.st.stm32cube.ide.mcu.externaltools.gnu-tools-for-stm32.9-2020-q2-update.win32_1.5.0.202011040924/tools/bin/../lib/gcc/arm-none-eabi/9.3.1/../../../../arm-none-eabi/lib/thumb/v7e-m+fp/hard\libm.a
LOAD c:/st/stm32cubeide_1.6.0/stm32cubeide/plugins/com.st.stm32cube.ide.mcu.externaltools.gnu-tools-for-stm32.9-2020-q2-update.win32_1.5.0.202011040924/tools/bin/../lib/gcc/arm-none-eabi/9.3.1/../../../../arm-none-eabi/lib/thumb/v7e-m+fp/hard\libc_nano.a
START GROUP
LOAD c:/st/stm32cubeide_1.6.0/stm32cubeide/plugins/com.st.stm32cube.ide.mcu.externaltools.gnu-tools-for-stm32.9-2020-q2-update.win32_1.5.0.202011040924/tools/bin/../lib/gcc/arm-none-eabi/9.3.1/thumb/v7e-m+fp/hard\libgcc.a
LOAD c:/st/stm32cubeide_1.6.0/stm32cubeide/plugins/com.st.stm32cube.ide.mcu.externaltools.gnu-tools-for-stm32.9-2020-q2-update.win32_1.5.0.202011040924/tools/bin/../lib/gcc/arm-none-eabi/9.3.1/../../../../arm-none-eabi/lib/thumb/v7e-m+fp/hard\libc_nano.a
END GROUP
START GROUP
LOAD c:/st/stm32cubeide_1.6.0/stm32cubeide/plugins/com.st.stm32cube.ide.mcu.externaltools.gnu-tools-for-stm32.9-2020-q2-update.win32_1.5.0.202011040924/tools/bin/../lib/gcc/arm-none-eabi/9.3.1/thumb/v7e-m+fp/hard\libgcc.a
LOAD c:/st/stm32cubeide_1.6.0/stm32cubeide/plugins/com.st.stm32cube.ide.mcu.externaltools.gnu-tools-for-stm32.9-2020-q2-update.win32_1.5.0.202011040924/tools/bin/../lib/gcc/arm-none-eabi/9.3.1/../../../../arm-none-eabi/lib/thumb/v7e-m+fp/hard\libc_nano.a
END GROUP
LOAD c:/st/stm32cubeide_1.6.0/stm32cubeide/plugins/com.st.stm32cube.ide.mcu.externaltools.gnu-tools-for-stm32.9-2020-q2-update.win32_1.5.0.202011040924/tools/bin/../lib/gcc/arm-none-eabi/9.3.1/thumb/v7e-m+fp/hard/crtend.o
LOAD c:/st/stm32cubeide_1.6.0/stm32cubeide/plugins/com.st.stm32cube.ide.mcu.externaltools.gnu-tools-for-stm32.9-2020-q2-update.win32_1.5.0.202011040924/tools/bin/../lib/gcc/arm-none-eabi/9.3.1/thumb/v7e-m+fp/hard/crtn.o
                0x0000000020010000                _estack = (ORIGIN (RAM) + LENGTH (RAM))
                0x0000000000000200                _Min_Heap_Size = 0x200
                0x0000000000000400                _Min_Stack_Size = 0x400

.isr_vector     0x0000000008000000      0x194
                0x0000000008000000                . = ALIGN (0x4)
 *(.isr_vector)
 .isr_vector    0x0000000008000000      0x194 Core/Startup/startup_stm32f303retx.o
                0x0000000008000000                g_pfnVectors
                0x0000000008000194                . = ALIGN (0x4)

.text           0x00000000080001a0     0x610c
                0x00000000080001a0                . = ALIGN (0x4)
 *(.text)
 .text          0x00000000080001a0       0x40 c:/st/stm32cubeide_1.6.0/stm32cubeide/plugins/com.st.stm32cube.ide.mcu.externaltools.gnu-tools-for-stm32.9-2020-q2-update.win32_1.5.0.202011040924/tools/bin/../lib/gcc/arm-none-eabi/9.3.1/thumb/v7e-m+fp/hard/crtbegin.o
 .text          0x00000000080001e0       0x10 c:/st/stm32cubeide_1.6.0/stm32cubeide/plugins/com.st.stm32cube.ide.mcu.externaltools.gnu-tools-for-stm32.9-2020-q2-update.win32_1.5.0.202011040924/tools/bin/../lib/gcc/arm-none-eabi/9.3.1/../../../../arm-none-eabi/lib/thumb/v7e-m+fp/hard\libc_nano.a(lib_a-strlen.o)
                0x00000000080001e0                strlen
 .text          0x00000000080001f0       0xa0 c:/st/stm32cubeide_1.6.0/stm32cubeide/plugins/com.st.stm32cube.ide.mcu.externaltools.gnu-tools-for-stm32.9-2020-q2-update.win32_1.5.0.202011040924/tools/bin/../lib/gcc/arm-none-eabi/9.3.1/../../../../arm-none-eabi/lib/thumb/v7e-m+fp/hard\libc_nano.a(lib_a-memchr.o)
                0x00000000080001f0                memchr
 *(.text*)
 .text.MX_GPIO_Init
                0x0000000008000290      0x10c Core/Src/gpio.o
                0x0000000008000290                MX_GPIO_Init
 .text._ZN7CLIMenu8menuItemC2EcPcPFvcE
                0x000000000800039c       0x30 Core/Src/main.o
                0x000000000800039c                CLIMenu::menuItem::menuItem(char, char*, void (*)(char))
                0x000000000800039c                CLIMenu::menuItem::menuItem(char, char*, void (*)(char))
 .text._read    0x00000000080003cc       0x3c Core/Src/main.o
                0x00000000080003cc                _read
 .text._write   0x0000000008000408       0x54 Core/Src/main.o
                0x0000000008000408                _write
 .text._Z23disableAllWakeupSourcesv
                0x000000000800045c       0x34 Core/Src/main.o
                0x000000000800045c                disableAllWakeupSources()
 .text._Z12sleepHandlerc
                0x0000000008000490       0x58 Core/Src/main.o
                0x0000000008000490                sleepHandler(char)
 .text._Z11stopHandlerc
                0x00000000080004e8       0x5c Core/Src/main.o
                0x00000000080004e8                stopHandler(char)
 .text._Z14standbyHandlerc
                0x0000000008000544       0x44 Core/Src/main.o
                0x0000000008000544                standbyHandler(char)
 .text._Z13backupHandlerc
                0x0000000008000588       0x20 Core/Src/main.o
                0x0000000008000588                backupHandler(char)
 .text._Z18readBackupRegisterm
                0x00000000080005a8       0x28 Core/Src/main.o
                0x00000000080005a8                readBackupRegister(unsigned long)
 .text._Z19writeBackupRegistermm
                0x00000000080005d0       0x34 Core/Src/main.o
                0x00000000080005d0                writeBackupRegister(unsigned long, unsigned long)
 .text._Z16listBackupMemoryc
                0x0000000008000604       0x84 Core/Src/main.o
                0x0000000008000604                listBackupMemory(char)
 .text._Z15setBackupMemoryc
                0x0000000008000688       0x88 Core/Src/main.o
                0x0000000008000688                setBackupMemory(char)
 .text._Z19wakeupSourceHandlerc
                0x0000000008000710       0x58 Core/Src/main.o
                0x0000000008000710                wakeupSourceHandler(char)
 .text.main     0x0000000008000768       0xd8 Core/Src/main.o
                0x0000000008000768                main
 .text._Z18SystemClock_Configv
                0x0000000008000840       0xfc Core/Src/main.o
                0x0000000008000840                SystemClock_Config()
 .text.Error_Handler
                0x000000000800093c        0xa Core/Src/main.o
                0x000000000800093c                Error_Handler
 *fill*         0x0000000008000946        0x2 
 .text._Z41__static_initialization_and_destruction_0ii
                0x0000000008000948      0x1c0 Core/Src/main.o
 .text._GLOBAL__sub_I_hrtc
                0x0000000008000b08       0x10 Core/Src/main.o
 .text._GLOBAL__sub_D_hrtc
                0x0000000008000b18       0x10 Core/Src/main.o
 .text._ZnwjPv  0x0000000008000b28       0x18 Core/Src/menu.o
                0x0000000008000b28                operator new(unsigned int, void*)
 .text._ZNSt12_Vector_baseIPN7CLIMenu8menuItemESaIS2_EE12_Vector_implD2Ev
                0x0000000008000b40       0x18 Core/Src/menu.o
                0x0000000008000b40                std::_Vector_base<CLIMenu::menuItem*, std::allocator<CLIMenu::menuItem*> >::_Vector_impl::~_Vector_impl()
                0x0000000008000b40                std::_Vector_base<CLIMenu::menuItem*, std::allocator<CLIMenu::menuItem*> >::_Vector_impl::~_Vector_impl()
 .text._ZNSt12_Vector_baseIPN7CLIMenu8menuItemESaIS2_EEC2Ev
                0x0000000008000b58       0x1a Core/Src/menu.o
                0x0000000008000b58                std::_Vector_base<CLIMenu::menuItem*, std::allocator<CLIMenu::menuItem*> >::_Vector_base()
                0x0000000008000b58                std::_Vector_base<CLIMenu::menuItem*, std::allocator<CLIMenu::menuItem*> >::_Vector_base()
 .text._ZNSt6vectorIPN7CLIMenu8menuItemESaIS2_EEC2Ev
                0x0000000008000b72       0x1a Core/Src/menu.o
                0x0000000008000b72                std::vector<CLIMenu::menuItem*, std::allocator<CLIMenu::menuItem*> >::vector()
                0x0000000008000b72                std::vector<CLIMenu::menuItem*, std::allocator<CLIMenu::menuItem*> >::vector()
 .text._ZN7CLIMenu4menuC2EPc
                0x0000000008000b8c       0x30 Core/Src/menu.o
                0x0000000008000b8c                CLIMenu::menu::menu(char*)
                0x0000000008000b8c                CLIMenu::menu::menu(char*)
 .text._ZN7CLIMenu4menuD2Ev
                0x0000000008000bbc       0x28 Core/Src/menu.o
                0x0000000008000bbc                CLIMenu::menu::~menu()
                0x0000000008000bbc                CLIMenu::menu::~menu()
 .text._ZN7CLIMenu4menuD0Ev
                0x0000000008000be4       0x20 Core/Src/menu.o
                0x0000000008000be4                CLIMenu::menu::~menu()
 .text._ZN7CLIMenu4menu7addItemEPNS_8menuItemE
                0x0000000008000c04       0x20 Core/Src/menu.o
                0x0000000008000c04                CLIMenu::menu::addItem(CLIMenu::menuItem*)
 .text._ZN7CLIMenu4menu3runEb
                0x0000000008000c24      0x14c Core/Src/menu.o
                0x0000000008000c24                CLIMenu::menu::run(bool)
 .text._ZNSt12_Vector_baseIPN7CLIMenu8menuItemESaIS2_EE12_Vector_implC2Ev
                0x0000000008000d70       0x20 Core/Src/menu.o
                0x0000000008000d70                std::_Vector_base<CLIMenu::menuItem*, std::allocator<CLIMenu::menuItem*> >::_Vector_impl::_Vector_impl()
                0x0000000008000d70                std::_Vector_base<CLIMenu::menuItem*, std::allocator<CLIMenu::menuItem*> >::_Vector_impl::_Vector_impl()
 .text._ZNSaIPN7CLIMenu8menuItemEED2Ev
                0x0000000008000d90       0x18 Core/Src/menu.o
                0x0000000008000d90                std::allocator<CLIMenu::menuItem*>::~allocator()
                0x0000000008000d90                std::allocator<CLIMenu::menuItem*>::~allocator()
 .text._ZNSt12_Vector_baseIPN7CLIMenu8menuItemESaIS2_EED2Ev
                0x0000000008000da8       0x32 Core/Src/menu.o
                0x0000000008000da8                std::_Vector_base<CLIMenu::menuItem*, std::allocator<CLIMenu::menuItem*> >::~_Vector_base()
                0x0000000008000da8                std::_Vector_base<CLIMenu::menuItem*, std::allocator<CLIMenu::menuItem*> >::~_Vector_base()
 .text._ZNSt6vectorIPN7CLIMenu8menuItemESaIS2_EED2Ev
                0x0000000008000dda       0x36 Core/Src/menu.o
                0x0000000008000dda                std::vector<CLIMenu::menuItem*, std::allocator<CLIMenu::menuItem*> >::~vector()
                0x0000000008000dda                std::vector<CLIMenu::menuItem*, std::allocator<CLIMenu::menuItem*> >::~vector()
 .text._ZNSt6vectorIPN7CLIMenu8menuItemESaIS2_EE9push_backERKS2_
                0x0000000008000e10       0x4a Core/Src/menu.o
                0x0000000008000e10                std::vector<CLIMenu::menuItem*, std::allocator<CLIMenu::menuItem*> >::push_back(CLIMenu::menuItem* const&)
 .text._ZNKSt6vectorIPN7CLIMenu8menuItemESaIS2_EE4sizeEv
                0x0000000008000e5a       0x20 Core/Src/menu.o
                0x0000000008000e5a                std::vector<CLIMenu::menuItem*, std::allocator<CLIMenu::menuItem*> >::size() const
 .text._ZNSt6vectorIPN7CLIMenu8menuItemESaIS2_EE2atEj
                0x0000000008000e7a       0x24 Core/Src/menu.o
                0x0000000008000e7a                std::vector<CLIMenu::menuItem*, std::allocator<CLIMenu::menuItem*> >::at(unsigned int)
 .text._ZNSaIPN7CLIMenu8menuItemEEC2Ev
                0x0000000008000e9e       0x18 Core/Src/menu.o
                0x0000000008000e9e                std::allocator<CLIMenu::menuItem*>::allocator()
                0x0000000008000e9e                std::allocator<CLIMenu::menuItem*>::allocator()
 .text._ZNSt12_Vector_baseIPN7CLIMenu8menuItemESaIS2_EE17_Vector_impl_dataC2Ev
                0x0000000008000eb6       0x28 Core/Src/menu.o
                0x0000000008000eb6                std::_Vector_base<CLIMenu::menuItem*, std::allocator<CLIMenu::menuItem*> >::_Vector_impl_data::_Vector_impl_data()
                0x0000000008000eb6                std::_Vector_base<CLIMenu::menuItem*, std::allocator<CLIMenu::menuItem*> >::_Vector_impl_data::_Vector_impl_data()
 .text._ZN9__gnu_cxx13new_allocatorIPN7CLIMenu8menuItemEED2Ev
                0x0000000008000ede       0x16 Core/Src/menu.o
                0x0000000008000ede                __gnu_cxx::new_allocator<CLIMenu::menuItem*>::~new_allocator()
                0x0000000008000ede                __gnu_cxx::new_allocator<CLIMenu::menuItem*>::~new_allocator()
 .text._ZNSt12_Vector_baseIPN7CLIMenu8menuItemESaIS2_EE13_M_deallocateEPS2_j
                0x0000000008000ef4       0x26 Core/Src/menu.o
                0x0000000008000ef4                std::_Vector_base<CLIMenu::menuItem*, std::allocator<CLIMenu::menuItem*> >::_M_deallocate(CLIMenu::menuItem**, unsigned int)
 .text._ZNSt12_Vector_baseIPN7CLIMenu8menuItemESaIS2_EE19_M_get_Tp_allocatorEv
                0x0000000008000f1a       0x16 Core/Src/menu.o
                0x0000000008000f1a                std::_Vector_base<CLIMenu::menuItem*, std::allocator<CLIMenu::menuItem*> >::_M_get_Tp_allocator()
 .text._ZSt8_DestroyIPPN7CLIMenu8menuItemES2_EvT_S4_RSaIT0_E
                0x0000000008000f30       0x1c Core/Src/menu.o
                0x0000000008000f30                void std::_Destroy<CLIMenu::menuItem**, CLIMenu::menuItem*>(CLIMenu::menuItem**, CLIMenu::menuItem**, std::allocator<CLIMenu::menuItem*>&)
 .text._ZNSt16allocator_traitsISaIPN7CLIMenu8menuItemEEE9constructIS2_JRKS2_EEEvRS3_PT_DpOT0_
                0x0000000008000f4c       0x26 Core/Src/menu.o
                0x0000000008000f4c                void std::allocator_traits<std::allocator<CLIMenu::menuItem*> >::construct<CLIMenu::menuItem*, CLIMenu::menuItem* const&>(std::allocator<CLIMenu::menuItem*>&, CLIMenu::menuItem**, CLIMenu::menuItem* const&)
 .text._ZNSt6vectorIPN7CLIMenu8menuItemESaIS2_EE3endEv
                0x0000000008000f72       0x22 Core/Src/menu.o
                0x0000000008000f72                std::vector<CLIMenu::menuItem*, std::allocator<CLIMenu::menuItem*> >::end()
 .text._ZNSt6vectorIPN7CLIMenu8menuItemESaIS2_EE15_S_use_relocateEv
                0x0000000008000f94       0x16 Core/Src/menu.o
                0x0000000008000f94                std::vector<CLIMenu::menuItem*, std::allocator<CLIMenu::menuItem*> >::_S_use_relocate()
 .text._ZNSt6vectorIPN7CLIMenu8menuItemESaIS2_EE19_S_nothrow_relocateESt17integral_constantIbLb1EE
                0x0000000008000faa       0x16 Core/Src/menu.o
                0x0000000008000faa                std::vector<CLIMenu::menuItem*, std::allocator<CLIMenu::menuItem*> >::_S_nothrow_relocate(std::integral_constant<bool, true>)
 .text._ZNSt6vectorIPN7CLIMenu8menuItemESaIS2_EE17_M_realloc_insertIJRKS2_EEEvN9__gnu_cxx17__normal_iteratorIPS2_S4_EEDpOT_
                0x0000000008000fc0      0x178 Core/Src/menu.o
                0x0000000008000fc0                void std::vector<CLIMenu::menuItem*, std::allocator<CLIMenu::menuItem*> >::_M_realloc_insert<CLIMenu::menuItem* const&>(__gnu_cxx::__normal_iterator<CLIMenu::menuItem**, std::vector<CLIMenu::menuItem*, std::allocator<CLIMenu::menuItem*> > >, CLIMenu::menuItem* const&)
 .text._ZNKSt6vectorIPN7CLIMenu8menuItemESaIS2_EE14_M_range_checkEj
                0x0000000008001138       0x40 Core/Src/menu.o
                0x0000000008001138                std::vector<CLIMenu::menuItem*, std::allocator<CLIMenu::menuItem*> >::_M_range_check(unsigned int) const
 .text._ZNSt6vectorIPN7CLIMenu8menuItemESaIS2_EEixEj
                0x0000000008001178       0x20 Core/Src/menu.o
                0x0000000008001178                std::vector<CLIMenu::menuItem*, std::allocator<CLIMenu::menuItem*> >::operator[](unsigned int)
 .text._ZN9__gnu_cxx13new_allocatorIPN7CLIMenu8menuItemEEC2Ev
                0x0000000008001198       0x16 Core/Src/menu.o
                0x0000000008001198                __gnu_cxx::new_allocator<CLIMenu::menuItem*>::new_allocator()
                0x0000000008001198                __gnu_cxx::new_allocator<CLIMenu::menuItem*>::new_allocator()
 .text._ZNSt16allocator_traitsISaIPN7CLIMenu8menuItemEEE10deallocateERS3_PS2_j
                0x00000000080011ae       0x1e Core/Src/menu.o
                0x00000000080011ae                std::allocator_traits<std::allocator<CLIMenu::menuItem*> >::deallocate(std::allocator<CLIMenu::menuItem*>&, CLIMenu::menuItem**, unsigned int)
 .text._ZSt8_DestroyIPPN7CLIMenu8menuItemEEvT_S4_
                0x00000000080011cc       0x1a Core/Src/menu.o
                0x00000000080011cc                void std::_Destroy<CLIMenu::menuItem**>(CLIMenu::menuItem**, CLIMenu::menuItem**)
 .text._ZSt7forwardIRKPN7CLIMenu8menuItemEEOT_RNSt16remove_referenceIS5_E4typeE
                0x00000000080011e6       0x16 Core/Src/menu.o
                0x00000000080011e6                CLIMenu::menuItem* const& std::forward<CLIMenu::menuItem* const&>(std::remove_reference<CLIMenu::menuItem* const&>::type&)
 .text._ZN9__gnu_cxx13new_allocatorIPN7CLIMenu8menuItemEE9constructIS3_JRKS3_EEEvPT_DpOT0_
                0x00000000080011fc       0x2c Core/Src/menu.o
                0x00000000080011fc                void __gnu_cxx::new_allocator<CLIMenu::menuItem*>::construct<CLIMenu::menuItem*, CLIMenu::menuItem* const&>(CLIMenu::menuItem**, CLIMenu::menuItem* const&)
 .text._ZN9__gnu_cxx17__normal_iteratorIPPN7CLIMenu8menuItemESt6vectorIS3_SaIS3_EEEC2ERKS4_
                0x0000000008001228       0x20 Core/Src/menu.o
                0x0000000008001228                __gnu_cxx::__normal_iterator<CLIMenu::menuItem**, std::vector<CLIMenu::menuItem*, std::allocator<CLIMenu::menuItem*> > >::__normal_iterator(CLIMenu::menuItem** const&)
                0x0000000008001228                __gnu_cxx::__normal_iterator<CLIMenu::menuItem**, std::vector<CLIMenu::menuItem*, std::allocator<CLIMenu::menuItem*> > >::__normal_iterator(CLIMenu::menuItem** const&)
 .text._ZNKSt6vectorIPN7CLIMenu8menuItemESaIS2_EE12_M_check_lenEjPKc
                0x0000000008001248       0x8e Core/Src/menu.o
                0x0000000008001248                std::vector<CLIMenu::menuItem*, std::allocator<CLIMenu::menuItem*> >::_M_check_len(unsigned int, char const*) const
 .text._ZNSt6vectorIPN7CLIMenu8menuItemESaIS2_EE5beginEv
                0x00000000080012d6       0x20 Core/Src/menu.o
                0x00000000080012d6                std::vector<CLIMenu::menuItem*, std::allocator<CLIMenu::menuItem*> >::begin()
 .text._ZN9__gnu_cxxmiIPPN7CLIMenu8menuItemESt6vectorIS3_SaIS3_EEEENS_17__normal_iteratorIT_T0_E15difference_typeERKSB_SE_
                0x00000000080012f6       0x2a Core/Src/menu.o
                0x00000000080012f6                __gnu_cxx::__normal_iterator<CLIMenu::menuItem**, std::vector<CLIMenu::menuItem*, std::allocator<CLIMenu::menuItem*> > >::difference_type __gnu_cxx::operator-<CLIMenu::menuItem**, std::vector<CLIMenu::menuItem*, std::allocator<CLIMenu::menuItem*> > >(__gnu_cxx::__normal_iterator<CLIMenu::menuItem**, std::vector<CLIMenu::menuItem*, std::allocator<CLIMenu::menuItem*> > > const&, __gnu_cxx::__normal_iterator<CLIMenu::menuItem**, std::vector<CLIMenu::menuItem*, std::allocator<CLIMenu::menuItem*> > > const&)
 .text._ZNSt12_Vector_baseIPN7CLIMenu8menuItemESaIS2_EE11_M_allocateEj
                0x0000000008001320       0x28 Core/Src/menu.o
                0x0000000008001320                std::_Vector_base<CLIMenu::menuItem*, std::allocator<CLIMenu::menuItem*> >::_M_allocate(unsigned int)
 .text._ZNSt6vectorIPN7CLIMenu8menuItemESaIS2_EE11_S_relocateEPS2_S5_S5_RS3_
                0x0000000008001348       0x28 Core/Src/menu.o
                0x0000000008001348                std::vector<CLIMenu::menuItem*, std::allocator<CLIMenu::menuItem*> >::_S_relocate(CLIMenu::menuItem**, CLIMenu::menuItem**, CLIMenu::menuItem**, std::allocator<CLIMenu::menuItem*>&)
 .text._ZNK9__gnu_cxx17__normal_iteratorIPPN7CLIMenu8menuItemESt6vectorIS3_SaIS3_EEE4baseEv
                0x0000000008001370       0x16 Core/Src/menu.o
                0x0000000008001370                __gnu_cxx::__normal_iterator<CLIMenu::menuItem**, std::vector<CLIMenu::menuItem*, std::allocator<CLIMenu::menuItem*> > >::base() const
 .text._ZSt34__uninitialized_move_if_noexcept_aIPPN7CLIMenu8menuItemES3_SaIS2_EET0_T_S6_S5_RT1_
                0x0000000008001386       0x32 Core/Src/menu.o
                0x0000000008001386                CLIMenu::menuItem** std::__uninitialized_move_if_noexcept_a<CLIMenu::menuItem**, CLIMenu::menuItem**, std::allocator<CLIMenu::menuItem*> >(CLIMenu::menuItem**, CLIMenu::menuItem**, CLIMenu::menuItem**, std::allocator<CLIMenu::menuItem*>&)
 .text._ZN9__gnu_cxx13new_allocatorIPN7CLIMenu8menuItemEE10deallocateEPS3_j
                0x00000000080013b8       0x1a Core/Src/menu.o
                0x00000000080013b8                __gnu_cxx::new_allocator<CLIMenu::menuItem*>::deallocate(CLIMenu::menuItem**, unsigned int)
 .text._ZNSt12_Destroy_auxILb1EE9__destroyIPPN7CLIMenu8menuItemEEEvT_S6_
                0x00000000080013d2       0x16 Core/Src/menu.o
                0x00000000080013d2                void std::_Destroy_aux<true>::__destroy<CLIMenu::menuItem**>(CLIMenu::menuItem**, CLIMenu::menuItem**)
 .text._ZNKSt6vectorIPN7CLIMenu8menuItemESaIS2_EE8max_sizeEv
                0x00000000080013e8       0x22 Core/Src/menu.o
                0x00000000080013e8                std::vector<CLIMenu::menuItem*, std::allocator<CLIMenu::menuItem*> >::max_size() const
 .text._ZSt3maxIjERKT_S2_S2_
                0x000000000800140a       0x28 Core/Src/menu.o
                0x000000000800140a                unsigned int const& std::max<unsigned int>(unsigned int const&, unsigned int const&)
 .text._ZNSt16allocator_traitsISaIPN7CLIMenu8menuItemEEE8allocateERS3_j
                0x0000000008001432       0x1e Core/Src/menu.o
                0x0000000008001432                std::allocator_traits<std::allocator<CLIMenu::menuItem*> >::allocate(std::allocator<CLIMenu::menuItem*>&, unsigned int)
 .text._ZNSt6vectorIPN7CLIMenu8menuItemESaIS2_EE14_S_do_relocateEPS2_S5_S5_RS3_St17integral_constantIbLb1EE
                0x0000000008001450       0x24 Core/Src/menu.o
                0x0000000008001450                std::vector<CLIMenu::menuItem*, std::allocator<CLIMenu::menuItem*> >::_S_do_relocate(CLIMenu::menuItem**, CLIMenu::menuItem**, CLIMenu::menuItem**, std::allocator<CLIMenu::menuItem*>&, std::integral_constant<bool, true>)
 .text._ZSt32__make_move_if_noexcept_iteratorIPN7CLIMenu8menuItemESt13move_iteratorIPS2_EET0_PT_
                0x0000000008001474       0x1e Core/Src/menu.o
                0x0000000008001474                std::move_iterator<CLIMenu::menuItem**> std::__make_move_if_noexcept_iterator<CLIMenu::menuItem*, std::move_iterator<CLIMenu::menuItem**> >(CLIMenu::menuItem**)
 .text._ZSt22__uninitialized_copy_aISt13move_iteratorIPPN7CLIMenu8menuItemEES4_S3_ET0_T_S7_S6_RSaIT1_E
                0x0000000008001492       0x22 Core/Src/menu.o
                0x0000000008001492                CLIMenu::menuItem** std::__uninitialized_copy_a<std::move_iterator<CLIMenu::menuItem**>, CLIMenu::menuItem**, CLIMenu::menuItem*>(std::move_iterator<CLIMenu::menuItem**>, std::move_iterator<CLIMenu::menuItem**>, CLIMenu::menuItem**, std::allocator<CLIMenu::menuItem*>&)
 .text._ZNSt6vectorIPN7CLIMenu8menuItemESaIS2_EE11_S_max_sizeERKS3_
                0x00000000080014b4       0x34 Core/Src/menu.o
                0x00000000080014b4                std::vector<CLIMenu::menuItem*, std::allocator<CLIMenu::menuItem*> >::_S_max_size(std::allocator<CLIMenu::menuItem*> const&)
 .text._ZNKSt12_Vector_baseIPN7CLIMenu8menuItemESaIS2_EE19_M_get_Tp_allocatorEv
                0x00000000080014e8       0x16 Core/Src/menu.o
                0x00000000080014e8                std::_Vector_base<CLIMenu::menuItem*, std::allocator<CLIMenu::menuItem*> >::_M_get_Tp_allocator() const
 .text._ZN9__gnu_cxx13new_allocatorIPN7CLIMenu8menuItemEE8allocateEjPKv
                0x00000000080014fe       0x3c Core/Src/menu.o
                0x00000000080014fe                __gnu_cxx::new_allocator<CLIMenu::menuItem*>::allocate(unsigned int, void const*)
 .text._ZSt12__relocate_aIPPN7CLIMenu8menuItemES3_SaIS2_EET0_T_S6_S5_RT1_
                0x000000000800153a       0x3a Core/Src/menu.o
                0x000000000800153a                CLIMenu::menuItem** std::__relocate_a<CLIMenu::menuItem**, CLIMenu::menuItem**, std::allocator<CLIMenu::menuItem*> >(CLIMenu::menuItem**, CLIMenu::menuItem**, CLIMenu::menuItem**, std::allocator<CLIMenu::menuItem*>&)
 .text._ZNSt13move_iteratorIPPN7CLIMenu8menuItemEEC2ES3_
                0x0000000008001574       0x1e Core/Src/menu.o
                0x0000000008001574                std::move_iterator<CLIMenu::menuItem**>::move_iterator(CLIMenu::menuItem**)
                0x0000000008001574                std::move_iterator<CLIMenu::menuItem**>::move_iterator(CLIMenu::menuItem**)
 .text._ZSt18uninitialized_copyISt13move_iteratorIPPN7CLIMenu8menuItemEES4_ET0_T_S7_S6_
                0x0000000008001592       0x24 Core/Src/menu.o
                0x0000000008001592                CLIMenu::menuItem** std::uninitialized_copy<std::move_iterator<CLIMenu::menuItem**>, CLIMenu::menuItem**>(std::move_iterator<CLIMenu::menuItem**>, std::move_iterator<CLIMenu::menuItem**>, CLIMenu::menuItem**)
 .text._ZNSt16allocator_traitsISaIPN7CLIMenu8menuItemEEE8max_sizeERKS3_
                0x00000000080015b6       0x18 Core/Src/menu.o
                0x00000000080015b6                std::allocator_traits<std::allocator<CLIMenu::menuItem*> >::max_size(std::allocator<CLIMenu::menuItem*> const&)
 .text._ZSt3minIjERKT_S2_S2_
                0x00000000080015ce       0x28 Core/Src/menu.o
                0x00000000080015ce                unsigned int const& std::min<unsigned int>(unsigned int const&, unsigned int const&)
 .text._ZNK9__gnu_cxx13new_allocatorIPN7CLIMenu8menuItemEE8max_sizeEv
                0x00000000080015f6       0x18 Core/Src/menu.o
                0x00000000080015f6                __gnu_cxx::new_allocator<CLIMenu::menuItem*>::max_size() const
 .text._ZSt12__niter_baseIPPN7CLIMenu8menuItemEET_S4_
                0x000000000800160e       0x16 Core/Src/menu.o
                0x000000000800160e                CLIMenu::menuItem** std::__niter_base<CLIMenu::menuItem**>(CLIMenu::menuItem**)
 .text._ZSt14__relocate_a_1IPN7CLIMenu8menuItemES2_ENSt9enable_ifIXsrSt24__is_bitwise_relocatableIT_vE5valueEPS5_E4typeES7_S7_S7_RSaIT0_E
                0x0000000008001624       0x3c Core/Src/menu.o
                0x0000000008001624                std::enable_if<std::__is_bitwise_relocatable<CLIMenu::menuItem*, void>::value, CLIMenu::menuItem**>::type std::__relocate_a_1<CLIMenu::menuItem*, CLIMenu::menuItem*>(CLIMenu::menuItem**, CLIMenu::menuItem**, CLIMenu::menuItem**, std::allocator<CLIMenu::menuItem*>&)
 .text._ZNSt20__uninitialized_copyILb1EE13__uninit_copyISt13move_iteratorIPPN7CLIMenu8menuItemEES6_EET0_T_S9_S8_
                0x0000000008001660       0x20 Core/Src/menu.o
                0x0000000008001660                CLIMenu::menuItem** std::__uninitialized_copy<true>::__uninit_copy<std::move_iterator<CLIMenu::menuItem**>, CLIMenu::menuItem**>(std::move_iterator<CLIMenu::menuItem**>, std::move_iterator<CLIMenu::menuItem**>, CLIMenu::menuItem**)
 .text._ZSt4copyISt13move_iteratorIPPN7CLIMenu8menuItemEES4_ET0_T_S7_S6_
                0x0000000008001680       0x30 Core/Src/menu.o
                0x0000000008001680                CLIMenu::menuItem** std::copy<std::move_iterator<CLIMenu::menuItem**>, CLIMenu::menuItem**>(std::move_iterator<CLIMenu::menuItem**>, std::move_iterator<CLIMenu::menuItem**>, CLIMenu::menuItem**)
 .text._ZSt12__miter_baseIPPN7CLIMenu8menuItemEEDTcl12__miter_basecldtfp_4baseEEESt13move_iteratorIT_E
                0x00000000080016b0       0x22 Core/Src/menu.o
                0x00000000080016b0                decltype (__miter_base(({parm#1}.base)())) std::__miter_base<CLIMenu::menuItem**>(std::move_iterator<CLIMenu::menuItem**>)
 .text._ZSt14__copy_move_a2ILb1EPPN7CLIMenu8menuItemES3_ET1_T0_S5_S4_
                0x00000000080016d2       0x46 Core/Src/menu.o
                0x00000000080016d2                CLIMenu::menuItem** std::__copy_move_a2<true, CLIMenu::menuItem**, CLIMenu::menuItem**>(CLIMenu::menuItem**, CLIMenu::menuItem**, CLIMenu::menuItem**)
 .text._ZNKSt13move_iteratorIPPN7CLIMenu8menuItemEE4baseEv
                0x0000000008001718       0x18 Core/Src/menu.o
                0x0000000008001718                std::move_iterator<CLIMenu::menuItem**>::base() const
 .text._ZSt12__miter_baseIPPN7CLIMenu8menuItemEET_S4_
                0x0000000008001730       0x16 Core/Src/menu.o
                0x0000000008001730                CLIMenu::menuItem** std::__miter_base<CLIMenu::menuItem**>(CLIMenu::menuItem**)
 .text._ZSt13__copy_move_aILb1EPPN7CLIMenu8menuItemES3_ET1_T0_S5_S4_
                0x0000000008001746       0x24 Core/Src/menu.o
                0x0000000008001746                CLIMenu::menuItem** std::__copy_move_a<true, CLIMenu::menuItem**, CLIMenu::menuItem**>(CLIMenu::menuItem**, CLIMenu::menuItem**, CLIMenu::menuItem**)
 .text._ZSt12__niter_wrapIPPN7CLIMenu8menuItemEET_RKS4_S4_
                0x000000000800176a       0x18 Core/Src/menu.o
                0x000000000800176a                CLIMenu::menuItem** std::__niter_wrap<CLIMenu::menuItem**>(CLIMenu::menuItem** const&, CLIMenu::menuItem**)
 .text._ZNSt11__copy_moveILb1ELb1ESt26random_access_iterator_tagE8__copy_mIPN7CLIMenu8menuItemEEEPT_PKS6_S9_S7_
                0x0000000008001782       0x3a Core/Src/menu.o
                0x0000000008001782                CLIMenu::menuItem** std::__copy_move<true, true, std::random_access_iterator_tag>::__copy_m<CLIMenu::menuItem*>(CLIMenu::menuItem* const*, CLIMenu::menuItem* const*, CLIMenu::menuItem**)
 .text.MX_RTC_Init
                0x00000000080017bc       0x60 Core/Src/rtc.o
                0x00000000080017bc                MX_RTC_Init
 .text.HAL_RTC_MspInit
                0x000000000800181c       0x58 Core/Src/rtc.o
                0x000000000800181c                HAL_RTC_MspInit
 .text.HAL_MspInit
                0x0000000008001874       0x48 Core/Src/stm32f3xx_hal_msp.o
                0x0000000008001874                HAL_MspInit
 .text.NMI_Handler
                0x00000000080018bc        0x6 Core/Src/stm32f3xx_it.o
                0x00000000080018bc                NMI_Handler
 .text.HardFault_Handler
                0x00000000080018c2        0x6 Core/Src/stm32f3xx_it.o
                0x00000000080018c2                HardFault_Handler
 .text.MemManage_Handler
                0x00000000080018c8        0x6 Core/Src/stm32f3xx_it.o
                0x00000000080018c8                MemManage_Handler
 .text.BusFault_Handler
                0x00000000080018ce        0x6 Core/Src/stm32f3xx_it.o
                0x00000000080018ce                BusFault_Handler
 .text.UsageFault_Handler
                0x00000000080018d4        0x6 Core/Src/stm32f3xx_it.o
                0x00000000080018d4                UsageFault_Handler
 .text.SVC_Handler
                0x00000000080018da        0xe Core/Src/stm32f3xx_it.o
                0x00000000080018da                SVC_Handler
 .text.DebugMon_Handler
                0x00000000080018e8        0xe Core/Src/stm32f3xx_it.o
                0x00000000080018e8                DebugMon_Handler
 .text.PendSV_Handler
                0x00000000080018f6        0xe Core/Src/stm32f3xx_it.o
                0x00000000080018f6                PendSV_Handler
 .text.SysTick_Handler
                0x0000000008001904        0xc Core/Src/stm32f3xx_it.o
                0x0000000008001904                SysTick_Handler
 .text.RTC_WKUP_IRQHandler
                0x0000000008001910       0x1c Core/Src/stm32f3xx_it.o
                0x0000000008001910                RTC_WKUP_IRQHandler
 .text.EXTI0_IRQHandler
                0x000000000800192c       0x12 Core/Src/stm32f3xx_it.o
                0x000000000800192c                EXTI0_IRQHandler
 *fill*         0x000000000800193e        0x2 
 .text.USART2_IRQHandler
                0x0000000008001940       0x14 Core/Src/stm32f3xx_it.o
                0x0000000008001940                USART2_IRQHandler
 .text.EXTI15_10_IRQHandler
                0x0000000008001954       0x14 Core/Src/stm32f3xx_it.o
                0x0000000008001954                EXTI15_10_IRQHandler
 .text._getpid  0x0000000008001968       0x10 Core/Src/syscalls.o
                0x0000000008001968                _getpid
 .text._kill    0x0000000008001978       0x20 Core/Src/syscalls.o
                0x0000000008001978                _kill
 .text._exit    0x0000000008001998       0x14 Core/Src/syscalls.o
                0x0000000008001998                _exit
 .text._close   0x00000000080019ac       0x18 Core/Src/syscalls.o
                0x00000000080019ac                _close
 .text._fstat   0x00000000080019c4       0x20 Core/Src/syscalls.o
                0x00000000080019c4                _fstat
 .text._isatty  0x00000000080019e4       0x16 Core/Src/syscalls.o
                0x00000000080019e4                _isatty
 .text._lseek   0x00000000080019fa       0x1a Core/Src/syscalls.o
                0x00000000080019fa                _lseek
 .text._sbrk    0x0000000008001a14       0x6c Core/Src/sysmem.o
                0x0000000008001a14                _sbrk
 .text.SystemInit
                0x0000000008001a80       0x24 Core/Src/system_stm32f3xx.o
                0x0000000008001a80                SystemInit
 .text.MX_USART2_UART_Init
                0x0000000008001aa4       0x60 Core/Src/usart.o
                0x0000000008001aa4                MX_USART2_UART_Init
 .text.HAL_UART_MspInit
                0x0000000008001b04       0x94 Core/Src/usart.o
                0x0000000008001b04                HAL_UART_MspInit
 .text.Reset_Handler
                0x0000000008001b98       0x50 Core/Startup/startup_stm32f303retx.o
                0x0000000008001b98                Reset_Handler
 .text.Default_Handler
                0x0000000008001be8        0x2 Core/Startup/startup_stm32f303retx.o
                0x0000000008001be8                RTC_Alarm_IRQHandler
                0x0000000008001be8                TIM8_TRG_COM_IRQHandler
                0x0000000008001be8                TIM8_CC_IRQHandler
                0x0000000008001be8                SPI4_IRQHandler
                0x0000000008001be8                TIM1_CC_IRQHandler
                0x0000000008001be8                USB_HP_IRQHandler
                0x0000000008001be8                PVD_IRQHandler
                0x0000000008001be8                TAMP_STAMP_IRQHandler
                0x0000000008001be8                EXTI3_IRQHandler
                0x0000000008001be8                I2C3_ER_IRQHandler
                0x0000000008001be8                USB_HP_CAN_TX_IRQHandler
                0x0000000008001be8                I2C2_EV_IRQHandler
                0x0000000008001be8                FPU_IRQHandler
                0x0000000008001be8                TIM1_UP_TIM16_IRQHandler
                0x0000000008001be8                ADC1_2_IRQHandler
                0x0000000008001be8                SPI1_IRQHandler
                0x0000000008001be8                CAN_SCE_IRQHandler
                0x0000000008001be8                TIM6_DAC_IRQHandler
                0x0000000008001be8                TIM8_UP_IRQHandler
                0x0000000008001be8                DMA2_Channel2_IRQHandler
                0x0000000008001be8                DMA1_Channel4_IRQHandler
                0x0000000008001be8                TIM20_TRG_COM_IRQHandler
                0x0000000008001be8                USART3_IRQHandler
                0x0000000008001be8                DMA1_Channel7_IRQHandler
                0x0000000008001be8                UART5_IRQHandler
                0x0000000008001be8                ADC3_IRQHandler
                0x0000000008001be8                TIM4_IRQHandler
                0x0000000008001be8                CAN_RX1_IRQHandler
                0x0000000008001be8                DMA2_Channel1_IRQHandler
                0x0000000008001be8                I2C1_EV_IRQHandler
                0x0000000008001be8                DMA1_Channel6_IRQHandler
                0x0000000008001be8                UART4_IRQHandler
                0x0000000008001be8                DMA2_Channel4_IRQHandler
                0x0000000008001be8                TIM3_IRQHandler
                0x0000000008001be8                RCC_IRQHandler
                0x0000000008001be8                TIM20_UP_IRQHandler
                0x0000000008001be8                DMA1_Channel1_IRQHandler
                0x0000000008001be8                Default_Handler
                0x0000000008001be8                USBWakeUp_RMP_IRQHandler
                0x0000000008001be8                TIM7_IRQHandler
                0x0000000008001be8                I2C3_EV_IRQHandler
                0x0000000008001be8                EXTI9_5_IRQHandler
                0x0000000008001be8                SPI2_IRQHandler
                0x0000000008001be8                USB_LP_CAN_RX0_IRQHandler
                0x0000000008001be8                DMA2_Channel5_IRQHandler
                0x0000000008001be8                DMA1_Channel5_IRQHandler
                0x0000000008001be8                USB_LP_IRQHandler
                0x0000000008001be8                EXTI4_IRQHandler
                0x0000000008001be8                TIM1_TRG_COM_TIM17_IRQHandler
                0x0000000008001be8                DMA1_Channel3_IRQHandler
                0x0000000008001be8                ADC4_IRQHandler
                0x0000000008001be8                WWDG_IRQHandler
                0x0000000008001be8                TIM2_IRQHandler
                0x0000000008001be8                COMP7_IRQHandler
                0x0000000008001be8                COMP1_2_3_IRQHandler
                0x0000000008001be8                EXTI1_IRQHandler
                0x0000000008001be8                COMP4_5_6_IRQHandler
                0x0000000008001be8                TIM20_BRK_IRQHandler
                0x0000000008001be8                I2C2_ER_IRQHandler
                0x0000000008001be8                DMA1_Channel2_IRQHandler
                0x0000000008001be8                TIM8_BRK_IRQHandler
                0x0000000008001be8                FLASH_IRQHandler
                0x0000000008001be8                TIM20_CC_IRQHandler
                0x0000000008001be8                USART1_IRQHandler
                0x0000000008001be8                SPI3_IRQHandler
                0x0000000008001be8                I2C1_ER_IRQHandler
                0x0000000008001be8                FMC_IRQHandler
                0x0000000008001be8                USBWakeUp_IRQHandler
                0x0000000008001be8                DMA2_Channel3_IRQHandler
                0x0000000008001be8                EXTI2_TSC_IRQHandler
                0x0000000008001be8                TIM1_BRK_TIM15_IRQHandler
 *fill*         0x0000000008001bea        0x2 
 .text.HAL_Init
                0x0000000008001bec       0x2c Drivers/STM32F3xx_HAL_Driver/Src/stm32f3xx_hal.o
                0x0000000008001bec                HAL_Init
 .text.HAL_InitTick
                0x0000000008001c18       0x60 Drivers/STM32F3xx_HAL_Driver/Src/stm32f3xx_hal.o
                0x0000000008001c18                HAL_InitTick
 .text.HAL_IncTick
                0x0000000008001c78       0x28 Drivers/STM32F3xx_HAL_Driver/Src/stm32f3xx_hal.o
                0x0000000008001c78                HAL_IncTick
 .text.HAL_GetTick
                0x0000000008001ca0       0x18 Drivers/STM32F3xx_HAL_Driver/Src/stm32f3xx_hal.o
                0x0000000008001ca0                HAL_GetTick
 .text.HAL_Delay
                0x0000000008001cb8       0x48 Drivers/STM32F3xx_HAL_Driver/Src/stm32f3xx_hal.o
                0x0000000008001cb8                HAL_Delay
 .text.HAL_SuspendTick
                0x0000000008001d00       0x20 Drivers/STM32F3xx_HAL_Driver/Src/stm32f3xx_hal.o
                0x0000000008001d00                HAL_SuspendTick
 .text.HAL_ResumeTick
                0x0000000008001d20       0x20 Drivers/STM32F3xx_HAL_Driver/Src/stm32f3xx_hal.o
                0x0000000008001d20                HAL_ResumeTick
 .text.__NVIC_SetPriorityGrouping
                0x0000000008001d40       0x48 Drivers/STM32F3xx_HAL_Driver/Src/stm32f3xx_hal_cortex.o
 .text.__NVIC_GetPriorityGrouping
                0x0000000008001d88       0x1c Drivers/STM32F3xx_HAL_Driver/Src/stm32f3xx_hal_cortex.o
 .text.__NVIC_EnableIRQ
                0x0000000008001da4       0x3c Drivers/STM32F3xx_HAL_Driver/Src/stm32f3xx_hal_cortex.o
 .text.__NVIC_DisableIRQ
                0x0000000008001de0       0x48 Drivers/STM32F3xx_HAL_Driver/Src/stm32f3xx_hal_cortex.o
 .text.__NVIC_SetPriority
                0x0000000008001e28       0x54 Drivers/STM32F3xx_HAL_Driver/Src/stm32f3xx_hal_cortex.o
 .text.NVIC_EncodePriority
                0x0000000008001e7c       0x66 Drivers/STM32F3xx_HAL_Driver/Src/stm32f3xx_hal_cortex.o
 *fill*         0x0000000008001ee2        0x2 
 .text.SysTick_Config
                0x0000000008001ee4       0x44 Drivers/STM32F3xx_HAL_Driver/Src/stm32f3xx_hal_cortex.o
 .text.HAL_NVIC_SetPriorityGrouping
                0x0000000008001f28       0x16 Drivers/STM32F3xx_HAL_Driver/Src/stm32f3xx_hal_cortex.o
                0x0000000008001f28                HAL_NVIC_SetPriorityGrouping
 .text.HAL_NVIC_SetPriority
                0x0000000008001f3e       0x38 Drivers/STM32F3xx_HAL_Driver/Src/stm32f3xx_hal_cortex.o
                0x0000000008001f3e                HAL_NVIC_SetPriority
 .text.HAL_NVIC_EnableIRQ
                0x0000000008001f76       0x1c Drivers/STM32F3xx_HAL_Driver/Src/stm32f3xx_hal_cortex.o
                0x0000000008001f76                HAL_NVIC_EnableIRQ
 .text.HAL_NVIC_DisableIRQ
                0x0000000008001f92       0x1c Drivers/STM32F3xx_HAL_Driver/Src/stm32f3xx_hal_cortex.o
                0x0000000008001f92                HAL_NVIC_DisableIRQ
 .text.HAL_SYSTICK_Config
                0x0000000008001fae       0x18 Drivers/STM32F3xx_HAL_Driver/Src/stm32f3xx_hal_cortex.o
                0x0000000008001fae                HAL_SYSTICK_Config
 .text.HAL_DMA_Abort
                0x0000000008001fc6       0x72 Drivers/STM32F3xx_HAL_Driver/Src/stm32f3xx_hal_dma.o
                0x0000000008001fc6                HAL_DMA_Abort
 .text.HAL_DMA_Abort_IT
                0x0000000008002038       0x7c Drivers/STM32F3xx_HAL_Driver/Src/stm32f3xx_hal_dma.o
                0x0000000008002038                HAL_DMA_Abort_IT
 .text.HAL_GPIO_Init
                0x00000000080020b4      0x314 Drivers/STM32F3xx_HAL_Driver/Src/stm32f3xx_hal_gpio.o
                0x00000000080020b4                HAL_GPIO_Init
 .text.HAL_GPIO_WritePin
                0x00000000080023c8       0x30 Drivers/STM32F3xx_HAL_Driver/Src/stm32f3xx_hal_gpio.o
                0x00000000080023c8                HAL_GPIO_WritePin
 .text.HAL_GPIO_EXTI_IRQHandler
                0x00000000080023f8       0x30 Drivers/STM32F3xx_HAL_Driver/Src/stm32f3xx_hal_gpio.o
                0x00000000080023f8                HAL_GPIO_EXTI_IRQHandler
 .text.HAL_GPIO_EXTI_Callback
                0x0000000008002428       0x16 Drivers/STM32F3xx_HAL_Driver/Src/stm32f3xx_hal_gpio.o
                0x0000000008002428                HAL_GPIO_EXTI_Callback
 *fill*         0x000000000800243e        0x2 
 .text.HAL_PWR_EnableBkUpAccess
                0x0000000008002440       0x20 Drivers/STM32F3xx_HAL_Driver/Src/stm32f3xx_hal_pwr.o
                0x0000000008002440                HAL_PWR_EnableBkUpAccess
 .text.HAL_PWR_DisableBkUpAccess
                0x0000000008002460       0x20 Drivers/STM32F3xx_HAL_Driver/Src/stm32f3xx_hal_pwr.o
                0x0000000008002460                HAL_PWR_DisableBkUpAccess
 .text.HAL_PWR_EnterSLEEPMode
                0x0000000008002480       0x38 Drivers/STM32F3xx_HAL_Driver/Src/stm32f3xx_hal_pwr.o
                0x0000000008002480                HAL_PWR_EnterSLEEPMode
 .text.HAL_PWR_EnterSTOPMode
                0x00000000080024b8       0x68 Drivers/STM32F3xx_HAL_Driver/Src/stm32f3xx_hal_pwr.o
                0x00000000080024b8                HAL_PWR_EnterSTOPMode
 .text.HAL_PWR_EnterSTANDBYMode
                0x0000000008002520       0x30 Drivers/STM32F3xx_HAL_Driver/Src/stm32f3xx_hal_pwr.o
                0x0000000008002520                HAL_PWR_EnterSTANDBYMode
 .text.HAL_RCC_OscConfig
                0x0000000008002550      0xe2c Drivers/STM32F3xx_HAL_Driver/Src/stm32f3xx_hal_rcc.o
                0x0000000008002550                HAL_RCC_OscConfig
 .text.HAL_RCC_ClockConfig
                0x000000000800337c      0x2f8 Drivers/STM32F3xx_HAL_Driver/Src/stm32f3xx_hal_rcc.o
                0x000000000800337c                HAL_RCC_ClockConfig
 .text.HAL_RCC_GetSysClockFreq
                0x0000000008003674       0xd4 Drivers/STM32F3xx_HAL_Driver/Src/stm32f3xx_hal_rcc.o
                0x0000000008003674                HAL_RCC_GetSysClockFreq
 .text.HAL_RCC_GetHCLKFreq
                0x0000000008003748       0x18 Drivers/STM32F3xx_HAL_Driver/Src/stm32f3xx_hal_rcc.o
                0x0000000008003748                HAL_RCC_GetHCLKFreq
 .text.HAL_RCC_GetPCLK1Freq
                0x0000000008003760       0x44 Drivers/STM32F3xx_HAL_Driver/Src/stm32f3xx_hal_rcc.o
                0x0000000008003760                HAL_RCC_GetPCLK1Freq
 .text.HAL_RCC_GetPCLK2Freq
                0x00000000080037a4       0x44 Drivers/STM32F3xx_HAL_Driver/Src/stm32f3xx_hal_rcc.o
                0x00000000080037a4                HAL_RCC_GetPCLK2Freq
 .text.HAL_RCCEx_PeriphCLKConfig
                0x00000000080037e8      0x43c Drivers/STM32F3xx_HAL_Driver/Src/stm32f3xx_hal_rcc_ex.o
                0x00000000080037e8                HAL_RCCEx_PeriphCLKConfig
 .text.HAL_RTC_Init
                0x0000000008003c24      0x122 Drivers/STM32F3xx_HAL_Driver/Src/stm32f3xx_hal_rtc.o
                0x0000000008003c24                HAL_RTC_Init
 .text.HAL_RTC_WaitForSynchro
                0x0000000008003d46       0x50 Drivers/STM32F3xx_HAL_Driver/Src/stm32f3xx_hal_rtc.o
                0x0000000008003d46                HAL_RTC_WaitForSynchro
 .text.RTC_EnterInitMode
                0x0000000008003d96       0x58 Drivers/STM32F3xx_HAL_Driver/Src/stm32f3xx_hal_rtc.o
                0x0000000008003d96                RTC_EnterInitMode
 *fill*         0x0000000008003dee        0x2 
 .text.HAL_RTCEx_SetWakeUpTimer_IT
                0x0000000008003df0      0x168 Drivers/STM32F3xx_HAL_Driver/Src/stm32f3xx_hal_rtc_ex.o
                0x0000000008003df0                HAL_RTCEx_SetWakeUpTimer_IT
 .text.HAL_RTCEx_DeactivateWakeUpTimer
                0x0000000008003f58       0xb0 Drivers/STM32F3xx_HAL_Driver/Src/stm32f3xx_hal_rtc_ex.o
                0x0000000008003f58                HAL_RTCEx_DeactivateWakeUpTimer
 .text.HAL_RTCEx_WakeUpTimerIRQHandler
                0x0000000008004008       0x48 Drivers/STM32F3xx_HAL_Driver/Src/stm32f3xx_hal_rtc_ex.o
                0x0000000008004008                HAL_RTCEx_WakeUpTimerIRQHandler
 .text.HAL_RTCEx_WakeUpTimerEventCallback
                0x0000000008004050       0x14 Drivers/STM32F3xx_HAL_Driver/Src/stm32f3xx_hal_rtc_ex.o
                0x0000000008004050                HAL_RTCEx_WakeUpTimerEventCallback
 .text.HAL_RTCEx_BKUPWrite
                0x0000000008004064       0x34 Drivers/STM32F3xx_HAL_Driver/Src/stm32f3xx_hal_rtc_ex.o
                0x0000000008004064                HAL_RTCEx_BKUPWrite
 .text.HAL_RTCEx_BKUPRead
                0x0000000008004098       0x30 Drivers/STM32F3xx_HAL_Driver/Src/stm32f3xx_hal_rtc_ex.o
                0x0000000008004098                HAL_RTCEx_BKUPRead
 .text.HAL_UART_Init
                0x00000000080040c8       0x9c Drivers/STM32F3xx_HAL_Driver/Src/stm32f3xx_hal_uart.o
                0x00000000080040c8                HAL_UART_Init
 .text.HAL_UART_Transmit
                0x0000000008004164      0x128 Drivers/STM32F3xx_HAL_Driver/Src/stm32f3xx_hal_uart.o
                0x0000000008004164                HAL_UART_Transmit
 .text.HAL_UART_Receive
                0x000000000800428c      0x1a2 Drivers/STM32F3xx_HAL_Driver/Src/stm32f3xx_hal_uart.o
                0x000000000800428c                HAL_UART_Receive
 *fill*         0x000000000800442e        0x2 
 .text.HAL_UART_IRQHandler
                0x0000000008004430      0x400 Drivers/STM32F3xx_HAL_Driver/Src/stm32f3xx_hal_uart.o
                0x0000000008004430                HAL_UART_IRQHandler
 .text.HAL_UART_TxCpltCallback
                0x0000000008004830       0x14 Drivers/STM32F3xx_HAL_Driver/Src/stm32f3xx_hal_uart.o
                0x0000000008004830                HAL_UART_TxCpltCallback
 .text.HAL_UART_ErrorCallback
                0x0000000008004844       0x14 Drivers/STM32F3xx_HAL_Driver/Src/stm32f3xx_hal_uart.o
                0x0000000008004844                HAL_UART_ErrorCallback
 .text.HAL_UARTEx_RxEventCallback
                0x0000000008004858       0x18 Drivers/STM32F3xx_HAL_Driver/Src/stm32f3xx_hal_uart.o
                0x0000000008004858                HAL_UARTEx_RxEventCallback
 .text.UART_SetConfig
                0x0000000008004870      0x3ac Drivers/STM32F3xx_HAL_Driver/Src/stm32f3xx_hal_uart.o
                0x0000000008004870                UART_SetConfig
 .text.UART_AdvFeatureConfig
                0x0000000008004c1c      0x144 Drivers/STM32F3xx_HAL_Driver/Src/stm32f3xx_hal_uart.o
                0x0000000008004c1c                UART_AdvFeatureConfig
 .text.UART_CheckIdleState
                0x0000000008004d60       0x92 Drivers/STM32F3xx_HAL_Driver/Src/stm32f3xx_hal_uart.o
                0x0000000008004d60                UART_CheckIdleState
 .text.UART_WaitOnFlagUntilTimeout
                0x0000000008004df2       0xf8 Drivers/STM32F3xx_HAL_Driver/Src/stm32f3xx_hal_uart.o
                0x0000000008004df2                UART_WaitOnFlagUntilTimeout
 .text.UART_EndRxTransfer
                0x0000000008004eea       0x5e Drivers/STM32F3xx_HAL_Driver/Src/stm32f3xx_hal_uart.o
 .text.UART_DMAAbortOnError
                0x0000000008004f48       0x2c Drivers/STM32F3xx_HAL_Driver/Src/stm32f3xx_hal_uart.o
 .text.UART_EndTransmit_IT
                0x0000000008004f74       0x32 Drivers/STM32F3xx_HAL_Driver/Src/stm32f3xx_hal_uart.o
 .text.HAL_UARTEx_WakeupCallback
                0x0000000008004fa6       0x14 Drivers/STM32F3xx_HAL_Driver/Src/stm32f3xx_hal_uart_ex.o
                0x0000000008004fa6                HAL_UARTEx_WakeupCallback
 .text._ZdlPv   0x0000000008004fba        0x4 c:/st/stm32cubeide_1.6.0/stm32cubeide/plugins/com.st.stm32cube.ide.mcu.externaltools.gnu-tools-for-stm32.9-2020-q2-update.win32_1.5.0.202011040924/tools/bin/../lib/gcc/arm-none-eabi/9.3.1/../../../../arm-none-eabi/lib/thumb/v7e-m+fp/hard\libstdc++_nano.a(del_op.o)
                0x0000000008004fba                operator delete(void*)
 .text._ZdlPvj  0x0000000008004fbe        0x4 c:/st/stm32cubeide_1.6.0/stm32cubeide/plugins/com.st.stm32cube.ide.mcu.externaltools.gnu-tools-for-stm32.9-2020-q2-update.win32_1.5.0.202011040924/tools/bin/../lib/gcc/arm-none-eabi/9.3.1/../../../../arm-none-eabi/lib/thumb/v7e-m+fp/hard\libstdc++_nano.a(del_ops.o)
                0x0000000008004fbe                operator delete(void*, unsigned int)
 .text._Znwj    0x0000000008004fc2       0x22 c:/st/stm32cubeide_1.6.0/stm32cubeide/plugins/com.st.stm32cube.ide.mcu.externaltools.gnu-tools-for-stm32.9-2020-q2-update.win32_1.5.0.202011040924/tools/bin/../lib/gcc/arm-none-eabi/9.3.1/../../../../arm-none-eabi/lib/thumb/v7e-m+fp/hard\libstdc++_nano.a(new_op.o)
                0x0000000008004fc2                operator new(unsigned int)
 .text.unlikely._ZSt17__throw_bad_allocv
                0x0000000008004fe4        0x6 c:/st/stm32cubeide_1.6.0/stm32cubeide/plugins/com.st.stm32cube.ide.mcu.externaltools.gnu-tools-for-stm32.9-2020-q2-update.win32_1.5.0.202011040924/tools/bin/../lib/gcc/arm-none-eabi/9.3.1/../../../../arm-none-eabi/lib/thumb/v7e-m+fp/hard\libstdc++_nano.a(functexcept.o)
                0x0000000008004fe4                std::__throw_bad_alloc()
 .text.unlikely._ZSt19__throw_logic_errorPKc
                0x0000000008004fea        0x6 c:/st/stm32cubeide_1.6.0/stm32cubeide/plugins/com.st.stm32cube.ide.mcu.externaltools.gnu-tools-for-stm32.9-2020-q2-update.win32_1.5.0.202011040924/tools/bin/../lib/gcc/arm-none-eabi/9.3.1/../../../../arm-none-eabi/lib/thumb/v7e-m+fp/hard\libstdc++_nano.a(functexcept.o)
                0x0000000008004fea                std::__throw_logic_error(char const*)
 .text.unlikely._ZSt20__throw_length_errorPKc
                0x0000000008004ff0        0x6 c:/st/stm32cubeide_1.6.0/stm32cubeide/plugins/com.st.stm32cube.ide.mcu.externaltools.gnu-tools-for-stm32.9-2020-q2-update.win32_1.5.0.202011040924/tools/bin/../lib/gcc/arm-none-eabi/9.3.1/../../../../arm-none-eabi/lib/thumb/v7e-m+fp/hard\libstdc++_nano.a(functexcept.o)
                0x0000000008004ff0                std::__throw_length_error(char const*)
 .text._ZSt24__throw_out_of_range_fmtPKcz
                0x0000000008004ff6       0x38 c:/st/stm32cubeide_1.6.0/stm32cubeide/plugins/com.st.stm32cube.ide.mcu.externaltools.gnu-tools-for-stm32.9-2020-q2-update.win32_1.5.0.202011040924/tools/bin/../lib/gcc/arm-none-eabi/9.3.1/../../../../arm-none-eabi/lib/thumb/v7e-m+fp/hard\libstdc++_nano.a(functexcept.o)
                0x0000000008004ff6                std::__throw_out_of_range_fmt(char const*, ...)
 *fill*         0x000000000800502e        0x2 
 .text._ZN9__gnu_cxx26__throw_insufficient_spaceEPKcS1_
                0x0000000008005030       0x4c c:/st/stm32cubeide_1.6.0/stm32cubeide/plugins/com.st.stm32cube.ide.mcu.externaltools.gnu-tools-for-stm32.9-2020-q2-update.win32_1.5.0.202011040924/tools/bin/../lib/gcc/arm-none-eabi/9.3.1/../../../../arm-none-eabi/lib/thumb/v7e-m+fp/hard\libstdc++_nano.a(snprintf_lite.o)
                0x0000000008005030                __gnu_cxx::__throw_insufficient_space(char const*, char const*)
 .text._ZN9__gnu_cxx15__concat_size_tEPcjj
                0x000000000800507c       0x58 c:/st/stm32cubeide_1.6.0/stm32cubeide/plugins/com.st.stm32cube.ide.mcu.externaltools.gnu-tools-for-stm32.9-2020-q2-update.win32_1.5.0.202011040924/tools/bin/../lib/gcc/arm-none-eabi/9.3.1/../../../../arm-none-eabi/lib/thumb/v7e-m+fp/hard\libstdc++_nano.a(snprintf_lite.o)
                0x000000000800507c                __gnu_cxx::__concat_size_t(char*, unsigned int, unsigned int)
 .text._ZN9__gnu_cxx15__snprintf_liteEPcjPKcSt9__va_list
                0x00000000080050d4       0x82 c:/st/stm32cubeide_1.6.0/stm32cubeide/plugins/com.st.stm32cube.ide.mcu.externaltools.gnu-tools-for-stm32.9-2020-q2-update.win32_1.5.0.202011040924/tools/bin/../lib/gcc/arm-none-eabi/9.3.1/../../../../arm-none-eabi/lib/thumb/v7e-m+fp/hard\libstdc++_nano.a(snprintf_lite.o)
                0x00000000080050d4                __gnu_cxx::__snprintf_lite(char*, unsigned int, char const*, std::__va_list)
 *fill*         0x0000000008005156        0x2 
 .text._ZSt15get_new_handlerv
                0x0000000008005158       0x10 c:/st/stm32cubeide_1.6.0/stm32cubeide/plugins/com.st.stm32cube.ide.mcu.externaltools.gnu-tools-for-stm32.9-2020-q2-update.win32_1.5.0.202011040924/tools/bin/../lib/gcc/arm-none-eabi/9.3.1/../../../../arm-none-eabi/lib/thumb/v7e-m+fp/hard\libstdc++_nano.a(new_handler.o)
                0x0000000008005158                std::get_new_handler()
 .text.abort    0x0000000008005168        0xe c:/st/stm32cubeide_1.6.0/stm32cubeide/plugins/com.st.stm32cube.ide.mcu.externaltools.gnu-tools-for-stm32.9-2020-q2-update.win32_1.5.0.202011040924/tools/bin/../lib/gcc/arm-none-eabi/9.3.1/../../../../arm-none-eabi/lib/thumb/v7e-m+fp/hard\libc_nano.a(lib_a-abort.o)
                0x0000000008005168                abort
 *fill*         0x0000000008005176        0x2 
 .text.__errno  0x0000000008005178        0xc c:/st/stm32cubeide_1.6.0/stm32cubeide/plugins/com.st.stm32cube.ide.mcu.externaltools.gnu-tools-for-stm32.9-2020-q2-update.win32_1.5.0.202011040924/tools/bin/../lib/gcc/arm-none-eabi/9.3.1/../../../../arm-none-eabi/lib/thumb/v7e-m+fp/hard\libc_nano.a(lib_a-errno.o)
                0x0000000008005178                __errno
 .text.__sflush_r
                0x0000000008005184      0x10c c:/st/stm32cubeide_1.6.0/stm32cubeide/plugins/com.st.stm32cube.ide.mcu.externaltools.gnu-tools-for-stm32.9-2020-q2-update.win32_1.5.0.202011040924/tools/bin/../lib/gcc/arm-none-eabi/9.3.1/../../../../arm-none-eabi/lib/thumb/v7e-m+fp/hard\libc_nano.a(lib_a-fflush.o)
                0x0000000008005184                __sflush_r
 .text._fflush_r
                0x0000000008005290       0x78 c:/st/stm32cubeide_1.6.0/stm32cubeide/plugins/com.st.stm32cube.ide.mcu.externaltools.gnu-tools-for-stm32.9-2020-q2-update.win32_1.5.0.202011040924/tools/bin/../lib/gcc/arm-none-eabi/9.3.1/../../../../arm-none-eabi/lib/thumb/v7e-m+fp/hard\libc_nano.a(lib_a-fflush.o)
                0x0000000008005290                _fflush_r
 .text.fflush   0x0000000008005308       0x24 c:/st/stm32cubeide_1.6.0/stm32cubeide/plugins/com.st.stm32cube.ide.mcu.externaltools.gnu-tools-for-stm32.9-2020-q2-update.win32_1.5.0.202011040924/tools/bin/../lib/gcc/arm-none-eabi/9.3.1/../../../../arm-none-eabi/lib/thumb/v7e-m+fp/hard\libc_nano.a(lib_a-fflush.o)
                0x0000000008005308                fflush
 .text.std      0x000000000800532c       0x48 c:/st/stm32cubeide_1.6.0/stm32cubeide/plugins/com.st.stm32cube.ide.mcu.externaltools.gnu-tools-for-stm32.9-2020-q2-update.win32_1.5.0.202011040924/tools/bin/../lib/gcc/arm-none-eabi/9.3.1/../../../../arm-none-eabi/lib/thumb/v7e-m+fp/hard\libc_nano.a(lib_a-findfp.o)
 .text._cleanup_r
                0x0000000008005374        0xc c:/st/stm32cubeide_1.6.0/stm32cubeide/plugins/com.st.stm32cube.ide.mcu.externaltools.gnu-tools-for-stm32.9-2020-q2-update.win32_1.5.0.202011040924/tools/bin/../lib/gcc/arm-none-eabi/9.3.1/../../../../arm-none-eabi/lib/thumb/v7e-m+fp/hard\libc_nano.a(lib_a-findfp.o)
                0x0000000008005374                _cleanup_r
 .text.__sfmoreglue
                0x0000000008005380       0x2c c:/st/stm32cubeide_1.6.0/stm32cubeide/plugins/com.st.stm32cube.ide.mcu.externaltools.gnu-tools-for-stm32.9-2020-q2-update.win32_1.5.0.202011040924/tools/bin/../lib/gcc/arm-none-eabi/9.3.1/../../../../arm-none-eabi/lib/thumb/v7e-m+fp/hard\libc_nano.a(lib_a-findfp.o)
                0x0000000008005380                __sfmoreglue
 .text.__sfp_lock_acquire
                0x00000000080053ac        0xc c:/st/stm32cubeide_1.6.0/stm32cubeide/plugins/com.st.stm32cube.ide.mcu.externaltools.gnu-tools-for-stm32.9-2020-q2-update.win32_1.5.0.202011040924/tools/bin/../lib/gcc/arm-none-eabi/9.3.1/../../../../arm-none-eabi/lib/thumb/v7e-m+fp/hard\libc_nano.a(lib_a-findfp.o)
                0x00000000080053ac                __sfp_lock_acquire
 .text.__sfp_lock_release
                0x00000000080053b8        0xc c:/st/stm32cubeide_1.6.0/stm32cubeide/plugins/com.st.stm32cube.ide.mcu.externaltools.gnu-tools-for-stm32.9-2020-q2-update.win32_1.5.0.202011040924/tools/bin/../lib/gcc/arm-none-eabi/9.3.1/../../../../arm-none-eabi/lib/thumb/v7e-m+fp/hard\libc_nano.a(lib_a-findfp.o)
                0x00000000080053b8                __sfp_lock_release
 .text.__sinit_lock_acquire
                0x00000000080053c4        0xc c:/st/stm32cubeide_1.6.0/stm32cubeide/plugins/com.st.stm32cube.ide.mcu.externaltools.gnu-tools-for-stm32.9-2020-q2-update.win32_1.5.0.202011040924/tools/bin/../lib/gcc/arm-none-eabi/9.3.1/../../../../arm-none-eabi/lib/thumb/v7e-m+fp/hard\libc_nano.a(lib_a-findfp.o)
                0x00000000080053c4                __sinit_lock_acquire
 .text.__sinit_lock_release
                0x00000000080053d0        0xc c:/st/stm32cubeide_1.6.0/stm32cubeide/plugins/com.st.stm32cube.ide.mcu.externaltools.gnu-tools-for-stm32.9-2020-q2-update.win32_1.5.0.202011040924/tools/bin/../lib/gcc/arm-none-eabi/9.3.1/../../../../arm-none-eabi/lib/thumb/v7e-m+fp/hard\libc_nano.a(lib_a-findfp.o)
                0x00000000080053d0                __sinit_lock_release
 .text.__sinit  0x00000000080053dc       0x70 c:/st/stm32cubeide_1.6.0/stm32cubeide/plugins/com.st.stm32cube.ide.mcu.externaltools.gnu-tools-for-stm32.9-2020-q2-update.win32_1.5.0.202011040924/tools/bin/../lib/gcc/arm-none-eabi/9.3.1/../../../../arm-none-eabi/lib/thumb/v7e-m+fp/hard\libc_nano.a(lib_a-findfp.o)
                0x00000000080053dc                __sinit
 .text.__sfp    0x000000000800544c       0x8c c:/st/stm32cubeide_1.6.0/stm32cubeide/plugins/com.st.stm32cube.ide.mcu.externaltools.gnu-tools-for-stm32.9-2020-q2-update.win32_1.5.0.202011040924/tools/bin/../lib/gcc/arm-none-eabi/9.3.1/../../../../arm-none-eabi/lib/thumb/v7e-m+fp/hard\libc_nano.a(lib_a-findfp.o)
                0x000000000800544c                __sfp
 .text._fwalk_reent
                0x00000000080054d8       0x3e c:/st/stm32cubeide_1.6.0/stm32cubeide/plugins/com.st.stm32cube.ide.mcu.externaltools.gnu-tools-for-stm32.9-2020-q2-update.win32_1.5.0.202011040924/tools/bin/../lib/gcc/arm-none-eabi/9.3.1/../../../../arm-none-eabi/lib/thumb/v7e-m+fp/hard\libc_nano.a(lib_a-fwalk.o)
                0x00000000080054d8                _fwalk_reent
 *fill*         0x0000000008005516        0x2 
 .text.__libc_init_array
                0x0000000008005518       0x48 c:/st/stm32cubeide_1.6.0/stm32cubeide/plugins/com.st.stm32cube.ide.mcu.externaltools.gnu-tools-for-stm32.9-2020-q2-update.win32_1.5.0.202011040924/tools/bin/../lib/gcc/arm-none-eabi/9.3.1/../../../../arm-none-eabi/lib/thumb/v7e-m+fp/hard\libc_nano.a(lib_a-init.o)
                0x0000000008005518                __libc_init_array
 .text.__retarget_lock_init_recursive
                0x0000000008005560        0x2 c:/st/stm32cubeide_1.6.0/stm32cubeide/plugins/com.st.stm32cube.ide.mcu.externaltools.gnu-tools-for-stm32.9-2020-q2-update.win32_1.5.0.202011040924/tools/bin/../lib/gcc/arm-none-eabi/9.3.1/../../../../arm-none-eabi/lib/thumb/v7e-m+fp/hard\libc_nano.a(lib_a-lock.o)
                0x0000000008005560                __retarget_lock_init_recursive
 .text.__retarget_lock_acquire_recursive
                0x0000000008005562        0x2 c:/st/stm32cubeide_1.6.0/stm32cubeide/plugins/com.st.stm32cube.ide.mcu.externaltools.gnu-tools-for-stm32.9-2020-q2-update.win32_1.5.0.202011040924/tools/bin/../lib/gcc/arm-none-eabi/9.3.1/../../../../arm-none-eabi/lib/thumb/v7e-m+fp/hard\libc_nano.a(lib_a-lock.o)
                0x0000000008005562                __retarget_lock_acquire_recursive
 .text.__retarget_lock_release_recursive
                0x0000000008005564        0x2 c:/st/stm32cubeide_1.6.0/stm32cubeide/plugins/com.st.stm32cube.ide.mcu.externaltools.gnu-tools-for-stm32.9-2020-q2-update.win32_1.5.0.202011040924/tools/bin/../lib/gcc/arm-none-eabi/9.3.1/../../../../arm-none-eabi/lib/thumb/v7e-m+fp/hard\libc_nano.a(lib_a-lock.o)
                0x0000000008005564                __retarget_lock_release_recursive
 *fill*         0x0000000008005566        0x2 
 .text.malloc   0x0000000008005568       0x10 c:/st/stm32cubeide_1.6.0/stm32cubeide/plugins/com.st.stm32cube.ide.mcu.externaltools.gnu-tools-for-stm32.9-2020-q2-update.win32_1.5.0.202011040924/tools/bin/../lib/gcc/arm-none-eabi/9.3.1/../../../../arm-none-eabi/lib/thumb/v7e-m+fp/hard\libc_nano.a(lib_a-malloc.o)
                0x0000000008005568                malloc
 .text.free     0x0000000008005578       0x10 c:/st/stm32cubeide_1.6.0/stm32cubeide/plugins/com.st.stm32cube.ide.mcu.externaltools.gnu-tools-for-stm32.9-2020-q2-update.win32_1.5.0.202011040924/tools/bin/../lib/gcc/arm-none-eabi/9.3.1/../../../../arm-none-eabi/lib/thumb/v7e-m+fp/hard\libc_nano.a(lib_a-malloc.o)
                0x0000000008005578                free
 .text.memcpy   0x0000000008005588       0x1c c:/st/stm32cubeide_1.6.0/stm32cubeide/plugins/com.st.stm32cube.ide.mcu.externaltools.gnu-tools-for-stm32.9-2020-q2-update.win32_1.5.0.202011040924/tools/bin/../lib/gcc/arm-none-eabi/9.3.1/../../../../arm-none-eabi/lib/thumb/v7e-m+fp/hard\libc_nano.a(lib_a-memcpy-stub.o)
                0x0000000008005588                memcpy
 .text.memmove  0x00000000080055a4       0x34 c:/st/stm32cubeide_1.6.0/stm32cubeide/plugins/com.st.stm32cube.ide.mcu.externaltools.gnu-tools-for-stm32.9-2020-q2-update.win32_1.5.0.202011040924/tools/bin/../lib/gcc/arm-none-eabi/9.3.1/../../../../arm-none-eabi/lib/thumb/v7e-m+fp/hard\libc_nano.a(lib_a-memmove.o)
                0x00000000080055a4                memmove
 .text.memset   0x00000000080055d8       0x10 c:/st/stm32cubeide_1.6.0/stm32cubeide/plugins/com.st.stm32cube.ide.mcu.externaltools.gnu-tools-for-stm32.9-2020-q2-update.win32_1.5.0.202011040924/tools/bin/../lib/gcc/arm-none-eabi/9.3.1/../../../../arm-none-eabi/lib/thumb/v7e-m+fp/hard\libc_nano.a(lib_a-memset.o)
                0x00000000080055d8                memset
 .text._free_r  0x00000000080055e8       0xa0 c:/st/stm32cubeide_1.6.0/stm32cubeide/plugins/com.st.stm32cube.ide.mcu.externaltools.gnu-tools-for-stm32.9-2020-q2-update.win32_1.5.0.202011040924/tools/bin/../lib/gcc/arm-none-eabi/9.3.1/../../../../arm-none-eabi/lib/thumb/v7e-m+fp/hard\libc_nano.a(lib_a-nano-freer.o)
                0x00000000080055e8                _free_r
 .text._malloc_r
                0x0000000008005688       0xb4 c:/st/stm32cubeide_1.6.0/stm32cubeide/plugins/com.st.stm32cube.ide.mcu.externaltools.gnu-tools-for-stm32.9-2020-q2-update.win32_1.5.0.202011040924/tools/bin/../lib/gcc/arm-none-eabi/9.3.1/../../../../arm-none-eabi/lib/thumb/v7e-m+fp/hard\libc_nano.a(lib_a-nano-mallocr.o)
                0x0000000008005688                _malloc_r
 .text.printf   0x000000000800573c       0x30 c:/st/stm32cubeide_1.6.0/stm32cubeide/plugins/com.st.stm32cube.ide.mcu.externaltools.gnu-tools-for-stm32.9-2020-q2-update.win32_1.5.0.202011040924/tools/bin/../lib/gcc/arm-none-eabi/9.3.1/../../../../arm-none-eabi/lib/thumb/v7e-m+fp/hard\libc_nano.a(lib_a-printf.o)
                0x000000000800573c                iprintf
                0x000000000800573c                printf
 .text._puts_r  0x000000000800576c       0xdc c:/st/stm32cubeide_1.6.0/stm32cubeide/plugins/com.st.stm32cube.ide.mcu.externaltools.gnu-tools-for-stm32.9-2020-q2-update.win32_1.5.0.202011040924/tools/bin/../lib/gcc/arm-none-eabi/9.3.1/../../../../arm-none-eabi/lib/thumb/v7e-m+fp/hard\libc_nano.a(lib_a-puts.o)
                0x000000000800576c                _puts_r
 .text.puts     0x0000000008005848       0x10 c:/st/stm32cubeide_1.6.0/stm32cubeide/plugins/com.st.stm32cube.ide.mcu.externaltools.gnu-tools-for-stm32.9-2020-q2-update.win32_1.5.0.202011040924/tools/bin/../lib/gcc/arm-none-eabi/9.3.1/../../../../arm-none-eabi/lib/thumb/v7e-m+fp/hard\libc_nano.a(lib_a-puts.o)
                0x0000000008005848                puts
 .text._sbrk_r  0x0000000008005858       0x20 c:/st/stm32cubeide_1.6.0/stm32cubeide/plugins/com.st.stm32cube.ide.mcu.externaltools.gnu-tools-for-stm32.9-2020-q2-update.win32_1.5.0.202011040924/tools/bin/../lib/gcc/arm-none-eabi/9.3.1/../../../../arm-none-eabi/lib/thumb/v7e-m+fp/hard\libc_nano.a(lib_a-sbrkr.o)
                0x0000000008005858                _sbrk_r
 .text._raise_r
                0x0000000008005878       0x50 c:/st/stm32cubeide_1.6.0/stm32cubeide/plugins/com.st.stm32cube.ide.mcu.externaltools.gnu-tools-for-stm32.9-2020-q2-update.win32_1.5.0.202011040924/tools/bin/../lib/gcc/arm-none-eabi/9.3.1/../../../../arm-none-eabi/lib/thumb/v7e-m+fp/hard\libc_nano.a(lib_a-signal.o)
                0x0000000008005878                _raise_r
 .text.raise    0x00000000080058c8       0x10 c:/st/stm32cubeide_1.6.0/stm32cubeide/plugins/com.st.stm32cube.ide.mcu.externaltools.gnu-tools-for-stm32.9-2020-q2-update.win32_1.5.0.202011040924/tools/bin/../lib/gcc/arm-none-eabi/9.3.1/../../../../arm-none-eabi/lib/thumb/v7e-m+fp/hard\libc_nano.a(lib_a-signal.o)
                0x00000000080058c8                raise
 .text._kill_r  0x00000000080058d8       0x24 c:/st/stm32cubeide_1.6.0/stm32cubeide/plugins/com.st.stm32cube.ide.mcu.externaltools.gnu-tools-for-stm32.9-2020-q2-update.win32_1.5.0.202011040924/tools/bin/../lib/gcc/arm-none-eabi/9.3.1/../../../../arm-none-eabi/lib/thumb/v7e-m+fp/hard\libc_nano.a(lib_a-signalr.o)
                0x00000000080058d8                _kill_r
 .text._getpid_r
                0x00000000080058fc        0x4 c:/st/stm32cubeide_1.6.0/stm32cubeide/plugins/com.st.stm32cube.ide.mcu.externaltools.gnu-tools-for-stm32.9-2020-q2-update.win32_1.5.0.202011040924/tools/bin/../lib/gcc/arm-none-eabi/9.3.1/../../../../arm-none-eabi/lib/thumb/v7e-m+fp/hard\libc_nano.a(lib_a-signalr.o)
                0x00000000080058fc                _getpid_r
 .text.__sread  0x0000000008005900       0x22 c:/st/stm32cubeide_1.6.0/stm32cubeide/plugins/com.st.stm32cube.ide.mcu.externaltools.gnu-tools-for-stm32.9-2020-q2-update.win32_1.5.0.202011040924/tools/bin/../lib/gcc/arm-none-eabi/9.3.1/../../../../arm-none-eabi/lib/thumb/v7e-m+fp/hard\libc_nano.a(lib_a-stdio.o)
                0x0000000008005900                __sread
 .text.__swrite
                0x0000000008005922       0x38 c:/st/stm32cubeide_1.6.0/stm32cubeide/plugins/com.st.stm32cube.ide.mcu.externaltools.gnu-tools-for-stm32.9-2020-q2-update.win32_1.5.0.202011040924/tools/bin/../lib/gcc/arm-none-eabi/9.3.1/../../../../arm-none-eabi/lib/thumb/v7e-m+fp/hard\libc_nano.a(lib_a-stdio.o)
                0x0000000008005922                __swrite
 .text.__sseek  0x000000000800595a       0x24 c:/st/stm32cubeide_1.6.0/stm32cubeide/plugins/com.st.stm32cube.ide.mcu.externaltools.gnu-tools-for-stm32.9-2020-q2-update.win32_1.5.0.202011040924/tools/bin/../lib/gcc/arm-none-eabi/9.3.1/../../../../arm-none-eabi/lib/thumb/v7e-m+fp/hard\libc_nano.a(lib_a-stdio.o)
                0x000000000800595a                __sseek
 .text.__sclose
                0x000000000800597e        0x8 c:/st/stm32cubeide_1.6.0/stm32cubeide/plugins/com.st.stm32cube.ide.mcu.externaltools.gnu-tools-for-stm32.9-2020-q2-update.win32_1.5.0.202011040924/tools/bin/../lib/gcc/arm-none-eabi/9.3.1/../../../../arm-none-eabi/lib/thumb/v7e-m+fp/hard\libc_nano.a(lib_a-stdio.o)
                0x000000000800597e                __sclose
 *fill*         0x0000000008005986        0x2 
 .text.__swbuf_r
                0x0000000008005988       0xa4 c:/st/stm32cubeide_1.6.0/stm32cubeide/plugins/com.st.stm32cube.ide.mcu.externaltools.gnu-tools-for-stm32.9-2020-q2-update.win32_1.5.0.202011040924/tools/bin/../lib/gcc/arm-none-eabi/9.3.1/../../../../arm-none-eabi/lib/thumb/v7e-m+fp/hard\libc_nano.a(lib_a-wbuf.o)
                0x0000000008005988                __swbuf_r
 .text._write_r
                0x0000000008005a2c       0x24 c:/st/stm32cubeide_1.6.0/stm32cubeide/plugins/com.st.stm32cube.ide.mcu.externaltools.gnu-tools-for-stm32.9-2020-q2-update.win32_1.5.0.202011040924/tools/bin/../lib/gcc/arm-none-eabi/9.3.1/../../../../arm-none-eabi/lib/thumb/v7e-m+fp/hard\libc_nano.a(lib_a-writer.o)
                0x0000000008005a2c                _write_r
 .text.__swsetup_r
                0x0000000008005a50       0xdc c:/st/stm32cubeide_1.6.0/stm32cubeide/plugins/com.st.stm32cube.ide.mcu.externaltools.gnu-tools-for-stm32.9-2020-q2-update.win32_1.5.0.202011040924/tools/bin/../lib/gcc/arm-none-eabi/9.3.1/../../../../arm-none-eabi/lib/thumb/v7e-m+fp/hard\libc_nano.a(lib_a-wsetup.o)
                0x0000000008005a50                __swsetup_r
 .text._close_r
                0x0000000008005b2c       0x20 c:/st/stm32cubeide_1.6.0/stm32cubeide/plugins/com.st.stm32cube.ide.mcu.externaltools.gnu-tools-for-stm32.9-2020-q2-update.win32_1.5.0.202011040924/tools/bin/../lib/gcc/arm-none-eabi/9.3.1/../../../../arm-none-eabi/lib/thumb/v7e-m+fp/hard\libc_nano.a(lib_a-closer.o)
                0x0000000008005b2c                _close_r
 .text._lseek_r
                0x0000000008005b4c       0x24 c:/st/stm32cubeide_1.6.0/stm32cubeide/plugins/com.st.stm32cube.ide.mcu.externaltools.gnu-tools-for-stm32.9-2020-q2-update.win32_1.5.0.202011040924/tools/bin/../lib/gcc/arm-none-eabi/9.3.1/../../../../arm-none-eabi/lib/thumb/v7e-m+fp/hard\libc_nano.a(lib_a-lseekr.o)
                0x0000000008005b4c                _lseek_r
 .text.__swhatbuf_r
                0x0000000008005b70       0x48 c:/st/stm32cubeide_1.6.0/stm32cubeide/plugins/com.st.stm32cube.ide.mcu.externaltools.gnu-tools-for-stm32.9-2020-q2-update.win32_1.5.0.202011040924/tools/bin/../lib/gcc/arm-none-eabi/9.3.1/../../../../arm-none-eabi/lib/thumb/v7e-m+fp/hard\libc_nano.a(lib_a-makebuf.o)
                0x0000000008005b70                __swhatbuf_r
 .text.__smakebuf_r
                0x0000000008005bb8       0x80 c:/st/stm32cubeide_1.6.0/stm32cubeide/plugins/com.st.stm32cube.ide.mcu.externaltools.gnu-tools-for-stm32.9-2020-q2-update.win32_1.5.0.202011040924/tools/bin/../lib/gcc/arm-none-eabi/9.3.1/../../../../arm-none-eabi/lib/thumb/v7e-m+fp/hard\libc_nano.a(lib_a-makebuf.o)
                0x0000000008005bb8                __smakebuf_r
 .text.__malloc_lock
                0x0000000008005c38        0xc c:/st/stm32cubeide_1.6.0/stm32cubeide/plugins/com.st.stm32cube.ide.mcu.externaltools.gnu-tools-for-stm32.9-2020-q2-update.win32_1.5.0.202011040924/tools/bin/../lib/gcc/arm-none-eabi/9.3.1/../../../../arm-none-eabi/lib/thumb/v7e-m+fp/hard\libc_nano.a(lib_a-mlock.o)
                0x0000000008005c38                __malloc_lock
 .text.__malloc_unlock
                0x0000000008005c44        0xc c:/st/stm32cubeide_1.6.0/stm32cubeide/plugins/com.st.stm32cube.ide.mcu.externaltools.gnu-tools-for-stm32.9-2020-q2-update.win32_1.5.0.202011040924/tools/bin/../lib/gcc/arm-none-eabi/9.3.1/../../../../arm-none-eabi/lib/thumb/v7e-m+fp/hard\libc_nano.a(lib_a-mlock.o)
                0x0000000008005c44                __malloc_unlock
 .text.__sfputc_r
                0x0000000008005c50       0x2e c:/st/stm32cubeide_1.6.0/stm32cubeide/plugins/com.st.stm32cube.ide.mcu.externaltools.gnu-tools-for-stm32.9-2020-q2-update.win32_1.5.0.202011040924/tools/bin/../lib/gcc/arm-none-eabi/9.3.1/../../../../arm-none-eabi/lib/thumb/v7e-m+fp/hard\libc_nano.a(lib_a-nano-vfprintf.o)
 .text.__sfputs_r
                0x0000000008005c7e       0x24 c:/st/stm32cubeide_1.6.0/stm32cubeide/plugins/com.st.stm32cube.ide.mcu.externaltools.gnu-tools-for-stm32.9-2020-q2-update.win32_1.5.0.202011040924/tools/bin/../lib/gcc/arm-none-eabi/9.3.1/../../../../arm-none-eabi/lib/thumb/v7e-m+fp/hard\libc_nano.a(lib_a-nano-vfprintf.o)
                0x0000000008005c7e                __sfputs_r
 *fill*         0x0000000008005ca2        0x2 
 .text._vfprintf_r
                0x0000000008005ca4      0x260 c:/st/stm32cubeide_1.6.0/stm32cubeide/plugins/com.st.stm32cube.ide.mcu.externaltools.gnu-tools-for-stm32.9-2020-q2-update.win32_1.5.0.202011040924/tools/bin/../lib/gcc/arm-none-eabi/9.3.1/../../../../arm-none-eabi/lib/thumb/v7e-m+fp/hard\libc_nano.a(lib_a-nano-vfprintf.o)
                0x0000000008005ca4                _vfprintf_r
                0x0000000008005ca4                _vfiprintf_r
 .text._printf_common
                0x0000000008005f04       0xda c:/st/stm32cubeide_1.6.0/stm32cubeide/plugins/com.st.stm32cube.ide.mcu.externaltools.gnu-tools-for-stm32.9-2020-q2-update.win32_1.5.0.202011040924/tools/bin/../lib/gcc/arm-none-eabi/9.3.1/../../../../arm-none-eabi/lib/thumb/v7e-m+fp/hard\libc_nano.a(lib_a-nano-vfprintf_i.o)
                0x0000000008005f04                _printf_common
 *fill*         0x0000000008005fde        0x2 
 .text._printf_i
                0x0000000008005fe0      0x24c c:/st/stm32cubeide_1.6.0/stm32cubeide/plugins/com.st.stm32cube.ide.mcu.externaltools.gnu-tools-for-stm32.9-2020-q2-update.win32_1.5.0.202011040924/tools/bin/../lib/gcc/arm-none-eabi/9.3.1/../../../../arm-none-eabi/lib/thumb/v7e-m+fp/hard\libc_nano.a(lib_a-nano-vfprintf_i.o)
                0x0000000008005fe0                _printf_i
 .text._read_r  0x000000000800622c       0x24 c:/st/stm32cubeide_1.6.0/stm32cubeide/plugins/com.st.stm32cube.ide.mcu.externaltools.gnu-tools-for-stm32.9-2020-q2-update.win32_1.5.0.202011040924/tools/bin/../lib/gcc/arm-none-eabi/9.3.1/../../../../arm-none-eabi/lib/thumb/v7e-m+fp/hard\libc_nano.a(lib_a-readr.o)
                0x000000000800622c                _read_r
 .text._fstat_r
                0x0000000008006250       0x24 c:/st/stm32cubeide_1.6.0/stm32cubeide/plugins/com.st.stm32cube.ide.mcu.externaltools.gnu-tools-for-stm32.9-2020-q2-update.win32_1.5.0.202011040924/tools/bin/../lib/gcc/arm-none-eabi/9.3.1/../../../../arm-none-eabi/lib/thumb/v7e-m+fp/hard\libc_nano.a(lib_a-fstatr.o)
                0x0000000008006250                _fstat_r
 .text._isatty_r
                0x0000000008006274       0x20 c:/st/stm32cubeide_1.6.0/stm32cubeide/plugins/com.st.stm32cube.ide.mcu.externaltools.gnu-tools-for-stm32.9-2020-q2-update.win32_1.5.0.202011040924/tools/bin/../lib/gcc/arm-none-eabi/9.3.1/../../../../arm-none-eabi/lib/thumb/v7e-m+fp/hard\libc_nano.a(lib_a-isattyr.o)
                0x0000000008006274                _isatty_r
 *(.glue_7)
 .glue_7        0x0000000008006294        0x0 linker stubs
 *(.glue_7t)
 .glue_7t       0x0000000008006294        0x0 linker stubs
 *(.eh_frame)
 .eh_frame      0x0000000008006294        0x0 c:/st/stm32cubeide_1.6.0/stm32cubeide/plugins/com.st.stm32cube.ide.mcu.externaltools.gnu-tools-for-stm32.9-2020-q2-update.win32_1.5.0.202011040924/tools/bin/../lib/gcc/arm-none-eabi/9.3.1/thumb/v7e-m+fp/hard/crtbegin.o
 *(.init)
 .init          0x0000000008006294        0x4 c:/st/stm32cubeide_1.6.0/stm32cubeide/plugins/com.st.stm32cube.ide.mcu.externaltools.gnu-tools-for-stm32.9-2020-q2-update.win32_1.5.0.202011040924/tools/bin/../lib/gcc/arm-none-eabi/9.3.1/thumb/v7e-m+fp/hard/crti.o
                0x0000000008006294                _init
 .init          0x0000000008006298        0x8 c:/st/stm32cubeide_1.6.0/stm32cubeide/plugins/com.st.stm32cube.ide.mcu.externaltools.gnu-tools-for-stm32.9-2020-q2-update.win32_1.5.0.202011040924/tools/bin/../lib/gcc/arm-none-eabi/9.3.1/thumb/v7e-m+fp/hard/crtn.o
 *(.fini)
 .fini          0x00000000080062a0        0x4 c:/st/stm32cubeide_1.6.0/stm32cubeide/plugins/com.st.stm32cube.ide.mcu.externaltools.gnu-tools-for-stm32.9-2020-q2-update.win32_1.5.0.202011040924/tools/bin/../lib/gcc/arm-none-eabi/9.3.1/thumb/v7e-m+fp/hard/crti.o
                0x00000000080062a0                _fini
 .fini          0x00000000080062a4        0x8 c:/st/stm32cubeide_1.6.0/stm32cubeide/plugins/com.st.stm32cube.ide.mcu.externaltools.gnu-tools-for-stm32.9-2020-q2-update.win32_1.5.0.202011040924/tools/bin/../lib/gcc/arm-none-eabi/9.3.1/thumb/v7e-m+fp/hard/crtn.o
                0x00000000080062ac                . = ALIGN (0x4)
                0x00000000080062ac                _etext = .

.vfp11_veneer   0x00000000080062ac        0x0
 .vfp11_veneer  0x00000000080062ac        0x0 linker stubs

.v4_bx          0x00000000080062ac        0x0
 .v4_bx         0x00000000080062ac        0x0 linker stubs

.iplt           0x00000000080062ac        0x0
 .iplt          0x00000000080062ac        0x0 c:/st/stm32cubeide_1.6.0/stm32cubeide/plugins/com.st.stm32cube.ide.mcu.externaltools.gnu-tools-for-stm32.9-2020-q2-update.win32_1.5.0.202011040924/tools/bin/../lib/gcc/arm-none-eabi/9.3.1/thumb/v7e-m+fp/hard/crtbegin.o

.rodata         0x00000000080062ac      0x57c
                0x00000000080062ac                . = ALIGN (0x4)
 *(.rodata)
 .rodata        0x00000000080062ac      0x34d Core/Src/main.o
 *fill*         0x00000000080065f9        0x3 
 .rodata        0x00000000080065fc       0xd6 Core/Src/menu.o
 *(.rodata*)
 *fill*         0x00000000080066d2        0x2 
 .rodata._ZTVN7CLIMenu4menuE
                0x00000000080066d4       0x10 Core/Src/menu.o
                0x00000000080066d4                vtable for CLIMenu::menu
 .rodata.AHBPrescTable
                0x00000000080066e4       0x10 Core/Src/system_stm32f3xx.o
                0x00000000080066e4                AHBPrescTable
 .rodata.APBPrescTable
                0x00000000080066f4        0x8 Core/Src/system_stm32f3xx.o
                0x00000000080066f4                APBPrescTable
 .rodata.aPLLMULFactorTable
                0x00000000080066fc       0x10 Drivers/STM32F3xx_HAL_Driver/Src/stm32f3xx_hal_rcc.o
                0x00000000080066fc                aPLLMULFactorTable
 .rodata.aPredivFactorTable
                0x000000000800670c       0x10 Drivers/STM32F3xx_HAL_Driver/Src/stm32f3xx_hal_rcc.o
                0x000000000800670c                aPredivFactorTable
 .rodata._ZN9__gnu_cxx26__throw_insufficient_spaceEPKcS1_.str1.1
                0x000000000800671c       0x69 c:/st/stm32cubeide_1.6.0/stm32cubeide/plugins/com.st.stm32cube.ide.mcu.externaltools.gnu-tools-for-stm32.9-2020-q2-update.win32_1.5.0.202011040924/tools/bin/../lib/gcc/arm-none-eabi/9.3.1/../../../../arm-none-eabi/lib/thumb/v7e-m+fp/hard\libstdc++_nano.a(snprintf_lite.o)
 .rodata._ZN9__gnu_cxx15__concat_size_tEPcjj.str1.1
                0x0000000008006785        0xb c:/st/stm32cubeide_1.6.0/stm32cubeide/plugins/com.st.stm32cube.ide.mcu.externaltools.gnu-tools-for-stm32.9-2020-q2-update.win32_1.5.0.202011040924/tools/bin/../lib/gcc/arm-none-eabi/9.3.1/../../../../arm-none-eabi/lib/thumb/v7e-m+fp/hard\libstdc++_nano.a(snprintf_lite.o)
 .rodata.__sf_fake_stderr
                0x0000000008006790       0x20 c:/st/stm32cubeide_1.6.0/stm32cubeide/plugins/com.st.stm32cube.ide.mcu.externaltools.gnu-tools-for-stm32.9-2020-q2-update.win32_1.5.0.202011040924/tools/bin/../lib/gcc/arm-none-eabi/9.3.1/../../../../arm-none-eabi/lib/thumb/v7e-m+fp/hard\libc_nano.a(lib_a-findfp.o)
                0x0000000008006790                __sf_fake_stderr
 .rodata.__sf_fake_stdin
                0x00000000080067b0       0x20 c:/st/stm32cubeide_1.6.0/stm32cubeide/plugins/com.st.stm32cube.ide.mcu.externaltools.gnu-tools-for-stm32.9-2020-q2-update.win32_1.5.0.202011040924/tools/bin/../lib/gcc/arm-none-eabi/9.3.1/../../../../arm-none-eabi/lib/thumb/v7e-m+fp/hard\libc_nano.a(lib_a-findfp.o)
                0x00000000080067b0                __sf_fake_stdin
 .rodata.__sf_fake_stdout
                0x00000000080067d0       0x20 c:/st/stm32cubeide_1.6.0/stm32cubeide/plugins/com.st.stm32cube.ide.mcu.externaltools.gnu-tools-for-stm32.9-2020-q2-update.win32_1.5.0.202011040924/tools/bin/../lib/gcc/arm-none-eabi/9.3.1/../../../../arm-none-eabi/lib/thumb/v7e-m+fp/hard\libc_nano.a(lib_a-findfp.o)
                0x00000000080067d0                __sf_fake_stdout
 .rodata._global_impure_ptr
                0x00000000080067f0        0x4 c:/st/stm32cubeide_1.6.0/stm32cubeide/plugins/com.st.stm32cube.ide.mcu.externaltools.gnu-tools-for-stm32.9-2020-q2-update.win32_1.5.0.202011040924/tools/bin/../lib/gcc/arm-none-eabi/9.3.1/../../../../arm-none-eabi/lib/thumb/v7e-m+fp/hard\libc_nano.a(lib_a-impure.o)
                0x00000000080067f0                _global_impure_ptr
 .rodata._vfprintf_r.str1.1
                0x00000000080067f4       0x11 c:/st/stm32cubeide_1.6.0/stm32cubeide/plugins/com.st.stm32cube.ide.mcu.externaltools.gnu-tools-for-stm32.9-2020-q2-update.win32_1.5.0.202011040924/tools/bin/../lib/gcc/arm-none-eabi/9.3.1/../../../../arm-none-eabi/lib/thumb/v7e-m+fp/hard\libc_nano.a(lib_a-nano-vfprintf.o)
 .rodata._printf_i.str1.1
                0x0000000008006805       0x22 c:/st/stm32cubeide_1.6.0/stm32cubeide/plugins/com.st.stm32cube.ide.mcu.externaltools.gnu-tools-for-stm32.9-2020-q2-update.win32_1.5.0.202011040924/tools/bin/../lib/gcc/arm-none-eabi/9.3.1/../../../../arm-none-eabi/lib/thumb/v7e-m+fp/hard\libc_nano.a(lib_a-nano-vfprintf_i.o)
                0x0000000008006828                . = ALIGN (0x4)
 *fill*         0x0000000008006827        0x1 

.rel.dyn        0x0000000008006828        0x0
 .rel.iplt      0x0000000008006828        0x0 c:/st/stm32cubeide_1.6.0/stm32cubeide/plugins/com.st.stm32cube.ide.mcu.externaltools.gnu-tools-for-stm32.9-2020-q2-update.win32_1.5.0.202011040924/tools/bin/../lib/gcc/arm-none-eabi/9.3.1/thumb/v7e-m+fp/hard/crtbegin.o

.ARM.extab      0x0000000008006828        0x0
                0x0000000008006828                . = ALIGN (0x4)
 *(.ARM.extab* .gnu.linkonce.armextab.*)
                0x0000000008006828                . = ALIGN (0x4)

.ARM            0x0000000008006828        0x0
                0x0000000008006828                . = ALIGN (0x4)
                0x0000000008006828                __exidx_start = .
 *(.ARM.exidx*)
                0x0000000008006828                __exidx_end = .
                0x0000000008006828                . = ALIGN (0x4)

.preinit_array  0x0000000008006828        0x0
                0x0000000008006828                . = ALIGN (0x4)
                0x0000000008006828                PROVIDE (__preinit_array_start = .)
 *(.preinit_array*)
                0x0000000008006828                PROVIDE (__preinit_array_end = .)
                0x0000000008006828                . = ALIGN (0x4)

.init_array     0x0000000008006828        0x8
                0x0000000008006828                . = ALIGN (0x4)
                0x0000000008006828                PROVIDE (__init_array_start = .)
 *(SORT_BY_NAME(.init_array.*))
 *(.init_array*)
 .init_array    0x0000000008006828        0x4 c:/st/stm32cubeide_1.6.0/stm32cubeide/plugins/com.st.stm32cube.ide.mcu.externaltools.gnu-tools-for-stm32.9-2020-q2-update.win32_1.5.0.202011040924/tools/bin/../lib/gcc/arm-none-eabi/9.3.1/thumb/v7e-m+fp/hard/crtbegin.o
 .init_array    0x000000000800682c        0x4 Core/Src/main.o
                0x0000000008006830                PROVIDE (__init_array_end = .)
                0x0000000008006830                . = ALIGN (0x4)

.fini_array     0x0000000008006830        0x8
                0x0000000008006830                . = ALIGN (0x4)
                [!provide]                        PROVIDE (__fini_array_start = .)
 *(SORT_BY_NAME(.fini_array.*))
 *(.fini_array*)
 .fini_array    0x0000000008006830        0x4 c:/st/stm32cubeide_1.6.0/stm32cubeide/plugins/com.st.stm32cube.ide.mcu.externaltools.gnu-tools-for-stm32.9-2020-q2-update.win32_1.5.0.202011040924/tools/bin/../lib/gcc/arm-none-eabi/9.3.1/thumb/v7e-m+fp/hard/crtbegin.o
 .fini_array    0x0000000008006834        0x4 Core/Src/main.o
                [!provide]                        PROVIDE (__fini_array_end = .)
                0x0000000008006838                . = ALIGN (0x4)
                0x0000000008006838                _sidata = LOADADDR (.data)

.data           0x0000000020000000       0x70 load address 0x0000000008006838
                0x0000000020000000                . = ALIGN (0x4)
                0x0000000020000000                _sdata = .
 *(.data)
 *(.data*)
 .data.SystemCoreClock
                0x0000000020000000        0x4 Core/Src/system_stm32f3xx.o
                0x0000000020000000                SystemCoreClock
 .data.uwTickPrio
                0x0000000020000004        0x4 Drivers/STM32F3xx_HAL_Driver/Src/stm32f3xx_hal.o
                0x0000000020000004                uwTickPrio
 .data.uwTickFreq
                0x0000000020000008        0x1 Drivers/STM32F3xx_HAL_Driver/Src/stm32f3xx_hal.o
                0x0000000020000008                uwTickFreq
 *fill*         0x0000000020000009        0x3 
 .data._impure_ptr
                0x000000002000000c        0x4 c:/st/stm32cubeide_1.6.0/stm32cubeide/plugins/com.st.stm32cube.ide.mcu.externaltools.gnu-tools-for-stm32.9-2020-q2-update.win32_1.5.0.202011040924/tools/bin/../lib/gcc/arm-none-eabi/9.3.1/../../../../arm-none-eabi/lib/thumb/v7e-m+fp/hard\libc_nano.a(lib_a-impure.o)
                0x000000002000000c                _impure_ptr
 .data.impure_data
                0x0000000020000010       0x60 c:/st/stm32cubeide_1.6.0/stm32cubeide/plugins/com.st.stm32cube.ide.mcu.externaltools.gnu-tools-for-stm32.9-2020-q2-update.win32_1.5.0.202011040924/tools/bin/../lib/gcc/arm-none-eabi/9.3.1/../../../../arm-none-eabi/lib/thumb/v7e-m+fp/hard\libc_nano.a(lib_a-impure.o)
 *(.RamFunc)
 *(.RamFunc*)
                0x0000000020000070                . = ALIGN (0x4)
                0x0000000020000070                _edata = .

.igot.plt       0x0000000020000070        0x0 load address 0x00000000080068a8
 .igot.plt      0x0000000020000070        0x0 c:/st/stm32cubeide_1.6.0/stm32cubeide/plugins/com.st.stm32cube.ide.mcu.externaltools.gnu-tools-for-stm32.9-2020-q2-update.win32_1.5.0.202011040924/tools/bin/../lib/gcc/arm-none-eabi/9.3.1/thumb/v7e-m+fp/hard/crtbegin.o
                0x0000000020000070                . = ALIGN (0x4)

.bss            0x0000000020000070      0x1f0 load address 0x00000000080068a8
                0x0000000020000070                _sbss = .
                0x0000000020000070                __bss_start__ = _sbss
 *(.bss)
 .bss           0x0000000020000070       0x1c c:/st/stm32cubeide_1.6.0/stm32cubeide/plugins/com.st.stm32cube.ide.mcu.externaltools.gnu-tools-for-stm32.9-2020-q2-update.win32_1.5.0.202011040924/tools/bin/../lib/gcc/arm-none-eabi/9.3.1/thumb/v7e-m+fp/hard/crtbegin.o
 *(.bss*)
 .bss.hrtc      0x000000002000008c       0x20 Core/Src/main.o
                0x000000002000008c                hrtc
 .bss.huart2    0x00000000200000ac       0x84 Core/Src/main.o
                0x00000000200000ac                huart2
 .bss.heapBlock
                0x0000000020000130       0x10 Core/Src/main.o
                0x0000000020000130                heapBlock
 .bss.mainMenu  0x0000000020000140       0x14 Core/Src/main.o
                0x0000000020000140                mainMenu
 .bss.wakeupMenu
                0x0000000020000154       0x14 Core/Src/main.o
                0x0000000020000154                wakeupMenu
 .bss.backupMenu
                0x0000000020000168       0x14 Core/Src/main.o
                0x0000000020000168                backupMenu
 .bss.mainMenuItems
                0x000000002000017c       0x30 Core/Src/main.o
                0x000000002000017c                mainMenuItems
 .bss.wkupMenuItems
                0x00000000200001ac       0x30 Core/Src/main.o
                0x00000000200001ac                wkupMenuItems
 .bss.bkupMenuItems
                0x00000000200001dc       0x60 Core/Src/main.o
                0x00000000200001dc                bkupMenuItems
 .bss.__sbrk_heap_end
                0x000000002000023c        0x4 Core/Src/sysmem.o
 .bss._ZN12_GLOBAL__N_113__new_handlerE
                0x0000000020000240        0x4 c:/st/stm32cubeide_1.6.0/stm32cubeide/plugins/com.st.stm32cube.ide.mcu.externaltools.gnu-tools-for-stm32.9-2020-q2-update.win32_1.5.0.202011040924/tools/bin/../lib/gcc/arm-none-eabi/9.3.1/../../../../arm-none-eabi/lib/thumb/v7e-m+fp/hard\libstdc++_nano.a(new_handler.o)
 .bss.__malloc_free_list
                0x0000000020000244        0x4 c:/st/stm32cubeide_1.6.0/stm32cubeide/plugins/com.st.stm32cube.ide.mcu.externaltools.gnu-tools-for-stm32.9-2020-q2-update.win32_1.5.0.202011040924/tools/bin/../lib/gcc/arm-none-eabi/9.3.1/../../../../arm-none-eabi/lib/thumb/v7e-m+fp/hard\libc_nano.a(lib_a-nano-mallocr.o)
                0x0000000020000244                __malloc_free_list
 .bss.__malloc_sbrk_start